Archive member included to satisfy reference by file (symbol)

/usr/lib/gcc/arm-none-eabi/15.2.0/../../../../arm-none-eabi/lib/thumb/v7e-m+fp/hard/libc_nano.a(libc_a-atexit.o)
                              /usr/lib/gcc/arm-none-eabi/15.2.0/../../../../arm-none-eabi/lib/thumb/v7e-m+fp/hard/crt0.o (atexit)
/usr/lib/gcc/arm-none-eabi/15.2.0/../../../../arm-none-eabi/lib/thumb/v7e-m+fp/hard/libc_nano.a(libc_a-exit.o)
                              /usr/lib/gcc/arm-none-eabi/15.2.0/../../../../arm-none-eabi/lib/thumb/v7e-m+fp/hard/crt0.o (exit)
/usr/lib/gcc/arm-none-eabi/15.2.0/../../../../arm-none-eabi/lib/thumb/v7e-m+fp/hard/libc_nano.a(libc_a-findfp.o)
                              /usr/lib/gcc/arm-none-eabi/15.2.0/../../../../arm-none-eabi/lib/thumb/v7e-m+fp/hard/libc_nano.a(libc_a-exit.o) (__stdio_exit_handler)
/usr/lib/gcc/arm-none-eabi/15.2.0/../../../../arm-none-eabi/lib/thumb/v7e-m+fp/hard/libc_nano.a(libc_a-fwalk.o)
                              /usr/lib/gcc/arm-none-eabi/15.2.0/../../../../arm-none-eabi/lib/thumb/v7e-m+fp/hard/libc_nano.a(libc_a-findfp.o) (_fwalk_sglue)
/usr/lib/gcc/arm-none-eabi/15.2.0/../../../../arm-none-eabi/lib/thumb/v7e-m+fp/hard/libc_nano.a(libc_a-printf.o)
                              build/rtc.o (printf)
/usr/lib/gcc/arm-none-eabi/15.2.0/../../../../arm-none-eabi/lib/thumb/v7e-m+fp/hard/libc_nano.a(libc_a-sprintf.o)
                              build/rtc.o (sprintf)
/usr/lib/gcc/arm-none-eabi/15.2.0/../../../../arm-none-eabi/lib/thumb/v7e-m+fp/hard/libc_nano.a(libc_a-stdio.o)
                              /usr/lib/gcc/arm-none-eabi/15.2.0/../../../../arm-none-eabi/lib/thumb/v7e-m+fp/hard/libc_nano.a(libc_a-findfp.o) (__sread)
/usr/lib/gcc/arm-none-eabi/15.2.0/../../../../arm-none-eabi/lib/thumb/v7e-m+fp/hard/libc_nano.a(libc_a-memset.o)
                              /usr/lib/gcc/arm-none-eabi/15.2.0/../../../../arm-none-eabi/lib/thumb/v7e-m+fp/hard/crt0.o (memset)
/usr/lib/gcc/arm-none-eabi/15.2.0/../../../../arm-none-eabi/lib/thumb/v7e-m+fp/hard/libc_nano.a(libc_a-closer.o)
                              /usr/lib/gcc/arm-none-eabi/15.2.0/../../../../arm-none-eabi/lib/thumb/v7e-m+fp/hard/libc_nano.a(libc_a-stdio.o) (_close_r)
/usr/lib/gcc/arm-none-eabi/15.2.0/../../../../arm-none-eabi/lib/thumb/v7e-m+fp/hard/libc_nano.a(libc_a-reent.o)
                              /usr/lib/gcc/arm-none-eabi/15.2.0/../../../../arm-none-eabi/lib/thumb/v7e-m+fp/hard/libc_nano.a(libc_a-closer.o) (errno)
/usr/lib/gcc/arm-none-eabi/15.2.0/../../../../arm-none-eabi/lib/thumb/v7e-m+fp/hard/libc_nano.a(libc_a-impure.o)
                              /usr/lib/gcc/arm-none-eabi/15.2.0/../../../../arm-none-eabi/lib/thumb/v7e-m+fp/hard/libc_nano.a(libc_a-printf.o) (_impure_ptr)
/usr/lib/gcc/arm-none-eabi/15.2.0/../../../../arm-none-eabi/lib/thumb/v7e-m+fp/hard/libc_nano.a(libc_a-lseekr.o)
                              /usr/lib/gcc/arm-none-eabi/15.2.0/../../../../arm-none-eabi/lib/thumb/v7e-m+fp/hard/libc_nano.a(libc_a-stdio.o) (_lseek_r)
/usr/lib/gcc/arm-none-eabi/15.2.0/../../../../arm-none-eabi/lib/thumb/v7e-m+fp/hard/libc_nano.a(libc_a-readr.o)
                              /usr/lib/gcc/arm-none-eabi/15.2.0/../../../../arm-none-eabi/lib/thumb/v7e-m+fp/hard/libc_nano.a(libc_a-stdio.o) (_read_r)
/usr/lib/gcc/arm-none-eabi/15.2.0/../../../../arm-none-eabi/lib/thumb/v7e-m+fp/hard/libc_nano.a(libc_a-writer.o)
                              /usr/lib/gcc/arm-none-eabi/15.2.0/../../../../arm-none-eabi/lib/thumb/v7e-m+fp/hard/libc_nano.a(libc_a-stdio.o) (_write_r)
/usr/lib/gcc/arm-none-eabi/15.2.0/../../../../arm-none-eabi/lib/thumb/v7e-m+fp/hard/libc_nano.a(libc_a-errno.o)
                              build/sysmem.o (__errno)
/usr/lib/gcc/arm-none-eabi/15.2.0/../../../../arm-none-eabi/lib/thumb/v7e-m+fp/hard/libc_nano.a(libc_a-init.o)
                              /usr/lib/gcc/arm-none-eabi/15.2.0/../../../../arm-none-eabi/lib/thumb/v7e-m+fp/hard/crt0.o (__libc_init_array)
/usr/lib/gcc/arm-none-eabi/15.2.0/../../../../arm-none-eabi/lib/thumb/v7e-m+fp/hard/libc_nano.a(libc_a-fini.o)
                              /usr/lib/gcc/arm-none-eabi/15.2.0/../../../../arm-none-eabi/lib/thumb/v7e-m+fp/hard/crt0.o (__libc_fini_array)
/usr/lib/gcc/arm-none-eabi/15.2.0/../../../../arm-none-eabi/lib/thumb/v7e-m+fp/hard/libc_nano.a(libc_a-lock.o)
                              /usr/lib/gcc/arm-none-eabi/15.2.0/../../../../arm-none-eabi/lib/thumb/v7e-m+fp/hard/libc_nano.a(libc_a-findfp.o) (__retarget_lock_init_recursive)
/usr/lib/gcc/arm-none-eabi/15.2.0/../../../../arm-none-eabi/lib/thumb/v7e-m+fp/hard/libc_nano.a(libc_a-strcmp.o)
                              build/task_handler.o (strcmp)
/usr/lib/gcc/arm-none-eabi/15.2.0/../../../../arm-none-eabi/lib/thumb/v7e-m+fp/hard/libc_nano.a(libc_a-memcpy-stub.o)
                              build/queue.o (memcpy)
/usr/lib/gcc/arm-none-eabi/15.2.0/../../../../arm-none-eabi/lib/thumb/v7e-m+fp/hard/libc_nano.a(libc_a-strlen.o)
                              build/task_handler.o (strlen)
[...]
Memory Configuration

Name             Origin             Length             Attributes
RAM              0x20000000         0x00018000         xrw
RAM2             0x10000000         0x00008000         xrw
FLASH            0x08000000         0x00100000         xr
*default*        0x00000000         0xffffffff

Linker script and memory map

LOAD /usr/lib/gcc/arm-none-eabi/15.2.0/thumb/v7e-m+fp/hard/crti.o
LOAD /usr/lib/gcc/arm-none-eabi/15.2.0/thumb/v7e-m+fp/hard/crtbegin.o
LOAD /usr/lib/gcc/arm-none-eabi/15.2.0/../../../../arm-none-eabi/lib/thumb/v7e-m+fp/hard/crt0.o
LOAD build/main.o
LOAD build/freertos.o
LOAD build/task_handler.o
LOAD build/rtc.o
LOAD build/led_effect.o
LOAD build/stm32l4xx_it.o
LOAD build/stm32l4xx_hal_msp.o
LOAD build/stm32l4xx_hal_timebase_tim.o
LOAD build/stm32l4xx_hal_tim.o
LOAD build/stm32l4xx_hal_tim_ex.o
LOAD build/stm32l4xx_hal.o
LOAD build/stm32l4xx_hal_rcc.o
LOAD build/stm32l4xx_hal_rcc_ex.o
LOAD build/stm32l4xx_hal_flash.o
LOAD build/stm32l4xx_hal_flash_ex.o
LOAD build/stm32l4xx_hal_flash_ramfunc.o
LOAD build/stm32l4xx_hal_gpio.o
LOAD build/stm32l4xx_hal_i2c.o
LOAD build/stm32l4xx_hal_i2c_ex.o
LOAD build/stm32l4xx_hal_dma.o
LOAD build/stm32l4xx_hal_dma_ex.o
LOAD build/stm32l4xx_hal_pwr.o
LOAD build/stm32l4xx_hal_pwr_ex.o
LOAD build/stm32l4xx_hal_cortex.o
LOAD build/stm32l4xx_hal_exti.o
LOAD build/system_stm32l4xx.o
LOAD build/croutine.o
LOAD build/event_groups.o
LOAD build/list.o
LOAD build/queue.o
LOAD build/stream_buffer.o
LOAD build/tasks.o
LOAD build/timers.o
LOAD build/cmsis_os2.o
LOAD build/heap_4.o
LOAD build/port.o
LOAD build/sysmem.o
LOAD build/syscalls.o
LOAD build/stm32l4xx_hal_rtc.o
LOAD build/stm32l4xx_hal_rtc_ex.o
LOAD build/stm32l4xx_hal_uart.o
LOAD build/stm32l4xx_hal_uart_ex.o
LOAD build/startup_stm32l476xx.o
LOAD /usr/lib/gcc/arm-none-eabi/15.2.0/../../../../arm-none-eabi/lib/thumb/v7e-m+fp/hard/libc_nano.a
LOAD /usr/lib/gcc/arm-none-eabi/15.2.0/../../../../arm-none-eabi/lib/thumb/v7e-m+fp/hard/libm.a
LOAD /usr/lib/gcc/arm-none-eabi/15.2.0/../../../../arm-none-eabi/lib/thumb/v7e-m+fp/hard/libnosys.a
START GROUP
LOAD /usr/lib/gcc/arm-none-eabi/15.2.0/thumb/v7e-m+fp/hard/libgcc.a
LOAD /usr/lib/gcc/arm-none-eabi/15.2.0/../../../../arm-none-eabi/lib/thumb/v7e-m+fp/hard/libc_nano.a
END GROUP
START GROUP
LOAD /usr/lib/gcc/arm-none-eabi/15.2.0/thumb/v7e-m+fp/hard/libgcc.a
LOAD /usr/lib/gcc/arm-none-eabi/15.2.0/../../../../arm-none-eabi/lib/thumb/v7e-m+fp/hard/libc_nano.a
END GROUP
LOAD /usr/lib/gcc/arm-none-eabi/15.2.0/thumb/v7e-m+fp/hard/crtend.o
LOAD /usr/lib/gcc/arm-none-eabi/15.2.0/thumb/v7e-m+fp/hard/crtn.o
                0x20018000                        _estack = (ORIGIN (RAM) + LENGTH (RAM))
                0x00000200                        _Min_Heap_Size = 0x200
                0x00000400                        _Min_Stack_Size = 0x400

.isr_vector     0x08000000      0x188
                0x08000000                        . = ALIGN (0x8)
 *(.isr_vector)
 .isr_vector    0x08000000      0x188 build/startup_stm32l476xx.o
                0x08000000                g_pfnVectors
                0x08000188                        . = ALIGN (0x8)

.text           0x08000190     0x7318
                0x08000190                        . = ALIGN (0x8)
 *(.text)
 .text          0x08000190       0x88 /usr/lib/gcc/arm-none-eabi/15.2.0/thumb/v7e-m+fp/hard/crtbegin.o
 .text          0x08000218       0x14 /usr/lib/gcc/arm-none-eabi/15.2.0/../../../../arm-none-eabi/lib/thumb/v7e-m+fp/hard/libc_nano.a(libc_a-strcmp.o)
                0x08000218                strcmp
 .text          0x0800022c       0x10 /usr/lib/gcc/arm-none-eabi/15.2.0/../../../../arm-none-eabi/lib/thumb/v7e-m+fp/hard/libc_nano.a(libc_a-strlen.o)
                0x0800022c                strlen
 *fill*         0x0800023c        0x4 
 .text          0x08000240       0xa0 /usr/lib/gcc/arm-none-eabi/15.2.0/../../../../arm-none-eabi/lib/thumb/v7e-m+fp/hard/libc_nano.a(libc_a-memchr.o)
                0x08000240                memchr
 .text          0x080002e0       0x30 /usr/lib/gcc/arm-none-eabi/15.2.0/thumb/v7e-m+fp/hard/libgcc.a(_aeabi_uldivmod.o)
                0x080002e0                __aeabi_uldivmod
 .text          0x08000310      0x320 /usr/lib/gcc/arm-none-eabi/15.2.0/thumb/v7e-m+fp/hard/libgcc.a(_udivmoddi4.o)
                0x08000310                __udivmoddi4
 .text          0x08000630        0x4 /usr/lib/gcc/arm-none-eabi/15.2.0/thumb/v7e-m+fp/hard/libgcc.a(_dvmd_tls.o)
                0x08000630                __aeabi_ldiv0
                0x08000630                __aeabi_idiv0
 *(.text*)
 .text.MX_GPIO_Init
                0x08000634       0x54 build/main.o
 .text.rtc_report_callback
                0x08000688        0x8 build/main.o
                0x08000688                rtc_report_callback
 .text.led_effect_callback
                0x08000690       0x30 build/main.o
                0x08000690                led_effect_callback
 .text.StartDefaultTask
                0x080006c0        0xa build/main.o
                0x080006c0                StartDefaultTask
 *fill*         0x080006ca        0x2 
 .text.HAL_UART_RxCpltCallback
                0x080006cc       0x7c build/main.o
                0x080006cc                HAL_UART_RxCpltCallback
 .text.HAL_TIM_PeriodElapsedCallback
                0x08000748       0x18 build/main.o
                0x08000748                HAL_TIM_PeriodElapsedCallback
 .text.Error_Handler
                0x08000760        0x4 build/main.o
                0x08000760                Error_Handler
 .text.MX_RTC_Init
                0x08000764       0x34 build/main.o
 .text.MX_USART2_UART_Init
                0x08000798       0x38 build/main.o
 .text.SystemClock_Config
                0x080007d0       0x78 build/main.o
                0x080007d0                SystemClock_Config
 .text.main     0x08000848      0x204 build/main.o
                0x08000848                main
 .text.vApplicationIdleHook
                0x08000a4c        0x2 build/freertos.o
                0x08000a4c                vApplicationIdleHook
 .text.vApplicationStackOverflowHook
                0x08000a4e        0x2 build/freertos.o
                0x08000a4e                vApplicationStackOverflowHook
 .text.vApplicationMallocFailedHook
                0x08000a50        0x2 build/freertos.o
                0x08000a50                vApplicationMallocFailedHook
 *fill*         0x08000a52        0x2 
 .text.menu_task
                0x08000a54       0xb4 build/task_handler.o
                0x08000a54                menu_task
 .text.led_task
                0x08000b08       0xf4 build/task_handler.o
                0x08000b08                led_task
 .text.getnumber
                0x08000bfc       0x1e build/task_handler.o
                0x08000bfc                getnumber
 *fill*         0x08000c1a        0x2 
 .text.rtc_task
                0x08000c1c      0x37c build/task_handler.o
                0x08000c1c                rtc_task
 .text.print_task
                0x08000f98       0x34 build/task_handler.o
                0x08000f98                print_task
 .text.extract_command
                0x08000fcc       0x50 build/task_handler.o
                0x08000fcc                extract_command
 .text.process_command
                0x0800101c       0x5c build/task_handler.o
                0x0800101c                process_command
 .text.cmd_handler_task
                0x08001078       0x1e build/task_handler.o
                0x08001078                cmd_handler_task
 *fill*         0x08001096        0x2 
 .text.show_time_date_itm
                0x08001098       0x78 build/rtc.o
                0x08001098                show_time_date_itm
 .text.show_time_date
                0x08001110       0xb8 build/rtc.o
                0x08001110                show_time_date
 .text.rtc_configure_time
                0x080011c8       0x18 build/rtc.o
                0x080011c8                rtc_configure_time
 .text.rtc_configure_date
                0x080011e0       0x14 build/rtc.o
                0x080011e0                rtc_configure_date
 .text.validate_rtc_information
                0x080011f4       0x52 build/rtc.o
                0x080011f4                validate_rtc_information
 *fill*         0x08001246        0x2 
 .text.led_effect_stop
                0x08001248       0x2c build/led_effect.o
                0x08001248                led_effect_stop
 .text.led_effect
                0x08001274       0x34 build/led_effect.o
                0x08001274                led_effect
 .text.turn_off_all_leds
                0x080012a8       0x3c build/led_effect.o
                0x080012a8                turn_off_all_leds
 .text.turn_on_all_leds
                0x080012e4       0x3c build/led_effect.o
                0x080012e4                turn_on_all_leds
 .text.turn_on_odd_leds
                0x08001320       0x3c build/led_effect.o
                0x08001320                turn_on_odd_leds
 .text.turn_on_even_leds
                0x0800135c       0x3c build/led_effect.o
                0x0800135c                turn_on_even_leds
 .text.LED_control
                0x08001398       0x28 build/led_effect.o
                0x08001398                LED_control
 .text.LED_effect1
                0x080013c0       0x20 build/led_effect.o
                0x080013c0                LED_effect1
 .text.LED_effect2
                0x080013e0       0x20 build/led_effect.o
                0x080013e0                LED_effect2
 .text.LED_effect3
                0x08001400       0x20 build/led_effect.o
                0x08001400                LED_effect3
 .text.LED_effect4
                0x08001420       0x20 build/led_effect.o
                0x08001420                LED_effect4
 .text.NMI_Handler
                0x08001440        0x2 build/stm32l4xx_it.o
                0x08001440                NMI_Handler
 .text.HardFault_Handler
                0x08001442        0x2 build/stm32l4xx_it.o
                0x08001442                HardFault_Handler
 .text.MemManage_Handler
                0x08001444        0x2 build/stm32l4xx_it.o
                0x08001444                MemManage_Handler
 .text.BusFault_Handler
                0x08001446        0x2 build/stm32l4xx_it.o
                0x08001446                BusFault_Handler
 .text.UsageFault_Handler
                0x08001448        0x2 build/stm32l4xx_it.o
                0x08001448                UsageFault_Handler
 .text.DebugMon_Handler
                0x0800144a        0x2 build/stm32l4xx_it.o
                0x0800144a                DebugMon_Handler
 .text.USART2_IRQHandler
                0x0800144c       0x10 build/stm32l4xx_it.o
                0x0800144c                USART2_IRQHandler
 .text.TIM6_DAC_IRQHandler
                0x0800145c       0x10 build/stm32l4xx_it.o
                0x0800145c                TIM6_DAC_IRQHandler
 .text.HAL_MspInit
                0x0800146c       0x40 build/stm32l4xx_hal_msp.o
                0x0800146c                HAL_MspInit
 .text.HAL_RTC_MspInit
                0x080014ac       0x50 build/stm32l4xx_hal_msp.o
                0x080014ac                HAL_RTC_MspInit
 .text.HAL_UART_MspInit
                0x080014fc       0x98 build/stm32l4xx_hal_msp.o
                0x080014fc                HAL_UART_MspInit
 .text.HAL_InitTick
                0x08001594       0xa4 build/stm32l4xx_hal_timebase_tim.o
                0x08001594                HAL_InitTick
 .text.HAL_TIM_Base_MspInit
                0x08001638        0x2 build/stm32l4xx_hal_tim.o
                0x08001638                HAL_TIM_Base_MspInit
 *fill*         0x0800163a        0x2 
 .text.HAL_TIM_Base_Start_IT
                0x0800163c       0x8c build/stm32l4xx_hal_tim.o
                0x0800163c                HAL_TIM_Base_Start_IT
 .text.HAL_TIM_OC_DelayElapsedCallback
                0x080016c8        0x2 build/stm32l4xx_hal_tim.o
                0x080016c8                HAL_TIM_OC_DelayElapsedCallback
 .text.HAL_TIM_IC_CaptureCallback
                0x080016ca        0x2 build/stm32l4xx_hal_tim.o
                0x080016ca                HAL_TIM_IC_CaptureCallback
 .text.HAL_TIM_PWM_PulseFinishedCallback
                0x080016cc        0x2 build/stm32l4xx_hal_tim.o
                0x080016cc                HAL_TIM_PWM_PulseFinishedCallback
 .text.HAL_TIM_TriggerCallback
                0x080016ce        0x2 build/stm32l4xx_hal_tim.o
                0x080016ce                HAL_TIM_TriggerCallback
 .text.HAL_TIM_IRQHandler
                0x080016d0      0x180 build/stm32l4xx_hal_tim.o
                0x080016d0                HAL_TIM_IRQHandler
 .text.TIM_Base_SetConfig
                0x08001850       0xd0 build/stm32l4xx_hal_tim.o
                0x08001850                TIM_Base_SetConfig
 .text.HAL_TIM_Base_Init
                0x08001920       0x60 build/stm32l4xx_hal_tim.o
                0x08001920                HAL_TIM_Base_Init
 .text.HAL_TIMEx_CommutCallback
                0x08001980        0x2 build/stm32l4xx_hal_tim_ex.o
                0x08001980                HAL_TIMEx_CommutCallback
 .text.HAL_TIMEx_BreakCallback
                0x08001982        0x2 build/stm32l4xx_hal_tim_ex.o
                0x08001982                HAL_TIMEx_BreakCallback
 .text.HAL_TIMEx_Break2Callback
                0x08001984        0x2 build/stm32l4xx_hal_tim_ex.o
                0x08001984                HAL_TIMEx_Break2Callback
 .text.HAL_Init
                0x08001986       0x20 build/stm32l4xx_hal.o
                0x08001986                HAL_Init
 *fill*         0x080019a6        0x2 
 .text.HAL_IncTick
                0x080019a8       0x18 build/stm32l4xx_hal.o
                0x080019a8                HAL_IncTick
 .text.HAL_GetTick
                0x080019c0        0xc build/stm32l4xx_hal.o
                0x080019c0                HAL_GetTick
 .text.RCC_SetFlashLatencyFromMSIRange
                0x080019cc       0x90 build/stm32l4xx_hal_rcc.o
 .text.HAL_RCC_GetSysClockFreq
                0x08001a5c       0xa8 build/stm32l4xx_hal_rcc.o
                0x08001a5c                HAL_RCC_GetSysClockFreq
 .text.HAL_RCC_OscConfig
                0x08001b04      0x620 build/stm32l4xx_hal_rcc.o
                0x08001b04                HAL_RCC_OscConfig
 .text.HAL_RCC_ClockConfig
                0x08002124      0x188 build/stm32l4xx_hal_rcc.o
                0x08002124                HAL_RCC_ClockConfig
 .text.HAL_RCC_GetHCLKFreq
                0x080022ac        0xc build/stm32l4xx_hal_rcc.o
                0x080022ac                HAL_RCC_GetHCLKFreq
 .text.HAL_RCC_GetPCLK1Freq
                0x080022b8       0x24 build/stm32l4xx_hal_rcc.o
                0x080022b8                HAL_RCC_GetPCLK1Freq
 .text.HAL_RCC_GetPCLK2Freq
                0x080022dc       0x24 build/stm32l4xx_hal_rcc.o
                0x080022dc                HAL_RCC_GetPCLK2Freq
 .text.HAL_RCC_GetClockConfig
                0x08002300       0x3c build/stm32l4xx_hal_rcc.o
                0x08002300                HAL_RCC_GetClockConfig
 .text.RCCEx_PLLSAI1_Config
                0x0800233c      0x188 build/stm32l4xx_hal_rcc_ex.o
 .text.RCCEx_PLLSAI2_Config
                0x080024c4      0x160 build/stm32l4xx_hal_rcc_ex.o
 .text.HAL_RCCEx_PeriphCLKConfig
                0x08002624      0x470 build/stm32l4xx_hal_rcc_ex.o
                0x08002624                HAL_RCCEx_PeriphCLKConfig
 .text.HAL_GPIO_Init
                0x08002a94      0x21c build/stm32l4xx_hal_gpio.o
                0x08002a94                HAL_GPIO_Init
 .text.HAL_GPIO_WritePin
                0x08002cb0        0xa build/stm32l4xx_hal_gpio.o
                0x08002cb0                HAL_GPIO_WritePin
 .text.HAL_DMA_Abort
                0x08002cba       0x4e build/stm32l4xx_hal_dma.o
                0x08002cba                HAL_DMA_Abort
 .text.HAL_DMA_Abort_IT
                0x08002d08       0x4e build/stm32l4xx_hal_dma.o
                0x08002d08                HAL_DMA_Abort_IT
 *fill*         0x08002d56        0x2 
 .text.HAL_PWREx_GetVoltageRange
                0x08002d58       0x10 build/stm32l4xx_hal_pwr_ex.o
                0x08002d58                HAL_PWREx_GetVoltageRange
 .text.HAL_PWREx_ControlVoltageScaling
                0x08002d68       0x90 build/stm32l4xx_hal_pwr_ex.o
                0x08002d68                HAL_PWREx_ControlVoltageScaling
 .text.__NVIC_EnableIRQ
                0x08002df8       0x1c build/stm32l4xx_hal_cortex.o
 .text.__NVIC_SetPriority
                0x08002e14       0x28 build/stm32l4xx_hal_cortex.o
 .text.NVIC_EncodePriority
                0x08002e3c       0x46 build/stm32l4xx_hal_cortex.o
 *fill*         0x08002e82        0x2 
 .text.HAL_NVIC_SetPriorityGrouping
                0x08002e84       0x24 build/stm32l4xx_hal_cortex.o
                0x08002e84                HAL_NVIC_SetPriorityGrouping
 .text.HAL_NVIC_SetPriority
                0x08002ea8       0x20 build/stm32l4xx_hal_cortex.o
                0x08002ea8                HAL_NVIC_SetPriority
 .text.HAL_NVIC_EnableIRQ
                0x08002ec8        0x8 build/stm32l4xx_hal_cortex.o
                0x08002ec8                HAL_NVIC_EnableIRQ
 .text.SystemInit
                0x08002ed0       0x14 build/system_stm32l4xx.o
                0x08002ed0                SystemInit
 .text.vListInitialise
                0x08002ee4       0x16 build/list.o
                0x08002ee4                vListInitialise
 .text.vListInitialiseItem
                0x08002efa        0x6 build/list.o
                0x08002efa                vListInitialiseItem
 .text.vListInsertEnd
                0x08002f00       0x16 build/list.o
                0x08002f00                vListInsertEnd
 .text.vListInsert
                0x08002f16       0x38 build/list.o
                0x08002f16                vListInsert
 .text.uxListRemove
                0x08002f4e       0x26 build/list.o
                0x08002f4e                uxListRemove
 .text.prvIsQueueFull
                0x08002f74       0x1e build/queue.o
 .text.prvIsQueueEmpty
                0x08002f92       0x1e build/queue.o
 .text.prvCopyDataToQueue
                0x08002fb0       0x76 build/queue.o
 .text.prvCopyDataFromQueue
                0x08003026       0x24 build/queue.o
 .text.prvUnlockQueue
                0x0800304a       0x6e build/queue.o
 .text.xQueueGenericReset
                0x080030b8       0x84 build/queue.o
                0x080030b8                xQueueGenericReset
 .text.prvInitialiseNewQueue
                0x0800313c       0x22 build/queue.o
 .text.xQueueGenericCreateStatic
                0x0800315e       0x94 build/queue.o
                0x0800315e                xQueueGenericCreateStatic
 .text.xQueueGenericCreate
                0x080031f2       0x48 build/queue.o
                0x080031f2                xQueueGenericCreate
 .text.xQueueGenericSend
                0x0800323a      0x188 build/queue.o
                0x0800323a                xQueueGenericSend
 .text.xQueueGenericSendFromISR
                0x080033c2       0xd2 build/queue.o
                0x080033c2                xQueueGenericSendFromISR
 .text.xQueueReceive
                0x08003494      0x15e build/queue.o
                0x08003494                xQueueReceive
 .text.xQueueReceiveFromISR
                0x080035f2       0xb0 build/queue.o
                0x080035f2                xQueueReceiveFromISR
 .text.uxQueueMessagesWaiting
                0x080036a2       0x28 build/queue.o
                0x080036a2                uxQueueMessagesWaiting
 .text.xQueueIsQueueFullFromISR
                0x080036ca       0x24 build/queue.o
                0x080036ca                xQueueIsQueueFullFromISR
 *fill*         0x080036ee        0x2 
 .text.vQueueAddToRegistry
                0x080036f0       0x28 build/queue.o
                0x080036f0                vQueueAddToRegistry
 .text.vQueueWaitForMessageRestricted
                0x08003718       0x52 build/queue.o
                0x08003718                vQueueWaitForMessageRestricted
 *fill*         0x0800376a        0x2 
 .text.prvResetNextTaskUnblockTime
                0x0800376c       0x2c build/tasks.o
 .text.prvInitialiseNewTask
                0x08003798       0x9a build/tasks.o
 *fill*         0x08003832        0x2 
 .text.prvInitialiseTaskLists
                0x08003834       0x68 build/tasks.o
 .text.prvAddNewTaskToReadyList
                0x0800389c       0xac build/tasks.o
 .text.prvDeleteTCB
                0x08003948       0x38 build/tasks.o
 .text.prvCheckTasksWaitingTermination
                0x08003980       0x4c build/tasks.o
 .text.prvAddCurrentTaskToDelayedList
                0x080039cc       0x7c build/tasks.o
 .text.prvIdleTask
                0x08003a48       0x30 build/tasks.o
 .text.xTaskCreateStatic
                0x08003a78       0x80 build/tasks.o
                0x08003a78                xTaskCreateStatic
 .text.xTaskCreate
                0x08003af8       0x62 build/tasks.o
                0x08003af8                xTaskCreate
 *fill*         0x08003b5a        0x2 
 .text.vTaskStartScheduler
                0x08003b5c       0x98 build/tasks.o
                0x08003b5c                vTaskStartScheduler
 .text.vTaskSuspendAll
                0x08003bf4       0x10 build/tasks.o
                0x08003bf4                vTaskSuspendAll
 .text.xTaskGetTickCount
                0x08003c04        0xc build/tasks.o
                0x08003c04                xTaskGetTickCount
 .text.xTaskIncrementTick
                0x08003c10      0x124 build/tasks.o
                0x08003c10                xTaskIncrementTick
 .text.xTaskResumeAll
                0x08003d34       0xf8 build/tasks.o
                0x08003d34                xTaskResumeAll
 .text.vTaskDelay
                0x08003e2c       0x4c build/tasks.o
                0x08003e2c                vTaskDelay
 .text.vTaskSwitchContext
                0x08003e78       0xcc build/tasks.o
                0x08003e78                vTaskSwitchContext
 .text.vTaskPlaceOnEventList
                0x08003f44       0x30 build/tasks.o
                0x08003f44                vTaskPlaceOnEventList
 .text.vTaskPlaceOnEventListRestricted
                0x08003f74       0x3c build/tasks.o
                0x08003f74                vTaskPlaceOnEventListRestricted
 .text.xTaskRemoveFromEventList
                0x08003fb0       0x90 build/tasks.o
                0x08003fb0                xTaskRemoveFromEventList
 .text.vTaskInternalSetTimeOutState
                0x08004040       0x18 build/tasks.o
                0x08004040                vTaskInternalSetTimeOutState
 .text.xTaskCheckForTimeOut
                0x08004058       0x88 build/tasks.o
                0x08004058                xTaskCheckForTimeOut
 .text.vTaskMissedYield
                0x080040e0        0xc build/tasks.o
                0x080040e0                vTaskMissedYield
 .text.xTaskGetSchedulerState
                0x080040ec       0x20 build/tasks.o
                0x080040ec                xTaskGetSchedulerState
 .text.xTaskPriorityDisinherit
                0x0800410c       0x90 build/tasks.o
                0x0800410c                xTaskPriorityDisinherit
 .text.xTaskNotifyWait
                0x0800419c       0x98 build/tasks.o
                0x0800419c                xTaskNotifyWait
 .text.xTaskGenericNotify
                0x08004234      0x100 build/tasks.o
                0x08004234                xTaskGenericNotify
 .text.xTaskGenericNotifyFromISR
                0x08004334      0x130 build/tasks.o
                0x08004334                xTaskGenericNotifyFromISR
 .text.prvGetNextExpireTime
                0x08004464       0x20 build/timers.o
 .text.prvInsertTimerInActiveList
                0x08004484       0x48 build/timers.o
 .text.prvCheckForValidListAndQueue
                0x080044cc       0x70 build/timers.o
 .text.prvInitialiseNewTimer
                0x0800453c       0x4e build/timers.o
 *fill*         0x0800458a        0x2 
 .text.xTimerCreateTimerTask
                0x0800458c       0x64 build/timers.o
                0x0800458c                xTimerCreateTimerTask
 .text.xTimerCreate
                0x080045f0       0x38 build/timers.o
                0x080045f0                xTimerCreate
 .text.xTimerGenericCommand
                0x08004628       0x68 build/timers.o
                0x08004628                xTimerGenericCommand
 .text.prvSwitchTimerLists
                0x08004690       0x7c build/timers.o
 .text.prvSampleTimeNow
                0x0800470c       0x2c build/timers.o
 .text.prvProcessExpiredTimer
                0x08004738       0x6c build/timers.o
 .text.prvProcessTimerOrBlockTask
                0x080047a4       0x78 build/timers.o
 .text.prvProcessReceivedCommands
                0x0800481c      0x124 build/timers.o
 .text.prvTimerTask
                0x08004940       0x16 build/timers.o
 .text.xTimerIsTimerActive
                0x08004956       0x38 build/timers.o
                0x08004956                xTimerIsTimerActive
 .text.pvTimerGetTimerID
                0x0800498e       0x28 build/timers.o
                0x0800498e                pvTimerGetTimerID
 .text.SysTick_Handler
                0x080049b6       0x18 build/cmsis_os2.o
                0x080049b6                SysTick_Handler
 *fill*         0x080049ce        0x2 
 .text.osKernelInitialize
                0x080049d0       0x24 build/cmsis_os2.o
                0x080049d0                osKernelInitialize
 .text.osKernelStart
                0x080049f4       0x3c build/cmsis_os2.o
                0x080049f4                osKernelStart
 .text.osThreadNew
                0x08004a30       0xc2 build/cmsis_os2.o
                0x08004a30                osThreadNew
 .text.osDelay  0x08004af2       0x1a build/cmsis_os2.o
                0x08004af2                osDelay
 .text.vApplicationGetIdleTaskMemory
                0x08004b0c       0x18 build/cmsis_os2.o
                0x08004b0c                vApplicationGetIdleTaskMemory
 .text.vApplicationGetTimerTaskMemory
                0x08004b24       0x18 build/cmsis_os2.o
                0x08004b24                vApplicationGetTimerTaskMemory
 .text.prvHeapInit
                0x08004b3c       0x68 build/heap_4.o
 .text.prvInsertBlockIntoFreeList
                0x08004ba4       0x5c build/heap_4.o
 .text.pvPortMalloc
                0x08004c00      0x118 build/heap_4.o
                0x08004c00                pvPortMalloc
 .text.vPortFree
                0x08004d18       0x80 build/heap_4.o
                0x08004d18                vPortFree
 .text.prvTaskExitError
                0x08004d98       0x40 build/port.o
 .text.prvPortStartFirstTask
                0x08004dd8       0x28 build/port.o
 .text.vPortEnableVFP
                0x08004e00       0x14 build/port.o
 .text.pxPortInitialiseStack
                0x08004e14       0x2c build/port.o
                0x08004e14                pxPortInitialiseStack
 .text.SVC_Handler
                0x08004e40       0x24 build/port.o
                0x08004e40                SVC_Handler
 .text.vPortEnterCritical
                0x08004e64       0x44 build/port.o
                0x08004e64                vPortEnterCritical
 .text.vPortExitCritical
                0x08004ea8       0x2c build/port.o
                0x08004ea8                vPortExitCritical
 *fill*         0x08004ed4        0xc 
 .text.PendSV_Handler
                0x08004ee0       0x64 build/port.o
                0x08004ee0                PendSV_Handler
 .text.xPortSysTickHandler
                0x08004f44       0x2c build/port.o
                0x08004f44                xPortSysTickHandler
 .text.vPortSetupTimerInterrupt
                0x08004f70       0x28 build/port.o
                0x08004f70                vPortSetupTimerInterrupt
 .text.xPortStartScheduler
                0x08004f98      0x11c build/port.o
                0x08004f98                xPortStartScheduler
 .text.vPortValidateInterruptPriority
                0x080050b4       0x5c build/port.o
                0x080050b4                vPortValidateInterruptPriority
 .text._sbrk    0x08005110       0x4c build/sysmem.o
                0x08005110                _sbrk
 .text._read    0x0800515c       0x20 build/syscalls.o
                0x0800515c                _read
 .text._write   0x0800517c       0x1c build/syscalls.o
                0x0800517c                _write
 .text._close   0x08005198        0x6 build/syscalls.o
                0x08005198                _close
 .text._fstat   0x0800519e        0xa build/syscalls.o
                0x0800519e                _fstat
 .text._isatty  0x080051a8        0x4 build/syscalls.o
                0x080051a8                _isatty
 .text._lseek   0x080051ac        0x4 build/syscalls.o
                0x080051ac                _lseek
 .text.HAL_RTC_WaitForSynchro
                0x080051b0       0x34 build/stm32l4xx_hal_rtc.o
                0x080051b0                HAL_RTC_WaitForSynchro
 .text.RTC_EnterInitMode
                0x080051e4       0x44 build/stm32l4xx_hal_rtc.o
                0x080051e4                RTC_EnterInitMode
 .text.RTC_ExitInitMode
                0x08005228       0x4c build/stm32l4xx_hal_rtc.o
                0x08005228                RTC_ExitInitMode
 .text.HAL_RTC_Init
                0x08005274       0xa6 build/stm32l4xx_hal_rtc.o
                0x08005274                HAL_RTC_Init
 .text.RTC_ByteToBcd2
                0x0800531a       0x16 build/stm32l4xx_hal_rtc.o
                0x0800531a                RTC_ByteToBcd2
 .text.HAL_RTC_SetTime
                0x08005330       0xd0 build/stm32l4xx_hal_rtc.o
                0x08005330                HAL_RTC_SetTime
 .text.HAL_RTC_SetDate
                0x08005400       0xa8 build/stm32l4xx_hal_rtc.o
                0x08005400                HAL_RTC_SetDate
 .text.RTC_Bcd2ToByte
                0x080054a8       0x12 build/stm32l4xx_hal_rtc.o
                0x080054a8                RTC_Bcd2ToByte
 .text.HAL_RTC_GetTime
                0x080054ba       0x4c build/stm32l4xx_hal_rtc.o
                0x080054ba                HAL_RTC_GetTime
 .text.HAL_RTC_GetDate
                0x08005506       0x3c build/stm32l4xx_hal_rtc.o
                0x08005506                HAL_RTC_GetDate
 .text.UART_EndRxTransfer
                0x08005542       0x52 build/stm32l4xx_hal_uart.o
 .text.HAL_UART_TxCpltCallback
                0x08005594        0x2 build/stm32l4xx_hal_uart.o
                0x08005594                HAL_UART_TxCpltCallback
 .text.UART_EndTransmit_IT
                0x08005596       0x20 build/stm32l4xx_hal_uart.o
 .text.HAL_UART_ErrorCallback
                0x080055b6        0x2 build/stm32l4xx_hal_uart.o
                0x080055b6                HAL_UART_ErrorCallback
 .text.UART_DMAAbortOnError
                0x080055b8        0xa build/stm32l4xx_hal_uart.o
 .text.HAL_UARTEx_RxEventCallback
                0x080055c2        0x2 build/stm32l4xx_hal_uart.o
                0x080055c2                HAL_UARTEx_RxEventCallback
 .text.HAL_UART_IRQHandler
                0x080055c4      0x318 build/stm32l4xx_hal_uart.o
                0x080055c4                HAL_UART_IRQHandler
 .text.UART_RxISR_8BIT
                0x080058dc       0xd8 build/stm32l4xx_hal_uart.o
 .text.UART_RxISR_16BIT
                0x080059b4       0xd8 build/stm32l4xx_hal_uart.o
 .text.UART_SetConfig
                0x08005a8c      0x324 build/stm32l4xx_hal_uart.o
                0x08005a8c                UART_SetConfig
 .text.UART_AdvFeatureConfig
                0x08005db0       0xca build/stm32l4xx_hal_uart.o
                0x08005db0                UART_AdvFeatureConfig
 .text.UART_WaitOnFlagUntilTimeout
                0x08005e7a       0x9c build/stm32l4xx_hal_uart.o
                0x08005e7a                UART_WaitOnFlagUntilTimeout
 .text.HAL_UART_Transmit
                0x08005f16       0xdc build/stm32l4xx_hal_uart.o
                0x08005f16                HAL_UART_Transmit
 .text.UART_CheckIdleState
                0x08005ff2       0xc2 build/stm32l4xx_hal_uart.o
                0x08005ff2                UART_CheckIdleState
 .text.HAL_UART_Init
                0x080060b4       0x62 build/stm32l4xx_hal_uart.o
                0x080060b4                HAL_UART_Init
 *fill*         0x08006116        0x2 
 .text.UART_Start_Receive_IT
                0x08006118       0xd4 build/stm32l4xx_hal_uart.o
                0x08006118                UART_Start_Receive_IT
 .text.HAL_UART_Receive_IT
                0x080061ec       0x50 build/stm32l4xx_hal_uart.o
                0x080061ec                HAL_UART_Receive_IT
 .text.HAL_UARTEx_WakeupCallback
                0x0800623c        0x2 build/stm32l4xx_hal_uart_ex.o
                0x0800623c                HAL_UARTEx_WakeupCallback
 *fill*         0x0800623e        0x2 
 .text.Reset_Handler
                0x08006240       0x50 build/startup_stm32l476xx.o
                0x08006240                Reset_Handler
 .text.Default_Handler
                0x08006290        0x2 build/startup_stm32l476xx.o
                0x08006290                RTC_Alarm_IRQHandler
                0x08006290                EXTI2_IRQHandler
                0x08006290                TIM8_TRG_COM_IRQHandler
                0x08006290                TIM8_CC_IRQHandler
                0x08006290                TIM1_CC_IRQHandler
                0x08006290                TSC_IRQHandler
                0x08006290                TAMP_STAMP_IRQHandler
                0x08006290                EXTI3_IRQHandler
                0x08006290                LPTIM2_IRQHandler
                0x08006290                DFSDM1_FLT1_IRQHandler
                0x08006290                I2C3_ER_IRQHandler
                0x08006290                DFSDM1_FLT2_IRQHandler
                0x08006290                EXTI0_IRQHandler
                0x08006290                I2C2_EV_IRQHandler
                0x08006290                CAN1_RX0_IRQHandler
                0x08006290                FPU_IRQHandler
                0x08006290                TIM1_UP_TIM16_IRQHandler
                0x08006290                ADC1_2_IRQHandler
                0x08006290                SPI1_IRQHandler
                0x08006290                TIM8_UP_IRQHandler
                0x08006290                DMA2_Channel2_IRQHandler
                0x08006290                DMA1_Channel4_IRQHandler
                0x08006290                SAI2_IRQHandler
                0x08006290                DFSDM1_FLT3_IRQHandler
                0x08006290                USART3_IRQHandler
                0x08006290                DMA1_Channel7_IRQHandler
                0x08006290                CAN1_RX1_IRQHandler
                0x08006290                LCD_IRQHandler
                0x08006290                UART5_IRQHandler
                0x08006290                ADC3_IRQHandler
                0x08006290                TIM4_IRQHandler
                0x08006290                DMA2_Channel1_IRQHandler
                0x08006290                QUADSPI_IRQHandler
                0x08006290                I2C1_EV_IRQHandler
                0x08006290                DMA1_Channel6_IRQHandler
                0x08006290                UART4_IRQHandler
                0x08006290                DMA2_Channel4_IRQHandler
                0x08006290                TIM3_IRQHandler
                0x08006290                RCC_IRQHandler
                0x08006290                DMA1_Channel1_IRQHandler
                0x08006290                Default_Handler
                0x08006290                DMA2_Channel7_IRQHandler
                0x08006290                EXTI15_10_IRQHandler
                0x08006290                TIM7_IRQHandler
                0x08006290                SDMMC1_IRQHandler
                0x08006290                TIM5_IRQHandler
                0x08006290                I2C3_EV_IRQHandler
                0x08006290                EXTI9_5_IRQHandler
                0x08006290                RTC_WKUP_IRQHandler
                0x08006290                PVD_PVM_IRQHandler
                0x08006290                SPI2_IRQHandler
                0x08006290                CAN1_TX_IRQHandler
                0x08006290                DMA2_Channel5_IRQHandler
                0x08006290                DMA1_Channel5_IRQHandler
                0x08006290                EXTI4_IRQHandler
                0x08006290                RNG_IRQHandler
                0x08006290                TIM1_TRG_COM_TIM17_IRQHandler
                0x08006290                DMA1_Channel3_IRQHandler
                0x08006290                COMP_IRQHandler
                0x08006290                WWDG_IRQHandler
                0x08006290                LPUART1_IRQHandler
                0x08006290                DMA2_Channel6_IRQHandler
                0x08006290                TIM2_IRQHandler
                0x08006290                EXTI1_IRQHandler
                0x08006290                DFSDM1_FLT0_IRQHandler
                0x08006290                I2C2_ER_IRQHandler
                0x08006290                DMA1_Channel2_IRQHandler
                0x08006290                TIM8_BRK_IRQHandler
                0x08006290                CAN1_SCE_IRQHandler
                0x08006290                FLASH_IRQHandler
                0x08006290                USART1_IRQHandler
                0x08006290                OTG_FS_IRQHandler
                0x08006290                SPI3_IRQHandler
                0x08006290                I2C1_ER_IRQHandler
                0x08006290                FMC_IRQHandler
                0x08006290                SWPMI1_IRQHandler
                0x08006290                LPTIM1_IRQHandler
                0x08006290                SAI1_IRQHandler
                0x08006290                DMA2_Channel3_IRQHandler
                0x08006290                TIM1_BRK_TIM15_IRQHandler
 *fill*         0x08006292        0x2 
 .text.std      0x08006294       0x6c /usr/lib/gcc/arm-none-eabi/15.2.0/../../../../arm-none-eabi/lib/thumb/v7e-m+fp/hard/libc_nano.a(libc_a-findfp.o)
 .text.stdio_exit_handler
                0x08006300       0x18 /usr/lib/gcc/arm-none-eabi/15.2.0/../../../../arm-none-eabi/lib/thumb/v7e-m+fp/hard/libc_nano.a(libc_a-findfp.o)
 .text.cleanup_stdio
                0x08006318       0x40 /usr/lib/gcc/arm-none-eabi/15.2.0/../../../../arm-none-eabi/lib/thumb/v7e-m+fp/hard/libc_nano.a(libc_a-findfp.o)
 .text.global_stdio_init.part.0
                0x08006358       0x40 /usr/lib/gcc/arm-none-eabi/15.2.0/../../../../arm-none-eabi/lib/thumb/v7e-m+fp/hard/libc_nano.a(libc_a-findfp.o)
 .text.__sfp_lock_acquire
                0x08006398        0xc /usr/lib/gcc/arm-none-eabi/15.2.0/../../../../arm-none-eabi/lib/thumb/v7e-m+fp/hard/libc_nano.a(libc_a-findfp.o)
                0x08006398                __sfp_lock_acquire
 .text.__sfp_lock_release
                0x080063a4        0xc /usr/lib/gcc/arm-none-eabi/15.2.0/../../../../arm-none-eabi/lib/thumb/v7e-m+fp/hard/libc_nano.a(libc_a-findfp.o)
                0x080063a4                __sfp_lock_release
 .text.__sinit  0x080063b0       0x30 /usr/lib/gcc/arm-none-eabi/15.2.0/../../../../arm-none-eabi/lib/thumb/v7e-m+fp/hard/libc_nano.a(libc_a-findfp.o)
                0x080063b0                __sinit
 .text._fwalk_sglue
                0x080063e0       0x3a /usr/lib/gcc/arm-none-eabi/15.2.0/../../../../arm-none-eabi/lib/thumb/v7e-m+fp/hard/libc_nano.a(libc_a-fwalk.o)
                0x080063e0                _fwalk_sglue
 *fill*         0x0800641a        0x2 
 .text.printf   0x0800641c       0x24 /usr/lib/gcc/arm-none-eabi/15.2.0/../../../../arm-none-eabi/lib/thumb/v7e-m+fp/hard/libc_nano.a(libc_a-printf.o)
                0x0800641c                printf
                0x0800641c                iprintf
 .text.sprintf  0x08006440       0x44 /usr/lib/gcc/arm-none-eabi/15.2.0/../../../../arm-none-eabi/lib/thumb/v7e-m+fp/hard/libc_nano.a(libc_a-sprintf.o)
                0x08006440                sprintf
                0x08006440                siprintf
 .text.__sread  0x08006484       0x22 /usr/lib/gcc/arm-none-eabi/15.2.0/../../../../arm-none-eabi/lib/thumb/v7e-m+fp/hard/libc_nano.a(libc_a-stdio.o)
                0x08006484                __sread
 .text.__swrite
                0x080064a6       0x38 /usr/lib/gcc/arm-none-eabi/15.2.0/../../../../arm-none-eabi/lib/thumb/v7e-m+fp/hard/libc_nano.a(libc_a-stdio.o)
                0x080064a6                __swrite
 .text.__sseek  0x080064de       0x26 /usr/lib/gcc/arm-none-eabi/15.2.0/../../../../arm-none-eabi/lib/thumb/v7e-m+fp/hard/libc_nano.a(libc_a-stdio.o)
                0x080064de                __sseek
 .text.__sclose
                0x08006504        0x8 /usr/lib/gcc/arm-none-eabi/15.2.0/../../../../arm-none-eabi/lib/thumb/v7e-m+fp/hard/libc_nano.a(libc_a-stdio.o)
                0x08006504                __sclose
 .text.memset   0x0800650c       0x10 /usr/lib/gcc/arm-none-eabi/15.2.0/../../../../arm-none-eabi/lib/thumb/v7e-m+fp/hard/libc_nano.a(libc_a-memset.o)
                0x0800650c                memset
 .text._close_r
                0x0800651c       0x20 /usr/lib/gcc/arm-none-eabi/15.2.0/../../../../arm-none-eabi/lib/thumb/v7e-m+fp/hard/libc_nano.a(libc_a-closer.o)
                0x0800651c                _close_r
 .text._lseek_r
                0x0800653c       0x24 /usr/lib/gcc/arm-none-eabi/15.2.0/../../../../arm-none-eabi/lib/thumb/v7e-m+fp/hard/libc_nano.a(libc_a-lseekr.o)
                0x0800653c                _lseek_r
 .text._read_r  0x08006560       0x24 /usr/lib/gcc/arm-none-eabi/15.2.0/../../../../arm-none-eabi/lib/thumb/v7e-m+fp/hard/libc_nano.a(libc_a-readr.o)
                0x08006560                _read_r
 .text._write_r
                0x08006584       0x24 /usr/lib/gcc/arm-none-eabi/15.2.0/../../../../arm-none-eabi/lib/thumb/v7e-m+fp/hard/libc_nano.a(libc_a-writer.o)
                0x08006584                _write_r
 .text.__errno  0x080065a8        0xc /usr/lib/gcc/arm-none-eabi/15.2.0/../../../../arm-none-eabi/lib/thumb/v7e-m+fp/hard/libc_nano.a(libc_a-errno.o)
                0x080065a8                __errno
 .text.__libc_init_array
                0x080065b4       0x48 /usr/lib/gcc/arm-none-eabi/15.2.0/../../../../arm-none-eabi/lib/thumb/v7e-m+fp/hard/libc_nano.a(libc_a-init.o)
                0x080065b4                __libc_init_array
 .text.__retarget_lock_init_recursive
                0x080065fc        0x2 /usr/lib/gcc/arm-none-eabi/15.2.0/../../../../arm-none-eabi/lib/thumb/v7e-m+fp/hard/libc_nano.a(libc_a-lock.o)
                0x080065fc                __retarget_lock_init_recursive
 .text.__retarget_lock_acquire_recursive
                0x080065fe        0x2 /usr/lib/gcc/arm-none-eabi/15.2.0/../../../../arm-none-eabi/lib/thumb/v7e-m+fp/hard/libc_nano.a(libc_a-lock.o)
                0x080065fe                __retarget_lock_acquire_recursive
 .text.__retarget_lock_release_recursive
                0x08006600        0x2 /usr/lib/gcc/arm-none-eabi/15.2.0/../../../../arm-none-eabi/lib/thumb/v7e-m+fp/hard/libc_nano.a(libc_a-lock.o)
                0x08006600                __retarget_lock_release_recursive
 .text.memcpy   0x08006602       0x1c /usr/lib/gcc/arm-none-eabi/15.2.0/../../../../arm-none-eabi/lib/thumb/v7e-m+fp/hard/libc_nano.a(libc_a-memcpy-stub.o)
                0x08006602                memcpy
 *fill*         0x0800661e        0x2 
 .text._free_r  0x08006620       0x98 /usr/lib/gcc/arm-none-eabi/15.2.0/../../../../arm-none-eabi/lib/thumb/v7e-m+fp/hard/libc_nano.a(libc_a-freer.o)
                0x08006620                _free_r
 .text.sbrk_aligned
                0x080066b8       0x44 /usr/lib/gcc/arm-none-eabi/15.2.0/../../../../arm-none-eabi/lib/thumb/v7e-m+fp/hard/libc_nano.a(libc_a-mallocr.o)
 .text._malloc_r
                0x080066fc       0xf8 /usr/lib/gcc/arm-none-eabi/15.2.0/../../../../arm-none-eabi/lib/thumb/v7e-m+fp/hard/libc_nano.a(libc_a-mallocr.o)
                0x080066fc                _malloc_r
 .text.__malloc_lock
                0x080067f4        0xc /usr/lib/gcc/arm-none-eabi/15.2.0/../../../../arm-none-eabi/lib/thumb/v7e-m+fp/hard/libc_nano.a(libc_a-mlock.o)
                0x080067f4                __malloc_lock
 .text.__malloc_unlock
                0x08006800        0xc /usr/lib/gcc/arm-none-eabi/15.2.0/../../../../arm-none-eabi/lib/thumb/v7e-m+fp/hard/libc_nano.a(libc_a-mlock.o)
                0x08006800                __malloc_unlock
 .text.__ssputs_r
                0x0800680c       0xc0 /usr/lib/gcc/arm-none-eabi/15.2.0/../../../../arm-none-eabi/lib/thumb/v7e-m+fp/hard/libc_nano.a(libc_a-nano-svfprintf.o)
                0x0800680c                __ssputs_r
 .text._svfprintf_r
                0x080068cc      0x1e4 /usr/lib/gcc/arm-none-eabi/15.2.0/../../../../arm-none-eabi/lib/thumb/v7e-m+fp/hard/libc_nano.a(libc_a-nano-svfprintf.o)
                0x080068cc                _svfprintf_r
                0x080068cc                _svfiprintf_r
 .text.__sfputc_r
                0x08006ab0       0x2a /usr/lib/gcc/arm-none-eabi/15.2.0/../../../../arm-none-eabi/lib/thumb/v7e-m+fp/hard/libc_nano.a(libc_a-nano-vfprintf.o)
 .text.__sfputs_r
                0x08006ada       0x24 /usr/lib/gcc/arm-none-eabi/15.2.0/../../../../arm-none-eabi/lib/thumb/v7e-m+fp/hard/libc_nano.a(libc_a-nano-vfprintf.o)
                0x08006ada                __sfputs_r
 *fill*         0x08006afe        0x2 
 .text._vfprintf_r
                0x08006b00      0x21c /usr/lib/gcc/arm-none-eabi/15.2.0/../../../../arm-none-eabi/lib/thumb/v7e-m+fp/hard/libc_nano.a(libc_a-nano-vfprintf.o)
                0x08006b00                _vfiprintf_r
                0x08006b00                _vfprintf_r
 .text._printf_common
                0x08006d1c       0xea /usr/lib/gcc/arm-none-eabi/15.2.0/../../../../arm-none-eabi/lib/thumb/v7e-m+fp/hard/libc_nano.a(libc_a-nano-vfprintf_i.o)
                0x08006d1c                _printf_common
 *fill*         0x08006e06        0x2 
 .text._printf_i
                0x08006e08      0x254 /usr/lib/gcc/arm-none-eabi/15.2.0/../../../../arm-none-eabi/lib/thumb/v7e-m+fp/hard/libc_nano.a(libc_a-nano-vfprintf_i.o)
                0x08006e08                _printf_i
 .text.__sflush_r
                0x0800705c      0x100 /usr/lib/gcc/arm-none-eabi/15.2.0/../../../../arm-none-eabi/lib/thumb/v7e-m+fp/hard/libc_nano.a(libc_a-fflush.o)
                0x0800705c                __sflush_r
 .text._fflush_r
                0x0800715c       0x50 /usr/lib/gcc/arm-none-eabi/15.2.0/../../../../arm-none-eabi/lib/thumb/v7e-m+fp/hard/libc_nano.a(libc_a-fflush.o)
                0x0800715c                _fflush_r
 .text.__swbuf_r
                0x080071ac       0x7a /usr/lib/gcc/arm-none-eabi/15.2.0/../../../../arm-none-eabi/lib/thumb/v7e-m+fp/hard/libc_nano.a(libc_a-wbuf.o)
                0x080071ac                __swbuf_r
 *fill*         0x08007226        0x2 
 .text.__swsetup_r
                0x08007228       0xa8 /usr/lib/gcc/arm-none-eabi/15.2.0/../../../../arm-none-eabi/lib/thumb/v7e-m+fp/hard/libc_nano.a(libc_a-wsetup.o)
                0x08007228                __swsetup_r
 .text.memmove  0x080072d0       0x32 /usr/lib/gcc/arm-none-eabi/15.2.0/../../../../arm-none-eabi/lib/thumb/v7e-m+fp/hard/libc_nano.a(libc_a-memmove.o)
                0x080072d0                memmove
 *fill*         0x08007302        0x2 
 .text._sbrk_r  0x08007304       0x20 /usr/lib/gcc/arm-none-eabi/15.2.0/../../../../arm-none-eabi/lib/thumb/v7e-m+fp/hard/libc_nano.a(libc_a-sbrkr.o)
                0x08007304                _sbrk_r
 .text._realloc_r
                0x08007324       0x5c /usr/lib/gcc/arm-none-eabi/15.2.0/../../../../arm-none-eabi/lib/thumb/v7e-m+fp/hard/libc_nano.a(libc_a-reallocr.o)
                0x08007324                _realloc_r
 .text.__swhatbuf_r
                0x08007380       0x48 /usr/lib/gcc/arm-none-eabi/15.2.0/../../../../arm-none-eabi/lib/thumb/v7e-m+fp/hard/libc_nano.a(libc_a-makebuf.o)
                0x08007380                __swhatbuf_r
 .text.__smakebuf_r
                0x080073c8       0x72 /usr/lib/gcc/arm-none-eabi/15.2.0/../../../../arm-none-eabi/lib/thumb/v7e-m+fp/hard/libc_nano.a(libc_a-makebuf.o)
                0x080073c8                __smakebuf_r
 *fill*         0x0800743a        0x2 
 .text._fstat_r
                0x0800743c       0x24 /usr/lib/gcc/arm-none-eabi/15.2.0/../../../../arm-none-eabi/lib/thumb/v7e-m+fp/hard/libc_nano.a(libc_a-fstatr.o)
                0x0800743c                _fstat_r
 .text._isatty_r
                0x08007460       0x20 /usr/lib/gcc/arm-none-eabi/15.2.0/../../../../arm-none-eabi/lib/thumb/v7e-m+fp/hard/libc_nano.a(libc_a-isattyr.o)
                0x08007460                _isatty_r
 .text._malloc_usable_size_r
                0x08007480       0x10 /usr/lib/gcc/arm-none-eabi/15.2.0/../../../../arm-none-eabi/lib/thumb/v7e-m+fp/hard/libc_nano.a(libc_a-msizer.o)
                0x08007480                _malloc_usable_size_r
 *(.glue_7)
 .glue_7        0x08007490        0x0 linker stubs
 *(.glue_7t)
 .glue_7t       0x08007490        0x0 linker stubs
 *(.eh_frame)
 .eh_frame      0x08007490        0x0 /usr/lib/gcc/arm-none-eabi/15.2.0/thumb/v7e-m+fp/hard/crtbegin.o
 *(.init)
 .init          0x08007490        0x4 /usr/lib/gcc/arm-none-eabi/15.2.0/thumb/v7e-m+fp/hard/crti.o
                0x08007490                _init
 .init          0x08007494        0x8 /usr/lib/gcc/arm-none-eabi/15.2.0/thumb/v7e-m+fp/hard/crtn.o
 *(.fini)
 .fini          0x0800749c        0x4 /usr/lib/gcc/arm-none-eabi/15.2.0/thumb/v7e-m+fp/hard/crti.o
                0x0800749c                _fini
 .fini          0x080074a0        0x8 /usr/lib/gcc/arm-none-eabi/15.2.0/thumb/v7e-m+fp/hard/crtn.o
                0x080074a8                        . = ALIGN (0x8)
                0x080074a8                        _etext = .

.vfp11_veneer   0x080074a8        0x0
 .vfp11_veneer  0x080074a8        0x0 linker stubs

.v4_bx          0x080074a8        0x0
 .v4_bx         0x080074a8        0x0 linker stubs

.iplt           0x080074a8        0x0
 .iplt          0x080074a8        0x0 /usr/lib/gcc/arm-none-eabi/15.2.0/thumb/v7e-m+fp/hard/crtbegin.o

.rodata         0x080074a8      0x480
                0x080074a8                        . = ALIGN (0x8)
 *(.rodata)
 *(.rodata*)
 .rodata.main.str1.4
                0x080074a8      0x3dc build/main.o
                                 0x59 (size before relaxing)
 .rodata.str1.4
                0x08007884        0x0 build/main.o
                                  0xc (size before relaxing)
 .rodata.defaultTask_attributes
                0x08007884       0x24 build/main.o
                0x08007884                defaultTask_attributes
 .rodata.menu_task.str1.4
                0x080078a8        0x0 build/task_handler.o
                                 0xa8 (size before relaxing)
 .rodata.led_task.str1.4
                0x080078a8        0x0 build/task_handler.o
                                 0x8f (size before relaxing)
 .rodata.rtc_task.str1.4
                0x080078a8        0x0 build/task_handler.o
                                0x1c7 (size before relaxing)
 .rodata.str1.4
                0x080078a8        0x0 build/task_handler.o
                                 0x18 (size before relaxing)
 .rodata.show_time_date_itm.str1.4
                0x080078a8        0x0 build/rtc.o
                                 0x2c (size before relaxing)
 .rodata.show_time_date.str1.4
                0x080078a8        0x0 build/rtc.o
                                 0x2c (size before relaxing)
 .rodata.MSIRangeTable
                0x080078a8       0x30 build/system_stm32l4xx.o
                0x080078a8                MSIRangeTable
 .rodata.APBPrescTable
                0x080078d8        0x8 build/system_stm32l4xx.o
                0x080078d8                APBPrescTable
 .rodata.AHBPrescTable
                0x080078e0       0x10 build/system_stm32l4xx.o
                0x080078e0                AHBPrescTable
 .rodata.vTaskStartScheduler.str1.4
                0x080078f0        0x0 build/tasks.o
                                  0x5 (size before relaxing)
 .rodata.prvCheckForValidListAndQueue.str1.4
                0x080078f0        0x0 build/timers.o
                                  0x5 (size before relaxing)
 .rodata.xTimerCreateTimerTask.str1.4
                0x080078f0        0x0 build/timers.o
                                  0x8 (size before relaxing)
 .rodata._svfprintf_r.str1.1
                0x080078f0       0x33 /usr/lib/gcc/arm-none-eabi/15.2.0/../../../../arm-none-eabi/lib/thumb/v7e-m+fp/hard/libc_nano.a(libc_a-nano-svfprintf.o)
                                 0x11 (size before relaxing)
 .rodata._vfprintf_r.str1.1
                0x08007923        0x0 /usr/lib/gcc/arm-none-eabi/15.2.0/../../../../arm-none-eabi/lib/thumb/v7e-m+fp/hard/libc_nano.a(libc_a-nano-vfprintf.o)
                                 0x11 (size before relaxing)
 .rodata._printf_i.str1.1
                0x08007923        0x0 /usr/lib/gcc/arm-none-eabi/15.2.0/../../../../arm-none-eabi/lib/thumb/v7e-m+fp/hard/libc_nano.a(libc_a-nano-vfprintf_i.o)
                                 0x22 (size before relaxing)
                0x08007928                        . = ALIGN (0x8)
 *fill*         0x08007923        0x5 

.ARM.extab      0x08007928        0x0
                0x08007928                        . = ALIGN (0x8)
 *(.ARM.extab* .gnu.linkonce.armextab.*)
                0x08007928                        . = ALIGN (0x8)

.ARM            0x08007928        0x8
                0x08007928                        . = ALIGN (0x8)
                0x08007928                        __exidx_start = .
 *(.ARM.exidx*)
 .ARM.exidx     0x08007928        0x8 /usr/lib/gcc/arm-none-eabi/15.2.0/../../../../arm-none-eabi/lib/thumb/v7e-m+fp/hard/libc_nano.a(libc_a-strcmp.o)
 .ARM.exidx     0x08007930        0x0 /usr/lib/gcc/arm-none-eabi/15.2.0/../../../../arm-none-eabi/lib/thumb/v7e-m+fp/hard/libc_nano.a(libc_a-strlen.o)
                                  0x8 (size before relaxing)
 .ARM.exidx     0x08007930        0x0 /usr/lib/gcc/arm-none-eabi/15.2.0/../../../../arm-none-eabi/lib/thumb/v7e-m+fp/hard/libc_nano.a(libc_a-memchr.o)
                                  0x8 (size before relaxing)
 .ARM.exidx     0x08007930        0x0 /usr/lib/gcc/arm-none-eabi/15.2.0/thumb/v7e-m+fp/hard/libgcc.a(_udivmoddi4.o)
                                  0x8 (size before relaxing)
                0x08007930                        __exidx_end = .
                0x08007930                        . = ALIGN (0x8)

.preinit_array  0x08007930        0x0
                0x08007930                        . = ALIGN (0x8)
                0x08007930                        PROVIDE (__preinit_array_start = .)
 *(.preinit_array*)
                0x08007930                        PROVIDE (__preinit_array_end = .)
                0x08007930                        . = ALIGN (0x8)

.init_array     0x08007930        0x8
                0x08007930                        . = ALIGN (0x8)
                0x08007930                        PROVIDE (__init_array_start = .)
 *(SORT_BY_NAME(.init_array.*))
 *(.init_array*)
 .init_array    0x08007930        0x4 /usr/lib/gcc/arm-none-eabi/15.2.0/thumb/v7e-m+fp/hard/crtbegin.o
                0x08007934                        PROVIDE (__init_array_end = .)
                0x08007938                        . = ALIGN (0x8)
 *fill*         0x08007934        0x4 

.fini_array     0x08007938        0x8
                0x08007938                        . = ALIGN (0x8)
                0x08007938                        PROVIDE (__fini_array_start = .)
 *(SORT_BY_NAME(.fini_array.*))
 *(.fini_array*)
 .fini_array    0x08007938        0x4 /usr/lib/gcc/arm-none-eabi/15.2.0/thumb/v7e-m+fp/hard/crtbegin.o
                0x0800793c                        PROVIDE (__fini_array_end = .)
                0x08007940                        . = ALIGN (0x8)
 *fill*         0x0800793c        0x4 
                0x08007940                        _sidata = LOADADDR (.data)

.rel.dyn        0x08007940        0x0
 .rel.iplt      0x08007940        0x0 /usr/lib/gcc/arm-none-eabi/15.2.0/thumb/v7e-m+fp/hard/crtbegin.o

.data           0x20000000       0x80 load address 0x08007940
                0x20000000                        . = ALIGN (0x8)
                0x20000000                        _sdata = .
 *(.data)
 *(.data*)
 .data.msg_inv  0x20000000        0x4 build/task_handler.o
                0x20000000                msg_inv
 .data.date.0   0x20000004        0x4 build/rtc.o
 .data.time.2   0x20000008        0x4 build/rtc.o
 .data.flag.2   0x2000000c        0x4 build/led_effect.o
 .data.flag.3   0x20000010        0x4 build/led_effect.o
 .data.uwTickFreq
                0x20000014        0x1 build/stm32l4xx_hal.o
                0x20000014                uwTickFreq
 *fill*         0x20000015        0x3 
 .data.uwTickPrio
                0x20000018        0x4 build/stm32l4xx_hal.o
                0x20000018                uwTickPrio
 .data.SystemCoreClock
                0x2000001c        0x4 build/system_stm32l4xx.o
                0x2000001c                SystemCoreClock
 .data.uxCriticalNesting
                0x20000020        0x4 build/port.o
 .data.__sglue  0x20000024        0xc /usr/lib/gcc/arm-none-eabi/15.2.0/../../../../arm-none-eabi/lib/thumb/v7e-m+fp/hard/libc_nano.a(libc_a-findfp.o)
                0x20000024                __sglue
 .data._impure_ptr
                0x20000030        0x4 /usr/lib/gcc/arm-none-eabi/15.2.0/../../../../arm-none-eabi/lib/thumb/v7e-m+fp/hard/libc_nano.a(libc_a-impure.o)
                0x20000030                _impure_ptr
 .data._impure_data
                0x20000034       0x4c /usr/lib/gcc/arm-none-eabi/15.2.0/../../../../arm-none-eabi/lib/thumb/v7e-m+fp/hard/libc_nano.a(libc_a-impure.o)
                0x20000034                _impure_data
 *(.RamFunc)
 *(.RamFunc*)
                0x20000080                        . = ALIGN (0x8)
                0x20000080                        _edata = .

.tm_clone_table
                0x20000080        0x0 load address 0x080079c0
 .tm_clone_table
                0x20000080        0x0 /usr/lib/gcc/arm-none-eabi/15.2.0/thumb/v7e-m+fp/hard/crtbegin.o
 .tm_clone_table
                0x20000080        0x0 /usr/lib/gcc/arm-none-eabi/15.2.0/thumb/v7e-m+fp/hard/crtend.o

.igot.plt       0x20000080        0x0 load address 0x080079c0
 .igot.plt      0x20000080        0x0 /usr/lib/gcc/arm-none-eabi/15.2.0/thumb/v7e-m+fp/hard/crtbegin.o
                0x20000080                        . = ALIGN (0x4)

.bss            0x20000080     0x4ae4 load address 0x080079c0
                0x20000080                        _sbss = .
                0x20000080                        __bss_start__ = _sbss
 *(.bss)
 .bss           0x20000080       0x1c /usr/lib/gcc/arm-none-eabi/15.2.0/thumb/v7e-m+fp/hard/crtbegin.o
 *(.bss*)
 .bss.curr_state
                0x2000009c        0x1 build/main.o
                0x2000009c                curr_state
 .bss.user_data
                0x2000009d        0x1 build/main.o
                0x2000009d                user_data
 *fill*         0x2000009e        0x2 
 .bss.rtc_timer
                0x200000a0        0x4 build/main.o
                0x200000a0                rtc_timer
 .bss.handle_led_timer
                0x200000a4       0x10 build/main.o
                0x200000a4                handle_led_timer
 .bss.q_print   0x200000b4        0x4 build/main.o
                0x200000b4                q_print
 .bss.q_data    0x200000b8        0x4 build/main.o
                0x200000b8                q_data
 .bss.handle_rtc_task
                0x200000bc        0x4 build/main.o
                0x200000bc                handle_rtc_task
 .bss.handle_led_task
                0x200000c0        0x4 build/main.o
                0x200000c0                handle_led_task
 .bss.handle_print_task
                0x200000c4        0x4 build/main.o
                0x200000c4                handle_print_task
 .bss.handle_menu_task
                0x200000c8        0x4 build/main.o
                0x200000c8                handle_menu_task
 .bss.handle_cmd_task
                0x200000cc        0x4 build/main.o
                0x200000cc                handle_cmd_task
 .bss.defaultTaskHandle
                0x200000d0        0x4 build/main.o
                0x200000d0                defaultTaskHandle
 .bss.huart2    0x200000d4       0x88 build/main.o
                0x200000d4                huart2
 .bss.hrtc      0x2000015c       0x24 build/main.o
                0x2000015c                hrtc
 .bss.rtc_state.0
                0x20000180        0x4 build/task_handler.o
 .bss.showdate.1
                0x20000184       0x28 build/rtc.o
 .bss.showtime.3
                0x200001ac       0x28 build/rtc.o
 .bss.i.0       0x200001d4        0x4 build/led_effect.o
 .bss.i.1       0x200001d8        0x4 build/led_effect.o
 .bss.htim6     0x200001dc       0x4c build/stm32l4xx_hal_timebase_tim.o
                0x200001dc                htim6
 .bss.uwTick    0x20000228        0x4 build/stm32l4xx_hal.o
                0x20000228                uwTick
 .bss.xQueueRegistry
                0x2000022c       0x40 build/queue.o
                0x2000022c                xQueueRegistry
 .bss.uxSchedulerSuspended
                0x2000026c        0x4 build/tasks.o
 .bss.xIdleTaskHandle
                0x20000270        0x4 build/tasks.o
 .bss.xNextTaskUnblockTime
                0x20000274        0x4 build/tasks.o
 .bss.uxTaskNumber
                0x20000278        0x4 build/tasks.o
 .bss.xNumOfOverflows
                0x2000027c        0x4 build/tasks.o
 .bss.xYieldPending
                0x20000280        0x4 build/tasks.o
 .bss.xPendedTicks
                0x20000284        0x4 build/tasks.o
 .bss.xSchedulerRunning
                0x20000288        0x4 build/tasks.o
 .bss.uxTopReadyPriority
                0x2000028c        0x4 build/tasks.o
 .bss.xTickCount
                0x20000290        0x4 build/tasks.o
 .bss.uxCurrentNumberOfTasks
                0x20000294        0x4 build/tasks.o
 .bss.xSuspendedTaskList
                0x20000298       0x14 build/tasks.o
 .bss.uxDeletedTasksWaitingCleanUp
                0x200002ac        0x4 build/tasks.o
 .bss.xTasksWaitingTermination
                0x200002b0       0x14 build/tasks.o
 .bss.xPendingReadyList
                0x200002c4       0x14 build/tasks.o
 .bss.pxOverflowDelayedTaskList
                0x200002d8        0x4 build/tasks.o
 .bss.pxDelayedTaskList
                0x200002dc        0x4 build/tasks.o
 .bss.xDelayedTaskList2
                0x200002e0       0x14 build/tasks.o
 .bss.xDelayedTaskList1
                0x200002f4       0x14 build/tasks.o
 .bss.pxReadyTasksLists
                0x20000308      0x460 build/tasks.o
 .bss.pxCurrentTCB
                0x20000768        0x4 build/tasks.o
                0x20000768                pxCurrentTCB
 .bss.xStaticTimerQueue.0
                0x2000076c       0x50 build/timers.o
 .bss.ucStaticTimerQueueStorage.1
                0x200007bc       0xa0 build/timers.o
 .bss.xLastTime.2
                0x2000085c        0x4 build/timers.o
 .bss.xTimerTaskHandle
                0x20000860        0x4 build/timers.o
 .bss.xTimerQueue
                0x20000864        0x4 build/timers.o
 .bss.pxOverflowTimerList
                0x20000868        0x4 build/timers.o
 .bss.pxCurrentTimerList
                0x2000086c        0x4 build/timers.o
 .bss.xActiveTimerList2
                0x20000870       0x14 build/timers.o
 .bss.xActiveTimerList1
                0x20000884       0x14 build/timers.o
 .bss.Timer_Stack.0
                0x20000898      0x400 build/cmsis_os2.o
 .bss.Timer_TCB.1
                0x20000c98       0x5c build/cmsis_os2.o
 .bss.Idle_Stack.2
                0x20000cf4      0x200 build/cmsis_os2.o
 .bss.Idle_TCB.3
                0x20000ef4       0x5c build/cmsis_os2.o
 .bss.KernelState
                0x20000f50        0x4 build/cmsis_os2.o
 .bss.xBlockAllocatedBit
                0x20000f54        0x4 build/heap_4.o
 .bss.xNumberOfSuccessfulFrees
                0x20000f58        0x4 build/heap_4.o
 .bss.xNumberOfSuccessfulAllocations
                0x20000f5c        0x4 build/heap_4.o
 .bss.xMinimumEverFreeBytesRemaining
                0x20000f60        0x4 build/heap_4.o
 .bss.xFreeBytesRemaining
                0x20000f64        0x4 build/heap_4.o
 .bss.pxEnd     0x20000f68        0x4 build/heap_4.o
 .bss.xStart    0x20000f6c        0x8 build/heap_4.o
 .bss.ucHeap    0x20000f74     0x3a98 build/heap_4.o
 .bss.ulMaxPRIGROUPValue
                0x20004a0c        0x4 build/port.o
 .bss.ucMaxSysCallPriority
                0x20004a10        0x1 build/port.o
 *fill*         0x20004a11        0x3 
 .bss.__sbrk_heap_end
                0x20004a14        0x4 build/sysmem.o
 .bss.__sf      0x20004a18      0x138 /usr/lib/gcc/arm-none-eabi/15.2.0/../../../../arm-none-eabi/lib/thumb/v7e-m+fp/hard/libc_nano.a(libc_a-findfp.o)
                0x20004a18                __sf
 .bss.__stdio_exit_handler
                0x20004b50        0x4 /usr/lib/gcc/arm-none-eabi/15.2.0/../../../../arm-none-eabi/lib/thumb/v7e-m+fp/hard/libc_nano.a(libc_a-findfp.o)
                0x20004b50                __stdio_exit_handler
 .bss.errno     0x20004b54        0x4 /usr/lib/gcc/arm-none-eabi/15.2.0/../../../../arm-none-eabi/lib/thumb/v7e-m+fp/hard/libc_nano.a(libc_a-reent.o)
                0x20004b54                errno
 .bss.__lock___malloc_recursive_mutex
                0x20004b58        0x1 /usr/lib/gcc/arm-none-eabi/15.2.0/../../../../arm-none-eabi/lib/thumb/v7e-m+fp/hard/libc_nano.a(libc_a-lock.o)
                0x20004b58                __lock___malloc_recursive_mutex
 .bss.__lock___sfp_recursive_mutex
                0x20004b59        0x1 /usr/lib/gcc/arm-none-eabi/15.2.0/../../../../arm-none-eabi/lib/thumb/v7e-m+fp/hard/libc_nano.a(libc_a-lock.o)
                0x20004b59                __lock___sfp_recursive_mutex
 *fill*         0x20004b5a        0x2 
 .bss.__malloc_sbrk_start
                0x20004b5c        0x4 /usr/lib/gcc/arm-none-eabi/15.2.0/../../../../arm-none-eabi/lib/thumb/v7e-m+fp/hard/libc_nano.a(libc_a-mallocr.o)
                0x20004b5c                __malloc_sbrk_start
 .bss.__malloc_free_list
                0x20004b60        0x4 /usr/lib/gcc/arm-none-eabi/15.2.0/../../../../arm-none-eabi/lib/thumb/v7e-m+fp/hard/libc_nano.a(libc_a-mallocr.o)
                0x20004b60                __malloc_free_list
 *(COMMON)
                0x20004b64                        . = ALIGN (0x4)
                0x20004b64                        _ebss = .
                0x20004b64                        __bss_end__ = _ebss

._user_heap_stack
                0x20004b64      0x604 load address 0x080079c0
                0x20004b68                        . = ALIGN (0x8)
 *fill*         0x20004b64        0x4 
                [!provide]                        PROVIDE (end = .)
                0x20004b68                        PROVIDE (_end = .)
                0x20004d68                        . = (. + _Min_Heap_Size)
 *fill*         0x20004b68      0x200 
                0x20005168                        . = (. + _Min_Stack_Size)
 *fill*         0x20004d68      0x400 
                0x20005168                        . = ALIGN (0x8)

/DISCARD/
 libc.a(*)
 libm.a(*)
 libgcc.a(*)
OUTPUT(build/STM32-RTOS-Queue-n-timers.elf elf32-littlearm)
LOAD linker stubs
LOAD /usr/lib/gcc/arm-none-eabi/15.2.0/../../../../arm-none-eabi/lib/thumb/v7e-m+fp/hard/libc.a
LOAD /usr/lib/gcc/arm-none-eabi/15.2.0/../../../../arm-none-eabi/lib/thumb/v7e-m+fp/hard/libm.a
LOAD /usr/lib/gcc/arm-none-eabi/15.2.0/thumb/v7e-m+fp/hard/libgcc.a

.ARM.attributes
                0x00000000       0x30
 .ARM.attributes
                0x00000000       0x22 /usr/lib/gcc/arm-none-eabi/15.2.0/thumb/v7e-m+fp/hard/crti.o
 .ARM.attributes
                0x00000022       0x34 /usr/lib/gcc/arm-none-eabi/15.2.0/thumb/v7e-m+fp/hard/crtbegin.o
 .ARM.attributes
                0x00000056       0x34 build/main.o
 .ARM.attributes
                0x0000008a       0x34 build/freertos.o
 .ARM.attributes
                0x000000be       0x34 build/task_handler.o
 .ARM.attributes
                0x000000f2       0x34 build/rtc.o
 .ARM.attributes
                0x00000126       0x34 build/led_effect.o
 .ARM.attributes
                0x0000015a       0x34 build/stm32l4xx_it.o
 .ARM.attributes
                0x0000018e       0x34 build/stm32l4xx_hal_msp.o
 .ARM.attributes
                0x000001c2       0x34 build/stm32l4xx_hal_timebase_tim.o
 .ARM.attributes
                0x000001f6       0x34 build/stm32l4xx_hal_tim.o
 .ARM.attributes
                0x0000022a       0x34 build/stm32l4xx_hal_tim_ex.o
 .ARM.attributes
                0x0000025e       0x34 build/stm32l4xx_hal.o
 .ARM.attributes
                0x00000292       0x34 build/stm32l4xx_hal_rcc.o
 .ARM.attributes
                0x000002c6       0x34 build/stm32l4xx_hal_rcc_ex.o
 .ARM.attributes
                0x000002fa       0x34 build/stm32l4xx_hal_gpio.o
 .ARM.attributes
                0x0000032e       0x34 build/stm32l4xx_hal_dma.o
 .ARM.attributes
                0x00000362       0x34 build/stm32l4xx_hal_pwr_ex.o
 .ARM.attributes
                0x00000396       0x34 build/stm32l4xx_hal_cortex.o
 .ARM.attributes
                0x000003ca       0x34 build/system_stm32l4xx.o
 .ARM.attributes
                0x000003fe       0x34 build/list.o
 .ARM.attributes
                0x00000432       0x34 build/queue.o
 .ARM.attributes
                0x00000466       0x34 build/tasks.o
 .ARM.attributes
                0x0000049a       0x34 build/timers.o
 .ARM.attributes
                0x000004ce       0x34 build/cmsis_os2.o
 .ARM.attributes
                0x00000502       0x34 build/heap_4.o
 .ARM.attributes
                0x00000536       0x34 build/port.o
 .ARM.attributes
                0x0000056a       0x34 build/sysmem.o
 .ARM.attributes
                0x0000059e       0x34 build/syscalls.o
 .ARM.attributes
                0x000005d2       0x34 build/stm32l4xx_hal_rtc.o
 .ARM.attributes
                0x00000606       0x34 build/stm32l4xx_hal_uart.o
 .ARM.attributes
                0x0000063a       0x34 build/stm32l4xx_hal_uart_ex.o
 .ARM.attributes
                0x0000066e       0x21 build/startup_stm32l476xx.o
 .ARM.attributes
                0x0000068f       0x34 /usr/lib/gcc/arm-none-eabi/15.2.0/../../../../arm-none-eabi/lib/thumb/v7e-m+fp/hard/libc_nano.a(libc_a-findfp.o)
 .ARM.attributes
                0x000006c3       0x34 /usr/lib/gcc/arm-none-eabi/15.2.0/../../../../arm-none-eabi/lib/thumb/v7e-m+fp/hard/libc_nano.a(libc_a-fwalk.o)
 .ARM.attributes
                0x000006f7       0x34 /usr/lib/gcc/arm-none-eabi/15.2.0/../../../../arm-none-eabi/lib/thumb/v7e-m+fp/hard/libc_nano.a(libc_a-printf.o)
 .ARM.attributes
                0x0000072b       0x34 /usr/lib/gcc/arm-none-eabi/15.2.0/../../../../arm-none-eabi/lib/thumb/v7e-m+fp/hard/libc_nano.a(libc_a-sprintf.o)
 .ARM.attributes
                0x0000075f       0x34 /usr/lib/gcc/arm-none-eabi/15.2.0/../../../../arm-none-eabi/lib/thumb/v7e-m+fp/hard/libc_nano.a(libc_a-stdio.o)
 .ARM.attributes
                0x00000793       0x34 /usr/lib/gcc/arm-none-eabi/15.2.0/../../../../arm-none-eabi/lib/thumb/v7e-m+fp/hard/libc_nano.a(libc_a-memset.o)
 .ARM.attributes
                0x000007c7       0x34 /usr/lib/gcc/arm-none-eabi/15.2.0/../../../../arm-none-eabi/lib/thumb/v7e-m+fp/hard/libc_nano.a(libc_a-closer.o)
 .ARM.attributes
                0x000007fb       0x34 /usr/lib/gcc/arm-none-eabi/15.2.0/../../../../arm-none-eabi/lib/thumb/v7e-m+fp/hard/libc_nano.a(libc_a-reent.o)
 .ARM.attributes
                0x0000082f       0x34 /usr/lib/gcc/arm-none-eabi/15.2.0/../../../../arm-none-eabi/lib/thumb/v7e-m+fp/hard/libc_nano.a(libc_a-impure.o)
 .ARM.attributes
                0x00000863       0x34 /usr/lib/gcc/arm-none-eabi/15.2.0/../../../../arm-none-eabi/lib/thumb/v7e-m+fp/hard/libc_nano.a(libc_a-lseekr.o)
 .ARM.attributes
                0x00000897       0x34 /usr/lib/gcc/arm-none-eabi/15.2.0/../../../../arm-none-eabi/lib/thumb/v7e-m+fp/hard/libc_nano.a(libc_a-readr.o)
 .ARM.attributes
                0x000008cb       0x34 /usr/lib/gcc/arm-none-eabi/15.2.0/../../../../arm-none-eabi/lib/thumb/v7e-m+fp/hard/libc_nano.a(libc_a-writer.o)
 .ARM.attributes
                0x000008ff       0x34 /usr/lib/gcc/arm-none-eabi/15.2.0/../../../../arm-none-eabi/lib/thumb/v7e-m+fp/hard/libc_nano.a(libc_a-errno.o)
 .ARM.attributes
                0x00000933       0x34 /usr/lib/gcc/arm-none-eabi/15.2.0/../../../../arm-none-eabi/lib/thumb/v7e-m+fp/hard/libc_nano.a(libc_a-init.o)
 .ARM.attributes
                0x00000967       0x34 /usr/lib/gcc/arm-none-eabi/15.2.0/../../../../arm-none-eabi/lib/thumb/v7e-m+fp/hard/libc_nano.a(libc_a-lock.o)
 .ARM.attributes
                0x0000099b       0x20 /usr/lib/gcc/arm-none-eabi/15.2.0/../../../../arm-none-eabi/lib/thumb/v7e-m+fp/hard/libc_nano.a(libc_a-strcmp.o)
 .ARM.attributes
                0x000009bb       0x34 /usr/lib/gcc/arm-none-eabi/15.2.0/../../../../arm-none-eabi/lib/thumb/v7e-m+fp/hard/libc_nano.a(libc_a-memcpy-stub.o)
 .ARM.attributes
                0x000009ef       0x17 /usr/lib/gcc/arm-none-eabi/15.2.0/../../../../arm-none-eabi/lib/thumb/v7e-m+fp/hard/libc_nano.a(libc_a-strlen.o)
 .ARM.attributes
                0x00000a06       0x34 /usr/lib/gcc/arm-none-eabi/15.2.0/../../../../arm-none-eabi/lib/thumb/v7e-m+fp/hard/libc_nano.a(libc_a-freer.o)
 .ARM.attributes
                0x00000a3a       0x34 /usr/lib/gcc/arm-none-eabi/15.2.0/../../../../arm-none-eabi/lib/thumb/v7e-m+fp/hard/libc_nano.a(libc_a-mallocr.o)
 .ARM.attributes
                0x00000a6e       0x34 /usr/lib/gcc/arm-none-eabi/15.2.0/../../../../arm-none-eabi/lib/thumb/v7e-m+fp/hard/libc_nano.a(libc_a-mlock.o)
 .ARM.attributes
                0x00000aa2       0x34 /usr/lib/gcc/arm-none-eabi/15.2.0/../../../../arm-none-eabi/lib/thumb/v7e-m+fp/hard/libc_nano.a(libc_a-nano-svfprintf.o)
 .ARM.attributes
                0x00000ad6       0x34 /usr/lib/gcc/arm-none-eabi/15.2.0/../../../../arm-none-eabi/lib/thumb/v7e-m+fp/hard/libc_nano.a(libc_a-nano-vfprintf.o)
 .ARM.attributes
                0x00000b0a       0x34 /usr/lib/gcc/arm-none-eabi/15.2.0/../../../../arm-none-eabi/lib/thumb/v7e-m+fp/hard/libc_nano.a(libc_a-nano-vfprintf_i.o)
 .ARM.attributes
                0x00000b3e       0x34 /usr/lib/gcc/arm-none-eabi/15.2.0/../../../../arm-none-eabi/lib/thumb/v7e-m+fp/hard/libc_nano.a(libc_a-fflush.o)
 .ARM.attributes
                0x00000b72       0x34 /usr/lib/gcc/arm-none-eabi/15.2.0/../../../../arm-none-eabi/lib/thumb/v7e-m+fp/hard/libc_nano.a(libc_a-wbuf.o)
 .ARM.attributes
                0x00000ba6       0x34 /usr/lib/gcc/arm-none-eabi/15.2.0/../../../../arm-none-eabi/lib/thumb/v7e-m+fp/hard/libc_nano.a(libc_a-wsetup.o)
 .ARM.attributes
                0x00000bda       0x34 /usr/lib/gcc/arm-none-eabi/15.2.0/../../../../arm-none-eabi/lib/thumb/v7e-m+fp/hard/libc_nano.a(libc_a-memmove.o)
 .ARM.attributes
                0x00000c0e       0x34 /usr/lib/gcc/arm-none-eabi/15.2.0/../../../../arm-none-eabi/lib/thumb/v7e-m+fp/hard/libc_nano.a(libc_a-sbrkr.o)
 .ARM.attributes
                0x00000c42       0x1c /usr/lib/gcc/arm-none-eabi/15.2.0/../../../../arm-none-eabi/lib/thumb/v7e-m+fp/hard/libc_nano.a(libc_a-memchr.o)
 .ARM.attributes
                0x00000c5e       0x34 /usr/lib/gcc/arm-none-eabi/15.2.0/../../../../arm-none-eabi/lib/thumb/v7e-m+fp/hard/libc_nano.a(libc_a-reallocr.o)
 .ARM.attributes
                0x00000c92       0x34 /usr/lib/gcc/arm-none-eabi/15.2.0/../../../../arm-none-eabi/lib/thumb/v7e-m+fp/hard/libc_nano.a(libc_a-makebuf.o)
 .ARM.attributes
                0x00000cc6       0x34 /usr/lib/gcc/arm-none-eabi/15.2.0/../../../../arm-none-eabi/lib/thumb/v7e-m+fp/hard/libc_nano.a(libc_a-fstatr.o)
 .ARM.attributes
                0x00000cfa       0x34 /usr/lib/gcc/arm-none-eabi/15.2.0/../../../../arm-none-eabi/lib/thumb/v7e-m+fp/hard/libc_nano.a(libc_a-isattyr.o)
 .ARM.attributes
                0x00000d2e       0x34 /usr/lib/gcc/arm-none-eabi/15.2.0/../../../../arm-none-eabi/lib/thumb/v7e-m+fp/hard/libc_nano.a(libc_a-msizer.o)
 .ARM.attributes
                0x00000d62       0x22 /usr/lib/gcc/arm-none-eabi/15.2.0/thumb/v7e-m+fp/hard/libgcc.a(_aeabi_uldivmod.o)
 .ARM.attributes
                0x00000d84       0x34 /usr/lib/gcc/arm-none-eabi/15.2.0/thumb/v7e-m+fp/hard/libgcc.a(_udivmoddi4.o)
 .ARM.attributes
                0x00000db8       0x22 /usr/lib/gcc/arm-none-eabi/15.2.0/thumb/v7e-m+fp/hard/libgcc.a(_dvmd_tls.o)
 .ARM.attributes
                0x00000dda       0x34 /usr/lib/gcc/arm-none-eabi/15.2.0/thumb/v7e-m+fp/hard/crtend.o
 .ARM.attributes
                0x00000e0e       0x22 /usr/lib/gcc/arm-none-eabi/15.2.0/thumb/v7e-m+fp/hard/crtn.o

.comment        0x00000000       0x46
 .comment       0x00000000       0x46 /usr/lib/gcc/arm-none-eabi/15.2.0/thumb/v7e-m+fp/hard/crtbegin.o
                                 0x24 (size before relaxing)
 .comment       0x00000046        0x0 build/main.o
                                 0x24 (size before relaxing)
 .comment       0x00000046        0x0 build/freertos.o
                                 0x24 (size before relaxing)
 .comment       0x00000046        0x0 build/task_handler.o
                                 0x24 (size before relaxing)
 .comment       0x00000046        0x0 build/rtc.o
                                 0x24 (size before relaxing)
 .comment       0x00000046        0x0 build/led_effect.o
                                 0x24 (size before relaxing)
 .comment       0x00000046        0x0 build/stm32l4xx_it.o
                                 0x24 (size before relaxing)
 .comment       0x00000046        0x0 build/stm32l4xx_hal_msp.o
                                 0x24 (size before relaxing)
 .comment       0x00000046        0x0 build/stm32l4xx_hal_timebase_tim.o
                                 0x24 (size before relaxing)
 .comment       0x00000046        0x0 build/stm32l4xx_hal_tim.o
                                 0x24 (size before relaxing)
 .comment       0x00000046        0x0 build/stm32l4xx_hal_tim_ex.o
                                 0x24 (size before relaxing)
 .comment       0x00000046        0x0 build/stm32l4xx_hal.o
                                 0x24 (size before relaxing)
 .comment       0x00000046        0x0 build/stm32l4xx_hal_rcc.o
                                 0x24 (size before relaxing)
 .comment       0x00000046        0x0 build/stm32l4xx_hal_rcc_ex.o
                                 0x24 (size before relaxing)
 .comment       0x00000046        0x0 build/stm32l4xx_hal_gpio.o
                                 0x24 (size before relaxing)
 .comment       0x00000046        0x0 build/stm32l4xx_hal_dma.o
                                 0x24 (size before relaxing)
 .comment       0x00000046        0x0 build/stm32l4xx_hal_pwr_ex.o
                                 0x24 (size before relaxing)
 .comment       0x00000046        0x0 build/stm32l4xx_hal_cortex.o
                                 0x24 (size before relaxing)
 .comment       0x00000046        0x0 build/system_stm32l4xx.o
                                 0x24 (size before relaxing)
 .comment       0x00000046        0x0 build/list.o
                                 0x24 (size before relaxing)
 .comment       0x00000046        0x0 build/queue.o
                                 0x24 (size before relaxing)
 .comment       0x00000046        0x0 build/tasks.o
                                 0x24 (size before relaxing)
 .comment       0x00000046        0x0 build/timers.o
                                 0x24 (size before relaxing)
 .comment       0x00000046        0x0 build/cmsis_os2.o
                                 0x24 (size before relaxing)
 .comment       0x00000046        0x0 build/heap_4.o
                                 0x24 (size before relaxing)
 .comment       0x00000046        0x0 build/port.o
                                 0x24 (size before relaxing)
 .comment       0x00000046        0x0 build/sysmem.o
                                 0x24 (size before relaxing)
 .comment       0x00000046        0x0 build/syscalls.o
                                 0x24 (size before relaxing)
 .comment       0x00000046        0x0 build/stm32l4xx_hal_rtc.o
                                 0x24 (size before relaxing)
 .comment       0x00000046        0x0 build/stm32l4xx_hal_uart.o
                                 0x24 (size before relaxing)
 .comment       0x00000046        0x0 build/stm32l4xx_hal_uart_ex.o
                                 0x24 (size before relaxing)
 .comment       0x00000046        0x0 /usr/lib/gcc/arm-none-eabi/15.2.0/../../../../arm-none-eabi/lib/thumb/v7e-m+fp/hard/libc_nano.a(libc_a-findfp.o)
                                 0x24 (size before relaxing)
 .comment       0x00000046        0x0 /usr/lib/gcc/arm-none-eabi/15.2.0/../../../../arm-none-eabi/lib/thumb/v7e-m+fp/hard/libc_nano.a(libc_a-fwalk.o)
                                 0x24 (size before relaxing)
 .comment       0x00000046        0x0 /usr/lib/gcc/arm-none-eabi/15.2.0/../../../../arm-none-eabi/lib/thumb/v7e-m+fp/hard/libc_nano.a(libc_a-printf.o)
                                 0x24 (size before relaxing)
 .comment       0x00000046        0x0 /usr/lib/gcc/arm-none-eabi/15.2.0/../../../../arm-none-eabi/lib/thumb/v7e-m+fp/hard/libc_nano.a(libc_a-sprintf.o)
                                 0x24 (size before relaxing)
 .comment       0x00000046        0x0 /usr/lib/gcc/arm-none-eabi/15.2.0/../../../../arm-none-eabi/lib/thumb/v7e-m+fp/hard/libc_nano.a(libc_a-stdio.o)
                                 0x24 (size before relaxing)
 .comment       0x00000046        0x0 /usr/lib/gcc/arm-none-eabi/15.2.0/../../../../arm-none-eabi/lib/thumb/v7e-m+fp/hard/libc_nano.a(libc_a-memset.o)
                                 0x24 (size before relaxing)
 .comment       0x00000046        0x0 /usr/lib/gcc/arm-none-eabi/15.2.0/../../../../arm-none-eabi/lib/thumb/v7e-m+fp/hard/libc_nano.a(libc_a-closer.o)
                                 0x24 (size before relaxing)
 .comment       0x00000046        0x0 /usr/lib/gcc/arm-none-eabi/15.2.0/../../../../arm-none-eabi/lib/thumb/v7e-m+fp/hard/libc_nano.a(libc_a-reent.o)
                                 0x24 (size before relaxing)
 .comment       0x00000046        0x0 /usr/lib/gcc/arm-none-eabi/15.2.0/../../../../arm-none-eabi/lib/thumb/v7e-m+fp/hard/libc_nano.a(libc_a-impure.o)
                                 0x24 (size before relaxing)
 .comment       0x00000046        0x0 /usr/lib/gcc/arm-none-eabi/15.2.0/../../../../arm-none-eabi/lib/thumb/v7e-m+fp/hard/libc_nano.a(libc_a-lseekr.o)
                                 0x24 (size before relaxing)
 .comment       0x00000046        0x0 /usr/lib/gcc/arm-none-eabi/15.2.0/../../../../arm-none-eabi/lib/thumb/v7e-m+fp/hard/libc_nano.a(libc_a-readr.o)
                                 0x24 (size before relaxing)
 .comment       0x00000046        0x0 /usr/lib/gcc/arm-none-eabi/15.2.0/../../../../arm-none-eabi/lib/thumb/v7e-m+fp/hard/libc_nano.a(libc_a-writer.o)
                                 0x24 (size before relaxing)
 .comment       0x00000046        0x0 /usr/lib/gcc/arm-none-eabi/15.2.0/../../../../arm-none-eabi/lib/thumb/v7e-m+fp/hard/libc_nano.a(libc_a-errno.o)
                                 0x24 (size before relaxing)
 .comment       0x00000046        0x0 /usr/lib/gcc/arm-none-eabi/15.2.0/../../../../arm-none-eabi/lib/thumb/v7e-m+fp/hard/libc_nano.a(libc_a-init.o)
                                 0x24 (size before relaxing)
 .comment       0x00000046        0x0 /usr/lib/gcc/arm-none-eabi/15.2.0/../../../../arm-none-eabi/lib/thumb/v7e-m+fp/hard/libc_nano.a(libc_a-lock.o)
                                 0x24 (size before relaxing)
 .comment       0x00000046        0x0 /usr/lib/gcc/arm-none-eabi/15.2.0/../../../../arm-none-eabi/lib/thumb/v7e-m+fp/hard/libc_nano.a(libc_a-memcpy-stub.o)
                                 0x24 (size before relaxing)
 .comment       0x00000046        0x0 /usr/lib/gcc/arm-none-eabi/15.2.0/../../../../arm-none-eabi/lib/thumb/v7e-m+fp/hard/libc_nano.a(libc_a-freer.o)
                                 0x24 (size before relaxing)
 .comment       0x00000046        0x0 /usr/lib/gcc/arm-none-eabi/15.2.0/../../../../arm-none-eabi/lib/thumb/v7e-m+fp/hard/libc_nano.a(libc_a-mallocr.o)
                                 0x24 (size before relaxing)
 .comment       0x00000046        0x0 /usr/lib/gcc/arm-none-eabi/15.2.0/../../../../arm-none-eabi/lib/thumb/v7e-m+fp/hard/libc_nano.a(libc_a-mlock.o)
                                 0x24 (size before relaxing)
 .comment       0x00000046        0x0 /usr/lib/gcc/arm-none-eabi/15.2.0/../../../../arm-none-eabi/lib/thumb/v7e-m+fp/hard/libc_nano.a(libc_a-nano-svfprintf.o)
                                 0x24 (size before relaxing)
 .comment       0x00000046        0x0 /usr/lib/gcc/arm-none-eabi/15.2.0/../../../../arm-none-eabi/lib/thumb/v7e-m+fp/hard/libc_nano.a(libc_a-nano-vfprintf.o)
                                 0x24 (size before relaxing)
 .comment       0x00000046        0x0 /usr/lib/gcc/arm-none-eabi/15.2.0/../../../../arm-none-eabi/lib/thumb/v7e-m+fp/hard/libc_nano.a(libc_a-nano-vfprintf_i.o)
                                 0x24 (size before relaxing)
 .comment       0x00000046        0x0 /usr/lib/gcc/arm-none-eabi/15.2.0/../../../../arm-none-eabi/lib/thumb/v7e-m+fp/hard/libc_nano.a(libc_a-fflush.o)
                                 0x24 (size before relaxing)
 .comment       0x00000046        0x0 /usr/lib/gcc/arm-none-eabi/15.2.0/../../../../arm-none-eabi/lib/thumb/v7e-m+fp/hard/libc_nano.a(libc_a-wbuf.o)
                                 0x24 (size before relaxing)
 .comment       0x00000046        0x0 /usr/lib/gcc/arm-none-eabi/15.2.0/../../../../arm-none-eabi/lib/thumb/v7e-m+fp/hard/libc_nano.a(libc_a-wsetup.o)
                                 0x24 (size before relaxing)
 .comment       0x00000046        0x0 /usr/lib/gcc/arm-none-eabi/15.2.0/../../../../arm-none-eabi/lib/thumb/v7e-m+fp/hard/libc_nano.a(libc_a-memmove.o)
                                 0x24 (size before relaxing)
 .comment       0x00000046        0x0 /usr/lib/gcc/arm-none-eabi/15.2.0/../../../../arm-none-eabi/lib/thumb/v7e-m+fp/hard/libc_nano.a(libc_a-sbrkr.o)
                                 0x24 (size before relaxing)
 .comment       0x00000046        0x0 /usr/lib/gcc/arm-none-eabi/15.2.0/../../../../arm-none-eabi/lib/thumb/v7e-m+fp/hard/libc_nano.a(libc_a-reallocr.o)
                                 0x24 (size before relaxing)
 .comment       0x00000046        0x0 /usr/lib/gcc/arm-none-eabi/15.2.0/../../../../arm-none-eabi/lib/thumb/v7e-m+fp/hard/libc_nano.a(libc_a-makebuf.o)
                                 0x24 (size before relaxing)
 .comment       0x00000046        0x0 /usr/lib/gcc/arm-none-eabi/15.2.0/../../../../arm-none-eabi/lib/thumb/v7e-m+fp/hard/libc_nano.a(libc_a-fstatr.o)
                                 0x24 (size before relaxing)
 .comment       0x00000046        0x0 /usr/lib/gcc/arm-none-eabi/15.2.0/../../../../arm-none-eabi/lib/thumb/v7e-m+fp/hard/libc_nano.a(libc_a-isattyr.o)
                                 0x24 (size before relaxing)
 .comment       0x00000046        0x0 /usr/lib/gcc/arm-none-eabi/15.2.0/../../../../arm-none-eabi/lib/thumb/v7e-m+fp/hard/libc_nano.a(libc_a-msizer.o)
                                 0x24 (size before relaxing)
 .comment       0x00000046        0x0 /usr/lib/gcc/arm-none-eabi/15.2.0/thumb/v7e-m+fp/hard/libgcc.a(_udivmoddi4.o)
                                 0x24 (size before relaxing)
 .comment       0x00000046        0x0 /usr/lib/gcc/arm-none-eabi/15.2.0/thumb/v7e-m+fp/hard/crtend.o
                                 0x24 (size before relaxing)

.debug_info     0x00000000    0x3bc0f
 .debug_info    0x00000000     0x25d1 build/main.o
 .debug_info    0x000025d1      0x145 build/freertos.o
 .debug_info    0x00002716     0x17bf build/task_handler.o
 .debug_info    0x00003ed5      0xb2b build/rtc.o
 .debug_info    0x00004a00      0x745 build/led_effect.o
 .debug_info    0x00005145      0xc45 build/stm32l4xx_it.o
 .debug_info    0x00005d8a     0x1780 build/stm32l4xx_hal_msp.o
 .debug_info    0x0000750a      0xed0 build/stm32l4xx_hal_timebase_tim.o
 .debug_info    0x000083da     0x4416 build/stm32l4xx_hal_tim.o
 .debug_info    0x0000c7f0     0x203a build/stm32l4xx_hal_tim_ex.o
 .debug_info    0x0000e82a      0xd4c build/stm32l4xx_hal.o
 .debug_info    0x0000f576     0x10e1 build/stm32l4xx_hal_rcc.o
 .debug_info    0x00010657     0x1428 build/stm32l4xx_hal_rcc_ex.o
 .debug_info    0x00011a7f      0x961 build/stm32l4xx_hal_gpio.o
 .debug_info    0x000123e0      0x922 build/stm32l4xx_hal_dma.o
 .debug_info    0x00012d02      0xbf7 build/stm32l4xx_hal_pwr_ex.o
 .debug_info    0x000138f9     0x11fd build/stm32l4xx_hal_cortex.o
 .debug_info    0x00014af6      0x69a build/system_stm32l4xx.o
 .debug_info    0x00015190      0x31b build/list.o
 .debug_info    0x000154ab     0x2a30 build/queue.o
 .debug_info    0x00017edb     0x3430 build/tasks.o
 .debug_info    0x0001b30b     0x1d2e build/timers.o
 .debug_info    0x0001d039     0x5289 build/cmsis_os2.o
 .debug_info    0x000222c2      0x65c build/heap_4.o
 .debug_info    0x0002291e      0x5c2 build/port.o
 .debug_info    0x00022ee0      0x18c build/sysmem.o
 .debug_info    0x0002306c      0x854 build/syscalls.o
 .debug_info    0x000238c0     0x13eb build/stm32l4xx_hal_rtc.o
 .debug_info    0x00024cab     0x5069 build/stm32l4xx_hal_uart.o
 .debug_info    0x00029d14     0x117a build/stm32l4xx_hal_uart_ex.o
 .debug_info    0x0002ae8e       0x30 build/startup_stm32l476xx.o
 .debug_info    0x0002aebe      0xfbf /usr/lib/gcc/arm-none-eabi/15.2.0/../../../../arm-none-eabi/lib/thumb/v7e-m+fp/hard/libc_nano.a(libc_a-findfp.o)
 .debug_info    0x0002be7d      0x7d7 /usr/lib/gcc/arm-none-eabi/15.2.0/../../../../arm-none-eabi/lib/thumb/v7e-m+fp/hard/libc_nano.a(libc_a-fwalk.o)
 .debug_info    0x0002c654      0x846 /usr/lib/gcc/arm-none-eabi/15.2.0/../../../../arm-none-eabi/lib/thumb/v7e-m+fp/hard/libc_nano.a(libc_a-printf.o)
 .debug_info    0x0002ce9a      0x88a /usr/lib/gcc/arm-none-eabi/15.2.0/../../../../arm-none-eabi/lib/thumb/v7e-m+fp/hard/libc_nano.a(libc_a-sprintf.o)
 .debug_info    0x0002d724      0xa95 /usr/lib/gcc/arm-none-eabi/15.2.0/../../../../arm-none-eabi/lib/thumb/v7e-m+fp/hard/libc_nano.a(libc_a-stdio.o)
 .debug_info    0x0002e1b9       0xe5 /usr/lib/gcc/arm-none-eabi/15.2.0/../../../../arm-none-eabi/lib/thumb/v7e-m+fp/hard/libc_nano.a(libc_a-memset.o)
 .debug_info    0x0002e29e      0x762 /usr/lib/gcc/arm-none-eabi/15.2.0/../../../../arm-none-eabi/lib/thumb/v7e-m+fp/hard/libc_nano.a(libc_a-closer.o)
 .debug_info    0x0002ea00      0x8a6 /usr/lib/gcc/arm-none-eabi/15.2.0/../../../../arm-none-eabi/lib/thumb/v7e-m+fp/hard/libc_nano.a(libc_a-reent.o)
 .debug_info    0x0002f2a6      0x71a /usr/lib/gcc/arm-none-eabi/15.2.0/../../../../arm-none-eabi/lib/thumb/v7e-m+fp/hard/libc_nano.a(libc_a-impure.o)
 .debug_info    0x0002f9c0      0x7ad /usr/lib/gcc/arm-none-eabi/15.2.0/../../../../arm-none-eabi/lib/thumb/v7e-m+fp/hard/libc_nano.a(libc_a-lseekr.o)
 .debug_info    0x0003016d      0x7c4 /usr/lib/gcc/arm-none-eabi/15.2.0/../../../../arm-none-eabi/lib/thumb/v7e-m+fp/hard/libc_nano.a(libc_a-readr.o)
 .debug_info    0x00030931      0x7ca /usr/lib/gcc/arm-none-eabi/15.2.0/../../../../arm-none-eabi/lib/thumb/v7e-m+fp/hard/libc_nano.a(libc_a-writer.o)
 .debug_info    0x000310fb      0x700 /usr/lib/gcc/arm-none-eabi/15.2.0/../../../../arm-none-eabi/lib/thumb/v7e-m+fp/hard/libc_nano.a(libc_a-errno.o)
 .debug_info    0x000317fb      0x110 /usr/lib/gcc/arm-none-eabi/15.2.0/../../../../arm-none-eabi/lib/thumb/v7e-m+fp/hard/libc_nano.a(libc_a-init.o)
 .debug_info    0x0003190b      0x21d /usr/lib/gcc/arm-none-eabi/15.2.0/../../../../arm-none-eabi/lib/thumb/v7e-m+fp/hard/libc_nano.a(libc_a-lock.o)
 .debug_info    0x00031b28       0x31 /usr/lib/gcc/arm-none-eabi/15.2.0/../../../../arm-none-eabi/lib/thumb/v7e-m+fp/hard/libc_nano.a(libc_a-strcmp.o)
 .debug_info    0x00031b59      0x126 /usr/lib/gcc/arm-none-eabi/15.2.0/../../../../arm-none-eabi/lib/thumb/v7e-m+fp/hard/libc_nano.a(libc_a-memcpy-stub.o)
 .debug_info    0x00031c7f       0x31 /usr/lib/gcc/arm-none-eabi/15.2.0/../../../../arm-none-eabi/lib/thumb/v7e-m+fp/hard/libc_nano.a(libc_a-strlen.o)
 .debug_info    0x00031cb0      0x845 /usr/lib/gcc/arm-none-eabi/15.2.0/../../../../arm-none-eabi/lib/thumb/v7e-m+fp/hard/libc_nano.a(libc_a-freer.o)
 .debug_info    0x000324f5      0x9c1 /usr/lib/gcc/arm-none-eabi/15.2.0/../../../../arm-none-eabi/lib/thumb/v7e-m+fp/hard/libc_nano.a(libc_a-mallocr.o)
 .debug_info    0x00032eb6      0x770 /usr/lib/gcc/arm-none-eabi/15.2.0/../../../../arm-none-eabi/lib/thumb/v7e-m+fp/hard/libc_nano.a(libc_a-mlock.o)
 .debug_info    0x00033626     0x10b8 /usr/lib/gcc/arm-none-eabi/15.2.0/../../../../arm-none-eabi/lib/thumb/v7e-m+fp/hard/libc_nano.a(libc_a-nano-svfprintf.o)
 .debug_info    0x000346de     0x1099 /usr/lib/gcc/arm-none-eabi/15.2.0/../../../../arm-none-eabi/lib/thumb/v7e-m+fp/hard/libc_nano.a(libc_a-nano-vfprintf.o)
 .debug_info    0x00035777      0xde7 /usr/lib/gcc/arm-none-eabi/15.2.0/../../../../arm-none-eabi/lib/thumb/v7e-m+fp/hard/libc_nano.a(libc_a-nano-vfprintf_i.o)
 .debug_info    0x0003655e      0x9f7 /usr/lib/gcc/arm-none-eabi/15.2.0/../../../../arm-none-eabi/lib/thumb/v7e-m+fp/hard/libc_nano.a(libc_a-fflush.o)
 .debug_info    0x00036f55      0x879 /usr/lib/gcc/arm-none-eabi/15.2.0/../../../../arm-none-eabi/lib/thumb/v7e-m+fp/hard/libc_nano.a(libc_a-wbuf.o)
 .debug_info    0x000377ce      0x7c0 /usr/lib/gcc/arm-none-eabi/15.2.0/../../../../arm-none-eabi/lib/thumb/v7e-m+fp/hard/libc_nano.a(libc_a-wsetup.o)
 .debug_info    0x00037f8e      0x114 /usr/lib/gcc/arm-none-eabi/15.2.0/../../../../arm-none-eabi/lib/thumb/v7e-m+fp/hard/libc_nano.a(libc_a-memmove.o)
 .debug_info    0x000380a2      0x787 /usr/lib/gcc/arm-none-eabi/15.2.0/../../../../arm-none-eabi/lib/thumb/v7e-m+fp/hard/libc_nano.a(libc_a-sbrkr.o)
 .debug_info    0x00038829       0x25 /usr/lib/gcc/arm-none-eabi/15.2.0/../../../../arm-none-eabi/lib/thumb/v7e-m+fp/hard/libc_nano.a(libc_a-memchr.o)
 .debug_info    0x0003884e      0x8d2 /usr/lib/gcc/arm-none-eabi/15.2.0/../../../../arm-none-eabi/lib/thumb/v7e-m+fp/hard/libc_nano.a(libc_a-reallocr.o)