Archive member included to satisfy reference by file (symbol)

/usr/lib/gcc/arm-none-eabi/15.2.0/../../../../arm-none-eabi/lib/thumb/v7e-m+fp/hard/libc_nano.a(libc_a-atexit.o)
                              /usr/lib/gcc/arm-none-eabi/15.2.0/../../../../arm-none-eabi/lib/thumb/v7e-m+fp/hard/crt0.o (atexit)
/usr/lib/gcc/arm-none-eabi/15.2.0/../../../../arm-none-eabi/lib/thumb/v7e-m+fp/hard/libc_nano.a(libc_a-exit.o)
                              /usr/lib/gcc/arm-none-eabi/15.2.0/../../../../arm-none-eabi/lib/thumb/v7e-m+fp/hard/crt0.o (exit)
/usr/lib/gcc/arm-none-eabi/15.2.0/../../../../arm-none-eabi/lib/thumb/v7e-m+fp/hard/libc_nano.a(libc_a-findfp.o)
                              /usr/lib/gcc/arm-none-eabi/15.2.0/../../../../arm-none-eabi/lib/thumb/v7e-m+fp/hard/libc_nano.a(libc_a-exit.o) (__stdio_exit_handler)
/usr/lib/gcc/arm-none-eabi/15.2.0/../../../../arm-none-eabi/lib/thumb/v7e-m+fp/hard/libc_nano.a(libc_a-fwalk.o)
                              /usr/lib/gcc/arm-none-eabi/15.2.0/../../../../arm-none-eabi/lib/thumb/v7e-m+fp/hard/libc_nano.a(libc_a-findfp.o) (_fwalk_sglue)
/usr/lib/gcc/arm-none-eabi/15.2.0/../../../../arm-none-eabi/lib/thumb/v7e-m+fp/hard/libc_nano.a(libc_a-stdio.o)
                              /usr/lib/gcc/arm-none-eabi/15.2.0/../../../../arm-none-eabi/lib/thumb/v7e-m+fp/hard/libc_nano.a(libc_a-findfp.o) (__sread)
/usr/lib/gcc/arm-none-eabi/15.2.0/../../../../arm-none-eabi/lib/thumb/v7e-m+fp/hard/libc_nano.a(libc_a-memset.o)
                              /usr/lib/gcc/arm-none-eabi/15.2.0/../../../../arm-none-eabi/lib/thumb/v7e-m+fp/hard/crt0.o (memset)
/usr/lib/gcc/arm-none-eabi/15.2.0/../../../../arm-none-eabi/lib/thumb/v7e-m+fp/hard/libc_nano.a(libc_a-closer.o)
                              /usr/lib/gcc/arm-none-eabi/15.2.0/../../../../arm-none-eabi/lib/thumb/v7e-m+fp/hard/libc_nano.a(libc_a-stdio.o) (_close_r)
/usr/lib/gcc/arm-none-eabi/15.2.0/../../../../arm-none-eabi/lib/thumb/v7e-m+fp/hard/libc_nano.a(libc_a-reent.o)
                              /usr/lib/gcc/arm-none-eabi/15.2.0/../../../../arm-none-eabi/lib/thumb/v7e-m+fp/hard/libc_nano.a(libc_a-closer.o) (errno)
/usr/lib/gcc/arm-none-eabi/15.2.0/../../../../arm-none-eabi/lib/thumb/v7e-m+fp/hard/libc_nano.a(libc_a-impure.o)
                              /usr/lib/gcc/arm-none-eabi/15.2.0/../../../../arm-none-eabi/lib/thumb/v7e-m+fp/hard/libc_nano.a(libc_a-reent.o) (_impure_ptr)
/usr/lib/gcc/arm-none-eabi/15.2.0/../../../../arm-none-eabi/lib/thumb/v7e-m+fp/hard/libc_nano.a(libc_a-lseekr.o)
                              /usr/lib/gcc/arm-none-eabi/15.2.0/../../../../arm-none-eabi/lib/thumb/v7e-m+fp/hard/libc_nano.a(libc_a-stdio.o) (_lseek_r)
/usr/lib/gcc/arm-none-eabi/15.2.0/../../../../arm-none-eabi/lib/thumb/v7e-m+fp/hard/libc_nano.a(libc_a-readr.o)
                              /usr/lib/gcc/arm-none-eabi/15.2.0/../../../../arm-none-eabi/lib/thumb/v7e-m+fp/hard/libc_nano.a(libc_a-stdio.o) (_read_r)
/usr/lib/gcc/arm-none-eabi/15.2.0/../../../../arm-none-eabi/lib/thumb/v7e-m+fp/hard/libc_nano.a(libc_a-writer.o)
                              /usr/lib/gcc/arm-none-eabi/15.2.0/../../../../arm-none-eabi/lib/thumb/v7e-m+fp/hard/libc_nano.a(libc_a-stdio.o) (_write_r)
/usr/lib/gcc/arm-none-eabi/15.2.0/../../../../arm-none-eabi/lib/thumb/v7e-m+fp/hard/libc_nano.a(libc_a-errno.o)
                              build/sysmem.o (__errno)
/usr/lib/gcc/arm-none-eabi/15.2.0/../../../../arm-none-eabi/lib/thumb/v7e-m+fp/hard/libc_nano.a(libc_a-init.o)
                              /usr/lib/gcc/arm-none-eabi/15.2.0/../../../../arm-none-eabi/lib/thumb/v7e-m+fp/hard/crt0.o (__libc_init_array)
/usr/lib/gcc/arm-none-eabi/15.2.0/../../../../arm-none-eabi/lib/thumb/v7e-m+fp/hard/libc_nano.a(libc_a-fini.o)
                              /usr/lib/gcc/arm-none-eabi/15.2.0/../../../../arm-none-eabi/lib/thumb/v7e-m+fp/hard/crt0.o (__libc_fini_array)
/usr/lib/gcc/arm-none-eabi/15.2.0/../../../../arm-none-eabi/lib/thumb/v7e-m+fp/hard/libc_nano.a(libc_a-lock.o)
                              /usr/lib/gcc/arm-none-eabi/15.2.0/../../../../arm-none-eabi/lib/thumb/v7e-m+fp/hard/libc_nano.a(libc_a-findfp.o) (__retarget_lock_init_recursive)
/usr/lib/gcc/arm-none-eabi/15.2.0/../../../../arm-none-eabi/lib/thumb/v7e-m+fp/hard/libc_nano.a(libc_a-memcpy-stub.o)
                              build/queue.o (memcpy)
/usr/lib/gcc/arm-none-eabi/15.2.0/../../../../arm-none-eabi/lib/thumb/v7e-m+fp/hard/libc_nano.a(libc_a-__atexit.o)
                              /usr/lib/gcc/arm-none-eabi/15.2.0/../../../../arm-none-eabi/lib/thumb/v7e-m+fp/hard/libc_nano.a(libc_a-atexit.o) (__register_exitproc)
/usr/lib/gcc/arm-none-eabi/15.2.0/../../../../arm-none-eabi/lib/thumb/v7e-m+fp/hard/libc_nano.a(libc_a-__call_atexit.o)
                              /usr/lib/gcc/arm-none-eabi/15.2.0/../../../../arm-none-eabi/lib/thumb/v7e-m+fp/hard/libc_nano.a(libc_a-__atexit.o) (__call_exitprocs)
/usr/lib/gcc/arm-none-eabi/15.2.0/../../../../arm-none-eabi/lib/thumb/v7e-m+fp/hard/libc_nano.a(libc_a-freer.o)
[...]
Memory Configuration

Name             Origin             Length             Attributes
RAM              0x20000000         0x00018000         xrw
RAM2             0x10000000         0x00008000         xrw
FLASH            0x08000000         0x00100000         xr
*default*        0x00000000         0xffffffff

Linker script and memory map

LOAD /usr/lib/gcc/arm-none-eabi/15.2.0/thumb/v7e-m+fp/hard/crti.o
LOAD /usr/lib/gcc/arm-none-eabi/15.2.0/thumb/v7e-m+fp/hard/crtbegin.o
LOAD /usr/lib/gcc/arm-none-eabi/15.2.0/../../../../arm-none-eabi/lib/thumb/v7e-m+fp/hard/crt0.o
LOAD build/main.o
LOAD build/freertos.o
LOAD build/stm32l4xx_it.o
LOAD build/stm32l4xx_hal_msp.o
LOAD build/stm32l4xx_hal_timebase_tim.o
LOAD build/stm32l4xx_hal_tim.o
LOAD build/stm32l4xx_hal_tim_ex.o
LOAD build/stm32l4xx_hal.o
LOAD build/stm32l4xx_hal_rcc.o
LOAD build/stm32l4xx_hal_rcc_ex.o
LOAD build/stm32l4xx_hal_flash.o
LOAD build/stm32l4xx_hal_flash_ex.o
LOAD build/stm32l4xx_hal_flash_ramfunc.o
LOAD build/stm32l4xx_hal_gpio.o
LOAD build/stm32l4xx_hal_i2c.o
LOAD build/stm32l4xx_hal_i2c_ex.o
LOAD build/stm32l4xx_hal_dma.o
LOAD build/stm32l4xx_hal_dma_ex.o
LOAD build/stm32l4xx_hal_pwr.o
LOAD build/stm32l4xx_hal_pwr_ex.o
LOAD build/stm32l4xx_hal_cortex.o
LOAD build/stm32l4xx_hal_exti.o
LOAD build/system_stm32l4xx.o
LOAD build/croutine.o
LOAD build/event_groups.o
LOAD build/list.o
LOAD build/queue.o
LOAD build/stream_buffer.o
LOAD build/tasks.o
LOAD build/timers.o
LOAD build/cmsis_os2.o
LOAD build/heap_4.o
LOAD build/port.o
LOAD build/sysmem.o
LOAD build/syscalls.o
LOAD build/startup_stm32l476xx.o
LOAD /usr/lib/gcc/arm-none-eabi/15.2.0/../../../../arm-none-eabi/lib/thumb/v7e-m+fp/hard/libc_nano.a
LOAD /usr/lib/gcc/arm-none-eabi/15.2.0/../../../../arm-none-eabi/lib/thumb/v7e-m+fp/hard/libm.a
LOAD /usr/lib/gcc/arm-none-eabi/15.2.0/../../../../arm-none-eabi/lib/thumb/v7e-m+fp/hard/libnosys.a
START GROUP
LOAD /usr/lib/gcc/arm-none-eabi/15.2.0/thumb/v7e-m+fp/hard/libgcc.a
LOAD /usr/lib/gcc/arm-none-eabi/15.2.0/../../../../arm-none-eabi/lib/thumb/v7e-m+fp/hard/libc_nano.a
END GROUP
START GROUP
LOAD /usr/lib/gcc/arm-none-eabi/15.2.0/thumb/v7e-m+fp/hard/libgcc.a
LOAD /usr/lib/gcc/arm-none-eabi/15.2.0/../../../../arm-none-eabi/lib/thumb/v7e-m+fp/hard/libc_nano.a
END GROUP
LOAD /usr/lib/gcc/arm-none-eabi/15.2.0/thumb/v7e-m+fp/hard/crtend.o
LOAD /usr/lib/gcc/arm-none-eabi/15.2.0/thumb/v7e-m+fp/hard/crtn.o
                0x20018000                        _estack = (ORIGIN (RAM) + LENGTH (RAM))
                0x00000200                        _Min_Heap_Size = 0x200
                0x00000400                        _Min_Stack_Size = 0x400

.isr_vector     0x08000000      0x188
                0x08000000                        . = ALIGN (0x8)
 *(.isr_vector)
 .isr_vector    0x08000000      0x188 build/startup_stm32l476xx.o
                0x08000000                g_pfnVectors
                0x08000188                        . = ALIGN (0x8)

.text           0x08000190     0x2ed0
                0x08000190                        . = ALIGN (0x8)
 *(.text)
 .text          0x08000190       0x88 /usr/lib/gcc/arm-none-eabi/15.2.0/thumb/v7e-m+fp/hard/crtbegin.o
 *(.text*)
 .text.StartDefaultTask
                0x08000218        0xa build/main.o
                0x08000218                StartDefaultTask
 *fill*         0x08000222        0x2 
 .text.HAL_TIM_PeriodElapsedCallback
                0x08000224       0x18 build/main.o
                0x08000224                HAL_TIM_PeriodElapsedCallback
 .text.Error_Handler
                0x0800023c        0x4 build/main.o
                0x0800023c                Error_Handler
 .text.SystemClock_Config
                0x08000240       0x62 build/main.o
                0x08000240                SystemClock_Config
 *fill*         0x080002a2        0x2 
 .text.main     0x080002a4       0x30 build/main.o
                0x080002a4                main
 .text.vApplicationIdleHook
                0x080002d4        0x2 build/freertos.o
                0x080002d4                vApplicationIdleHook
 .text.vApplicationStackOverflowHook
                0x080002d6        0x2 build/freertos.o
                0x080002d6                vApplicationStackOverflowHook
 .text.vApplicationMallocFailedHook
                0x080002d8        0x2 build/freertos.o
                0x080002d8                vApplicationMallocFailedHook
 .text.NMI_Handler
                0x080002da        0x2 build/stm32l4xx_it.o
                0x080002da                NMI_Handler
 .text.HardFault_Handler
                0x080002dc        0x2 build/stm32l4xx_it.o
                0x080002dc                HardFault_Handler
 .text.MemManage_Handler
                0x080002de        0x2 build/stm32l4xx_it.o
                0x080002de                MemManage_Handler
 .text.BusFault_Handler
                0x080002e0        0x2 build/stm32l4xx_it.o
                0x080002e0                BusFault_Handler
 .text.UsageFault_Handler
                0x080002e2        0x2 build/stm32l4xx_it.o
                0x080002e2                UsageFault_Handler
 .text.DebugMon_Handler
                0x080002e4        0x2 build/stm32l4xx_it.o
                0x080002e4                DebugMon_Handler
 *fill*         0x080002e6        0x2 
 .text.TIM6_DAC_IRQHandler
                0x080002e8       0x10 build/stm32l4xx_it.o
                0x080002e8                TIM6_DAC_IRQHandler
 .text.HAL_MspInit
                0x080002f8       0x40 build/stm32l4xx_hal_msp.o
                0x080002f8                HAL_MspInit
 .text.HAL_InitTick
                0x08000338       0xa4 build/stm32l4xx_hal_timebase_tim.o
                0x08000338                HAL_InitTick
 .text.HAL_TIM_Base_MspInit
                0x080003dc        0x2 build/stm32l4xx_hal_tim.o
                0x080003dc                HAL_TIM_Base_MspInit
 *fill*         0x080003de        0x2 
 .text.HAL_TIM_Base_Start_IT
                0x080003e0       0x8c build/stm32l4xx_hal_tim.o
                0x080003e0                HAL_TIM_Base_Start_IT
 .text.HAL_TIM_OC_DelayElapsedCallback
                0x0800046c        0x2 build/stm32l4xx_hal_tim.o
                0x0800046c                HAL_TIM_OC_DelayElapsedCallback
 .text.HAL_TIM_IC_CaptureCallback
                0x0800046e        0x2 build/stm32l4xx_hal_tim.o
                0x0800046e                HAL_TIM_IC_CaptureCallback
 .text.HAL_TIM_PWM_PulseFinishedCallback
                0x08000470        0x2 build/stm32l4xx_hal_tim.o
                0x08000470                HAL_TIM_PWM_PulseFinishedCallback
 .text.HAL_TIM_TriggerCallback
                0x08000472        0x2 build/stm32l4xx_hal_tim.o
                0x08000472                HAL_TIM_TriggerCallback
 .text.HAL_TIM_IRQHandler
                0x08000474      0x180 build/stm32l4xx_hal_tim.o
                0x08000474                HAL_TIM_IRQHandler
 .text.TIM_Base_SetConfig
                0x080005f4       0xd0 build/stm32l4xx_hal_tim.o
                0x080005f4                TIM_Base_SetConfig
 .text.HAL_TIM_Base_Init
                0x080006c4       0x60 build/stm32l4xx_hal_tim.o
                0x080006c4                HAL_TIM_Base_Init
 .text.HAL_TIMEx_CommutCallback
                0x08000724        0x2 build/stm32l4xx_hal_tim_ex.o
                0x08000724                HAL_TIMEx_CommutCallback
 .text.HAL_TIMEx_BreakCallback
                0x08000726        0x2 build/stm32l4xx_hal_tim_ex.o
                0x08000726                HAL_TIMEx_BreakCallback
 .text.HAL_TIMEx_Break2Callback
                0x08000728        0x2 build/stm32l4xx_hal_tim_ex.o
                0x08000728                HAL_TIMEx_Break2Callback
 .text.HAL_Init
                0x0800072a       0x20 build/stm32l4xx_hal.o
                0x0800072a                HAL_Init
 *fill*         0x0800074a        0x2 
 .text.HAL_IncTick
                0x0800074c       0x18 build/stm32l4xx_hal.o
                0x0800074c                HAL_IncTick
 .text.HAL_GetTick
                0x08000764        0xc build/stm32l4xx_hal.o
                0x08000764                HAL_GetTick
 .text.RCC_SetFlashLatencyFromMSIRange
                0x08000770       0x90 build/stm32l4xx_hal_rcc.o
 .text.HAL_RCC_GetSysClockFreq
                0x08000800       0xa8 build/stm32l4xx_hal_rcc.o
                0x08000800                HAL_RCC_GetSysClockFreq
 .text.HAL_RCC_OscConfig
                0x080008a8      0x620 build/stm32l4xx_hal_rcc.o
                0x080008a8                HAL_RCC_OscConfig
 .text.HAL_RCC_ClockConfig
                0x08000ec8      0x188 build/stm32l4xx_hal_rcc.o
                0x08000ec8                HAL_RCC_ClockConfig
 .text.HAL_RCC_GetHCLKFreq
                0x08001050        0xc build/stm32l4xx_hal_rcc.o
                0x08001050                HAL_RCC_GetHCLKFreq
 .text.HAL_RCC_GetPCLK1Freq
                0x0800105c       0x24 build/stm32l4xx_hal_rcc.o
                0x0800105c                HAL_RCC_GetPCLK1Freq
 .text.HAL_RCC_GetClockConfig
                0x08001080       0x3c build/stm32l4xx_hal_rcc.o
                0x08001080                HAL_RCC_GetClockConfig
 .text.HAL_PWREx_GetVoltageRange
                0x080010bc       0x10 build/stm32l4xx_hal_pwr_ex.o
                0x080010bc                HAL_PWREx_GetVoltageRange
 .text.HAL_PWREx_ControlVoltageScaling
                0x080010cc       0x90 build/stm32l4xx_hal_pwr_ex.o
                0x080010cc                HAL_PWREx_ControlVoltageScaling
 .text.__NVIC_EnableIRQ
                0x0800115c       0x1c build/stm32l4xx_hal_cortex.o
 .text.__NVIC_SetPriority
                0x08001178       0x28 build/stm32l4xx_hal_cortex.o
 .text.NVIC_EncodePriority
                0x080011a0       0x46 build/stm32l4xx_hal_cortex.o
 *fill*         0x080011e6        0x2 
 .text.HAL_NVIC_SetPriorityGrouping
                0x080011e8       0x24 build/stm32l4xx_hal_cortex.o
                0x080011e8                HAL_NVIC_SetPriorityGrouping
 .text.HAL_NVIC_SetPriority
                0x0800120c       0x20 build/stm32l4xx_hal_cortex.o
                0x0800120c                HAL_NVIC_SetPriority
 .text.HAL_NVIC_EnableIRQ
                0x0800122c        0x8 build/stm32l4xx_hal_cortex.o
                0x0800122c                HAL_NVIC_EnableIRQ
 .text.SystemInit
                0x08001234       0x14 build/system_stm32l4xx.o
                0x08001234                SystemInit
 .text.vListInitialise
                0x08001248       0x16 build/list.o
                0x08001248                vListInitialise
 .text.vListInitialiseItem
                0x0800125e        0x6 build/list.o
                0x0800125e                vListInitialiseItem
 .text.vListInsertEnd
                0x08001264       0x16 build/list.o
                0x08001264                vListInsertEnd
 .text.vListInsert
                0x0800127a       0x38 build/list.o
                0x0800127a                vListInsert
 .text.uxListRemove
                0x080012b2       0x26 build/list.o
                0x080012b2                uxListRemove
 .text.prvIsQueueFull
                0x080012d8       0x1e build/queue.o
 .text.prvIsQueueEmpty
                0x080012f6       0x1e build/queue.o
 .text.prvCopyDataToQueue
                0x08001314       0x76 build/queue.o
 .text.prvCopyDataFromQueue
                0x0800138a       0x24 build/queue.o
 .text.prvUnlockQueue
                0x080013ae       0x6e build/queue.o
 .text.xQueueGenericReset
                0x0800141c       0x84 build/queue.o
                0x0800141c                xQueueGenericReset
 .text.prvInitialiseNewQueue
                0x080014a0       0x22 build/queue.o
 .text.xQueueGenericCreateStatic
                0x080014c2       0x94 build/queue.o
                0x080014c2                xQueueGenericCreateStatic
 .text.xQueueGenericSend
                0x08001556      0x188 build/queue.o
                0x08001556                xQueueGenericSend
 .text.xQueueGenericSendFromISR
                0x080016de       0xd2 build/queue.o
                0x080016de                xQueueGenericSendFromISR
 .text.xQueueReceive
                0x080017b0      0x15e build/queue.o
                0x080017b0                xQueueReceive
 *fill*         0x0800190e        0x2 
 .text.vQueueAddToRegistry
                0x08001910       0x28 build/queue.o
                0x08001910                vQueueAddToRegistry
 .text.vQueueWaitForMessageRestricted
                0x08001938       0x52 build/queue.o
                0x08001938                vQueueWaitForMessageRestricted
 *fill*         0x0800198a        0x2 
 .text.prvResetNextTaskUnblockTime
                0x0800198c       0x2c build/tasks.o
 .text.prvInitialiseNewTask
                0x080019b8       0x9a build/tasks.o
 *fill*         0x08001a52        0x2 
 .text.prvInitialiseTaskLists
                0x08001a54       0x68 build/tasks.o
 .text.prvAddNewTaskToReadyList
                0x08001abc       0xac build/tasks.o
 .text.prvDeleteTCB
                0x08001b68       0x38 build/tasks.o
 .text.prvCheckTasksWaitingTermination
                0x08001ba0       0x4c build/tasks.o
 .text.prvAddCurrentTaskToDelayedList
                0x08001bec       0x7c build/tasks.o
 .text.prvIdleTask
                0x08001c68       0x30 build/tasks.o
 .text.xTaskCreateStatic
                0x08001c98       0x80 build/tasks.o
                0x08001c98                xTaskCreateStatic
 .text.xTaskCreate
                0x08001d18       0x62 build/tasks.o
                0x08001d18                xTaskCreate
 *fill*         0x08001d7a        0x2 
 .text.vTaskStartScheduler
                0x08001d7c       0x98 build/tasks.o
                0x08001d7c                vTaskStartScheduler
 .text.vTaskSuspendAll
                0x08001e14       0x10 build/tasks.o
                0x08001e14                vTaskSuspendAll
 .text.xTaskGetTickCount
                0x08001e24        0xc build/tasks.o
                0x08001e24                xTaskGetTickCount
 .text.xTaskIncrementTick
                0x08001e30      0x124 build/tasks.o
                0x08001e30                xTaskIncrementTick
 .text.xTaskResumeAll
                0x08001f54       0xf8 build/tasks.o
                0x08001f54                xTaskResumeAll
 .text.vTaskDelay
                0x0800204c       0x4c build/tasks.o
                0x0800204c                vTaskDelay
 .text.vTaskSwitchContext
                0x08002098       0xcc build/tasks.o
                0x08002098                vTaskSwitchContext
 .text.vTaskPlaceOnEventList
                0x08002164       0x30 build/tasks.o
                0x08002164                vTaskPlaceOnEventList
 .text.vTaskPlaceOnEventListRestricted
                0x08002194       0x3c build/tasks.o
                0x08002194                vTaskPlaceOnEventListRestricted
 .text.xTaskRemoveFromEventList
                0x080021d0       0x90 build/tasks.o
                0x080021d0                xTaskRemoveFromEventList
 .text.vTaskInternalSetTimeOutState
                0x08002260       0x18 build/tasks.o
                0x08002260                vTaskInternalSetTimeOutState
 .text.xTaskCheckForTimeOut
                0x08002278       0x88 build/tasks.o
                0x08002278                xTaskCheckForTimeOut
 .text.vTaskMissedYield
                0x08002300        0xc build/tasks.o
                0x08002300                vTaskMissedYield
 .text.xTaskGetSchedulerState
                0x0800230c       0x20 build/tasks.o
                0x0800230c                xTaskGetSchedulerState
 .text.xTaskPriorityDisinherit
                0x0800232c       0x90 build/tasks.o
                0x0800232c                xTaskPriorityDisinherit
 .text.prvGetNextExpireTime
                0x080023bc       0x20 build/timers.o
 .text.prvInsertTimerInActiveList
                0x080023dc       0x48 build/timers.o
 .text.prvCheckForValidListAndQueue
                0x08002424       0x70 build/timers.o
 .text.xTimerCreateTimerTask
                0x08002494       0x64 build/timers.o
                0x08002494                xTimerCreateTimerTask
 .text.xTimerGenericCommand
                0x080024f8       0x68 build/timers.o
                0x080024f8                xTimerGenericCommand
 .text.prvSwitchTimerLists
                0x08002560       0x7c build/timers.o
 .text.prvSampleTimeNow
                0x080025dc       0x2c build/timers.o
 .text.prvProcessExpiredTimer
                0x08002608       0x6c build/timers.o
 .text.prvProcessTimerOrBlockTask
                0x08002674       0x78 build/timers.o
 .text.prvProcessReceivedCommands
                0x080026ec      0x124 build/timers.o
 .text.prvTimerTask
                0x08002810       0x16 build/timers.o
 .text.SysTick_Handler
                0x08002826       0x18 build/cmsis_os2.o
                0x08002826                SysTick_Handler
 *fill*         0x0800283e        0x2 
 .text.osKernelInitialize
                0x08002840       0x24 build/cmsis_os2.o
                0x08002840                osKernelInitialize
 .text.osKernelStart
                0x08002864       0x3c build/cmsis_os2.o
                0x08002864                osKernelStart
 .text.osThreadNew
                0x080028a0       0xc2 build/cmsis_os2.o
                0x080028a0                osThreadNew
 .text.osDelay  0x08002962       0x1a build/cmsis_os2.o
                0x08002962                osDelay
 .text.vApplicationGetIdleTaskMemory
                0x0800297c       0x18 build/cmsis_os2.o
                0x0800297c                vApplicationGetIdleTaskMemory
 .text.vApplicationGetTimerTaskMemory
                0x08002994       0x18 build/cmsis_os2.o
                0x08002994                vApplicationGetTimerTaskMemory
 .text.prvHeapInit
                0x080029ac       0x68 build/heap_4.o
 .text.prvInsertBlockIntoFreeList
                0x08002a14       0x5c build/heap_4.o
 .text.pvPortMalloc
                0x08002a70      0x118 build/heap_4.o
                0x08002a70                pvPortMalloc
 .text.vPortFree
                0x08002b88       0x80 build/heap_4.o
                0x08002b88                vPortFree
 .text.prvTaskExitError
                0x08002c08       0x40 build/port.o
 .text.prvPortStartFirstTask
                0x08002c48       0x28 build/port.o
 .text.vPortEnableVFP
                0x08002c70       0x14 build/port.o
 .text.pxPortInitialiseStack
                0x08002c84       0x2c build/port.o
                0x08002c84                pxPortInitialiseStack
 .text.SVC_Handler
                0x08002cb0       0x24 build/port.o
                0x08002cb0                SVC_Handler
 .text.vPortEnterCritical
                0x08002cd4       0x44 build/port.o
                0x08002cd4                vPortEnterCritical
 .text.vPortExitCritical
                0x08002d18       0x2c build/port.o
                0x08002d18                vPortExitCritical
 *fill*         0x08002d44        0xc 
 .text.PendSV_Handler
                0x08002d50       0x64 build/port.o
                0x08002d50                PendSV_Handler
 .text.xPortSysTickHandler
                0x08002db4       0x2c build/port.o
                0x08002db4                xPortSysTickHandler
 .text.vPortSetupTimerInterrupt
                0x08002de0       0x28 build/port.o
                0x08002de0                vPortSetupTimerInterrupt
 .text.xPortStartScheduler
                0x08002e08      0x11c build/port.o
                0x08002e08                xPortStartScheduler
 .text.vPortValidateInterruptPriority
                0x08002f24       0x5c build/port.o
                0x08002f24                vPortValidateInterruptPriority
 .text.Reset_Handler
                0x08002f80       0x50 build/startup_stm32l476xx.o
                0x08002f80                Reset_Handler
 .text.Default_Handler
                0x08002fd0        0x2 build/startup_stm32l476xx.o
                0x08002fd0                RTC_Alarm_IRQHandler
                0x08002fd0                EXTI2_IRQHandler
                0x08002fd0                TIM8_TRG_COM_IRQHandler
                0x08002fd0                TIM8_CC_IRQHandler
                0x08002fd0                TIM1_CC_IRQHandler
                0x08002fd0                TSC_IRQHandler
                0x08002fd0                TAMP_STAMP_IRQHandler
                0x08002fd0                EXTI3_IRQHandler
                0x08002fd0                LPTIM2_IRQHandler
                0x08002fd0                DFSDM1_FLT1_IRQHandler
                0x08002fd0                I2C3_ER_IRQHandler
                0x08002fd0                DFSDM1_FLT2_IRQHandler
                0x08002fd0                EXTI0_IRQHandler
                0x08002fd0                I2C2_EV_IRQHandler
                0x08002fd0                CAN1_RX0_IRQHandler
                0x08002fd0                FPU_IRQHandler
                0x08002fd0                TIM1_UP_TIM16_IRQHandler
                0x08002fd0                ADC1_2_IRQHandler
                0x08002fd0                SPI1_IRQHandler
                0x08002fd0                TIM8_UP_IRQHandler
                0x08002fd0                DMA2_Channel2_IRQHandler
                0x08002fd0                DMA1_Channel4_IRQHandler
                0x08002fd0                SAI2_IRQHandler
                0x08002fd0                DFSDM1_FLT3_IRQHandler
                0x08002fd0                USART3_IRQHandler
                0x08002fd0                DMA1_Channel7_IRQHandler
                0x08002fd0                CAN1_RX1_IRQHandler
                0x08002fd0                LCD_IRQHandler
                0x08002fd0                UART5_IRQHandler
                0x08002fd0                ADC3_IRQHandler
                0x08002fd0                TIM4_IRQHandler
                0x08002fd0                DMA2_Channel1_IRQHandler
                0x08002fd0                QUADSPI_IRQHandler
                0x08002fd0                I2C1_EV_IRQHandler
                0x08002fd0                DMA1_Channel6_IRQHandler
                0x08002fd0                UART4_IRQHandler
                0x08002fd0                DMA2_Channel4_IRQHandler
                0x08002fd0                TIM3_IRQHandler
                0x08002fd0                RCC_IRQHandler
                0x08002fd0                DMA1_Channel1_IRQHandler
                0x08002fd0                Default_Handler
                0x08002fd0                DMA2_Channel7_IRQHandler
                0x08002fd0                EXTI15_10_IRQHandler
                0x08002fd0                TIM7_IRQHandler
                0x08002fd0                SDMMC1_IRQHandler
                0x08002fd0                TIM5_IRQHandler
                0x08002fd0                I2C3_EV_IRQHandler
                0x08002fd0                EXTI9_5_IRQHandler
                0x08002fd0                RTC_WKUP_IRQHandler
                0x08002fd0                PVD_PVM_IRQHandler
                0x08002fd0                SPI2_IRQHandler
                0x08002fd0                CAN1_TX_IRQHandler
                0x08002fd0                DMA2_Channel5_IRQHandler
                0x08002fd0                DMA1_Channel5_IRQHandler
                0x08002fd0                EXTI4_IRQHandler
                0x08002fd0                RNG_IRQHandler
                0x08002fd0                TIM1_TRG_COM_TIM17_IRQHandler
                0x08002fd0                DMA1_Channel3_IRQHandler
                0x08002fd0                COMP_IRQHandler
                0x08002fd0                WWDG_IRQHandler
                0x08002fd0                LPUART1_IRQHandler
                0x08002fd0                DMA2_Channel6_IRQHandler
                0x08002fd0                TIM2_IRQHandler
                0x08002fd0                EXTI1_IRQHandler
                0x08002fd0                USART2_IRQHandler
                0x08002fd0                DFSDM1_FLT0_IRQHandler
                0x08002fd0                I2C2_ER_IRQHandler
                0x08002fd0                DMA1_Channel2_IRQHandler
                0x08002fd0                TIM8_BRK_IRQHandler
                0x08002fd0                CAN1_SCE_IRQHandler
                0x08002fd0                FLASH_IRQHandler
                0x08002fd0                USART1_IRQHandler
                0x08002fd0                OTG_FS_IRQHandler
                0x08002fd0                SPI3_IRQHandler
                0x08002fd0                I2C1_ER_IRQHandler
                0x08002fd0                FMC_IRQHandler
                0x08002fd0                SWPMI1_IRQHandler
                0x08002fd0                LPTIM1_IRQHandler
                0x08002fd0                SAI1_IRQHandler
                0x08002fd0                DMA2_Channel3_IRQHandler
                0x08002fd0                TIM1_BRK_TIM15_IRQHandler
 .text.memset   0x08002fd2       0x10 /usr/lib/gcc/arm-none-eabi/15.2.0/../../../../arm-none-eabi/lib/thumb/v7e-m+fp/hard/libc_nano.a(libc_a-memset.o)
                0x08002fd2                memset
 *fill*         0x08002fe2        0x2 
 .text.__libc_init_array
                0x08002fe4       0x48 /usr/lib/gcc/arm-none-eabi/15.2.0/../../../../arm-none-eabi/lib/thumb/v7e-m+fp/hard/libc_nano.a(libc_a-init.o)
                0x08002fe4                __libc_init_array
 .text.memcpy   0x0800302c       0x1c /usr/lib/gcc/arm-none-eabi/15.2.0/../../../../arm-none-eabi/lib/thumb/v7e-m+fp/hard/libc_nano.a(libc_a-memcpy-stub.o)
                0x0800302c                memcpy
 *(.glue_7)
 .glue_7        0x08003048        0x0 linker stubs
 *(.glue_7t)
 .glue_7t       0x08003048        0x0 linker stubs
 *(.eh_frame)
 .eh_frame      0x08003048        0x0 /usr/lib/gcc/arm-none-eabi/15.2.0/thumb/v7e-m+fp/hard/crtbegin.o
 *(.init)
 .init          0x08003048        0x4 /usr/lib/gcc/arm-none-eabi/15.2.0/thumb/v7e-m+fp/hard/crti.o
                0x08003048                _init
 .init          0x0800304c        0x8 /usr/lib/gcc/arm-none-eabi/15.2.0/thumb/v7e-m+fp/hard/crtn.o
 *(.fini)
 .fini          0x08003054        0x4 /usr/lib/gcc/arm-none-eabi/15.2.0/thumb/v7e-m+fp/hard/crti.o
                0x08003054                _fini
 .fini          0x08003058        0x8 /usr/lib/gcc/arm-none-eabi/15.2.0/thumb/v7e-m+fp/hard/crtn.o
                0x08003060                        . = ALIGN (0x8)
                0x08003060                        _etext = .

.vfp11_veneer   0x08003060        0x0
 .vfp11_veneer  0x08003060        0x0 linker stubs

.v4_bx          0x08003060        0x0
 .v4_bx         0x08003060        0x0 linker stubs

.iplt           0x08003060        0x0
 .iplt          0x08003060        0x0 /usr/lib/gcc/arm-none-eabi/15.2.0/thumb/v7e-m+fp/hard/crtbegin.o

.rodata         0x08003060       0x90
                0x08003060                        . = ALIGN (0x8)
 *(.rodata)
 *(.rodata*)
 .rodata.str1.4
                0x08003060       0x24 build/main.o
                                  0xc (size before relaxing)
 .rodata.defaultTask_attributes
                0x08003084       0x24 build/main.o
                0x08003084                defaultTask_attributes
 .rodata.MSIRangeTable
                0x080030a8       0x30 build/system_stm32l4xx.o
                0x080030a8                MSIRangeTable
 .rodata.APBPrescTable
                0x080030d8        0x8 build/system_stm32l4xx.o
                0x080030d8                APBPrescTable
 .rodata.AHBPrescTable
                0x080030e0       0x10 build/system_stm32l4xx.o
                0x080030e0                AHBPrescTable
 .rodata.vTaskStartScheduler.str1.4
                0x080030f0        0x0 build/tasks.o
                                  0x5 (size before relaxing)
 .rodata.prvCheckForValidListAndQueue.str1.4
                0x080030f0        0x0 build/timers.o
                                  0x5 (size before relaxing)
 .rodata.xTimerCreateTimerTask.str1.4
                0x080030f0        0x0 build/timers.o
                                  0x8 (size before relaxing)
                0x080030f0                        . = ALIGN (0x8)

.ARM.extab      0x080030f0        0x0
                0x080030f0                        . = ALIGN (0x8)
 *(.ARM.extab* .gnu.linkonce.armextab.*)
                0x080030f0                        . = ALIGN (0x8)

.ARM            0x080030f0        0x0
                0x080030f0                        . = ALIGN (0x8)
                0x080030f0                        __exidx_start = .
 *(.ARM.exidx*)
                0x080030f0                        __exidx_end = .
                0x080030f0                        . = ALIGN (0x8)

.preinit_array  0x080030f0        0x0
                0x080030f0                        . = ALIGN (0x8)
                0x080030f0                        PROVIDE (__preinit_array_start = .)
 *(.preinit_array*)
                0x080030f0                        PROVIDE (__preinit_array_end = .)
                0x080030f0                        . = ALIGN (0x8)

.init_array     0x080030f0        0x8
                0x080030f0                        . = ALIGN (0x8)
                0x080030f0                        PROVIDE (__init_array_start = .)
 *(SORT_BY_NAME(.init_array.*))
 *(.init_array*)
 .init_array    0x080030f0        0x4 /usr/lib/gcc/arm-none-eabi/15.2.0/thumb/v7e-m+fp/hard/crtbegin.o
                0x080030f4                        PROVIDE (__init_array_end = .)
                0x080030f8                        . = ALIGN (0x8)
 *fill*         0x080030f4        0x4 

.fini_array     0x080030f8        0x8
                0x080030f8                        . = ALIGN (0x8)
                0x080030f8                        PROVIDE (__fini_array_start = .)
 *(SORT_BY_NAME(.fini_array.*))
 *(.fini_array*)
 .fini_array    0x080030f8        0x4 /usr/lib/gcc/arm-none-eabi/15.2.0/thumb/v7e-m+fp/hard/crtbegin.o
                0x080030fc                        PROVIDE (__fini_array_end = .)
                0x08003100                        . = ALIGN (0x8)
 *fill*         0x080030fc        0x4 
                0x08003100                        _sidata = LOADADDR (.data)

.rel.dyn        0x08003100        0x0
 .rel.iplt      0x08003100        0x0 /usr/lib/gcc/arm-none-eabi/15.2.0/thumb/v7e-m+fp/hard/crtbegin.o

.data           0x20000000       0x10 load address 0x08003100
                0x20000000                        . = ALIGN (0x8)
                0x20000000                        _sdata = .
 *(.data)
 *(.data*)
 .data.uwTickFreq
                0x20000000        0x1 build/stm32l4xx_hal.o
                0x20000000                uwTickFreq
 *fill*         0x20000001        0x3 
 .data.uwTickPrio
                0x20000004        0x4 build/stm32l4xx_hal.o
                0x20000004                uwTickPrio
 .data.SystemCoreClock
                0x20000008        0x4 build/system_stm32l4xx.o
                0x20000008                SystemCoreClock
 .data.uxCriticalNesting
                0x2000000c        0x4 build/port.o
 *(.RamFunc)
 *(.RamFunc*)
                0x20000010                        . = ALIGN (0x8)
                0x20000010                        _edata = .

.tm_clone_table
                0x20000010        0x0 load address 0x08003110
 .tm_clone_table
                0x20000010        0x0 /usr/lib/gcc/arm-none-eabi/15.2.0/thumb/v7e-m+fp/hard/crtbegin.o
 .tm_clone_table
                0x20000010        0x0 /usr/lib/gcc/arm-none-eabi/15.2.0/thumb/v7e-m+fp/hard/crtend.o

.igot.plt       0x20000010        0x0 load address 0x08003110
 .igot.plt      0x20000010        0x0 /usr/lib/gcc/arm-none-eabi/15.2.0/thumb/v7e-m+fp/hard/crtbegin.o
                0x20000010                        . = ALIGN (0x4)

.bss            0x20000010     0x4858 load address 0x08003110
                0x20000010                        _sbss = .
                0x20000010                        __bss_start__ = _sbss
 *(.bss)
 .bss           0x20000010       0x1c /usr/lib/gcc/arm-none-eabi/15.2.0/thumb/v7e-m+fp/hard/crtbegin.o
 *(.bss*)
 .bss.defaultTaskHandle
                0x2000002c        0x4 build/main.o
                0x2000002c                defaultTaskHandle
 .bss.htim6     0x20000030       0x4c build/stm32l4xx_hal_timebase_tim.o
                0x20000030                htim6
 .bss.uwTick    0x2000007c        0x4 build/stm32l4xx_hal.o
                0x2000007c                uwTick
 .bss.xQueueRegistry
                0x20000080       0x40 build/queue.o
                0x20000080                xQueueRegistry
 .bss.uxSchedulerSuspended
                0x200000c0        0x4 build/tasks.o
 .bss.xIdleTaskHandle
                0x200000c4        0x4 build/tasks.o
 .bss.xNextTaskUnblockTime
                0x200000c8        0x4 build/tasks.o
 .bss.uxTaskNumber
                0x200000cc        0x4 build/tasks.o
 .bss.xNumOfOverflows
                0x200000d0        0x4 build/tasks.o
 .bss.xYieldPending
                0x200000d4        0x4 build/tasks.o
 .bss.xPendedTicks
                0x200000d8        0x4 build/tasks.o
 .bss.xSchedulerRunning
                0x200000dc        0x4 build/tasks.o
 .bss.uxTopReadyPriority
                0x200000e0        0x4 build/tasks.o
 .bss.xTickCount
                0x200000e4        0x4 build/tasks.o
 .bss.uxCurrentNumberOfTasks
                0x200000e8        0x4 build/tasks.o
 .bss.xSuspendedTaskList
                0x200000ec       0x14 build/tasks.o
 .bss.uxDeletedTasksWaitingCleanUp
                0x20000100        0x4 build/tasks.o
 .bss.xTasksWaitingTermination
                0x20000104       0x14 build/tasks.o
 .bss.xPendingReadyList
                0x20000118       0x14 build/tasks.o
 .bss.pxOverflowDelayedTaskList
                0x2000012c        0x4 build/tasks.o
 .bss.pxDelayedTaskList
                0x20000130        0x4 build/tasks.o
 .bss.xDelayedTaskList2
                0x20000134       0x14 build/tasks.o
 .bss.xDelayedTaskList1
                0x20000148       0x14 build/tasks.o
 .bss.pxReadyTasksLists
                0x2000015c      0x460 build/tasks.o
 .bss.pxCurrentTCB
                0x200005bc        0x4 build/tasks.o
                0x200005bc                pxCurrentTCB
 .bss.xStaticTimerQueue.0
                0x200005c0       0x50 build/timers.o
 .bss.ucStaticTimerQueueStorage.1
                0x20000610       0xa0 build/timers.o
 .bss.xLastTime.2
                0x200006b0        0x4 build/timers.o
 .bss.xTimerTaskHandle
                0x200006b4        0x4 build/timers.o
 .bss.xTimerQueue
                0x200006b8        0x4 build/timers.o
 .bss.pxOverflowTimerList
                0x200006bc        0x4 build/timers.o
 .bss.pxCurrentTimerList
                0x200006c0        0x4 build/timers.o
 .bss.xActiveTimerList2
                0x200006c4       0x14 build/timers.o
 .bss.xActiveTimerList1
                0x200006d8       0x14 build/timers.o
 .bss.Timer_Stack.0
                0x200006ec      0x400 build/cmsis_os2.o
 .bss.Timer_TCB.1
                0x20000aec       0x5c build/cmsis_os2.o
 .bss.Idle_Stack.2
                0x20000b48      0x200 build/cmsis_os2.o
 .bss.Idle_TCB.3
                0x20000d48       0x5c build/cmsis_os2.o
 .bss.KernelState
                0x20000da4        0x4 build/cmsis_os2.o
 .bss.xBlockAllocatedBit
                0x20000da8        0x4 build/heap_4.o
 .bss.xNumberOfSuccessfulFrees
                0x20000dac        0x4 build/heap_4.o
 .bss.xNumberOfSuccessfulAllocations
                0x20000db0        0x4 build/heap_4.o
 .bss.xMinimumEverFreeBytesRemaining
                0x20000db4        0x4 build/heap_4.o
 .bss.xFreeBytesRemaining
                0x20000db8        0x4 build/heap_4.o
 .bss.pxEnd     0x20000dbc        0x4 build/heap_4.o
 .bss.xStart    0x20000dc0        0x8 build/heap_4.o
 .bss.ucHeap    0x20000dc8     0x3a98 build/heap_4.o
 .bss.ulMaxPRIGROUPValue
                0x20004860        0x4 build/port.o
 .bss.ucMaxSysCallPriority
                0x20004864        0x1 build/port.o
 *(COMMON)
                0x20004868                        . = ALIGN (0x4)
 *fill*         0x20004865        0x3 
                0x20004868                        _ebss = .
                0x20004868                        __bss_end__ = _ebss

._user_heap_stack
                0x20004868      0x600 load address 0x08003110
                0x20004868                        . = ALIGN (0x8)
                [!provide]                        PROVIDE (end = .)
                0x20004868                        PROVIDE (_end = .)
                0x20004a68                        . = (. + _Min_Heap_Size)
 *fill*         0x20004868      0x200 
                0x20004e68                        . = (. + _Min_Stack_Size)
 *fill*         0x20004a68      0x400 
                0x20004e68                        . = ALIGN (0x8)

/DISCARD/
 libc.a(*)
 libm.a(*)
 libgcc.a(*)
OUTPUT(build/STM32-RTOS-Queue-n-timers.elf elf32-littlearm)
LOAD linker stubs
LOAD /usr/lib/gcc/arm-none-eabi/15.2.0/../../../../arm-none-eabi/lib/thumb/v7e-m+fp/hard/libc.a
LOAD /usr/lib/gcc/arm-none-eabi/15.2.0/../../../../arm-none-eabi/lib/thumb/v7e-m+fp/hard/libm.a
LOAD /usr/lib/gcc/arm-none-eabi/15.2.0/thumb/v7e-m+fp/hard/libgcc.a

.ARM.attributes
                0x00000000       0x30
 .ARM.attributes
                0x00000000       0x22 /usr/lib/gcc/arm-none-eabi/15.2.0/thumb/v7e-m+fp/hard/crti.o
 .ARM.attributes
                0x00000022       0x34 /usr/lib/gcc/arm-none-eabi/15.2.0/thumb/v7e-m+fp/hard/crtbegin.o
 .ARM.attributes
                0x00000056       0x34 build/main.o
 .ARM.attributes
                0x0000008a       0x34 build/freertos.o
 .ARM.attributes
                0x000000be       0x34 build/stm32l4xx_it.o
 .ARM.attributes
                0x000000f2       0x34 build/stm32l4xx_hal_msp.o
 .ARM.attributes
                0x00000126       0x34 build/stm32l4xx_hal_timebase_tim.o
 .ARM.attributes
                0x0000015a       0x34 build/stm32l4xx_hal_tim.o
 .ARM.attributes
                0x0000018e       0x34 build/stm32l4xx_hal_tim_ex.o
 .ARM.attributes
                0x000001c2       0x34 build/stm32l4xx_hal.o
 .ARM.attributes
                0x000001f6       0x34 build/stm32l4xx_hal_rcc.o
 .ARM.attributes
                0x0000022a       0x34 build/stm32l4xx_hal_pwr_ex.o
 .ARM.attributes
                0x0000025e       0x34 build/stm32l4xx_hal_cortex.o
 .ARM.attributes
                0x00000292       0x34 build/system_stm32l4xx.o
 .ARM.attributes
                0x000002c6       0x34 build/list.o
 .ARM.attributes
                0x000002fa       0x34 build/queue.o
 .ARM.attributes
                0x0000032e       0x34 build/tasks.o
 .ARM.attributes
                0x00000362       0x34 build/timers.o
 .ARM.attributes
                0x00000396       0x34 build/cmsis_os2.o
 .ARM.attributes
                0x000003ca       0x34 build/heap_4.o
 .ARM.attributes
                0x000003fe       0x34 build/port.o
 .ARM.attributes
                0x00000432       0x21 build/startup_stm32l476xx.o
 .ARM.attributes
                0x00000453       0x34 /usr/lib/gcc/arm-none-eabi/15.2.0/../../../../arm-none-eabi/lib/thumb/v7e-m+fp/hard/libc_nano.a(libc_a-memset.o)
 .ARM.attributes
                0x00000487       0x34 /usr/lib/gcc/arm-none-eabi/15.2.0/../../../../arm-none-eabi/lib/thumb/v7e-m+fp/hard/libc_nano.a(libc_a-init.o)
 .ARM.attributes
                0x000004bb       0x34 /usr/lib/gcc/arm-none-eabi/15.2.0/../../../../arm-none-eabi/lib/thumb/v7e-m+fp/hard/libc_nano.a(libc_a-memcpy-stub.o)
 .ARM.attributes
                0x000004ef       0x34 /usr/lib/gcc/arm-none-eabi/15.2.0/thumb/v7e-m+fp/hard/crtend.o
 .ARM.attributes
                0x00000523       0x22 /usr/lib/gcc/arm-none-eabi/15.2.0/thumb/v7e-m+fp/hard/crtn.o

.comment        0x00000000       0x46
 .comment       0x00000000       0x46 /usr/lib/gcc/arm-none-eabi/15.2.0/thumb/v7e-m+fp/hard/crtbegin.o
                                 0x24 (size before relaxing)
 .comment       0x00000046        0x0 build/main.o
                                 0x24 (size before relaxing)
 .comment       0x00000046        0x0 build/freertos.o
                                 0x24 (size before relaxing)
 .comment       0x00000046        0x0 build/stm32l4xx_it.o
                                 0x24 (size before relaxing)
 .comment       0x00000046        0x0 build/stm32l4xx_hal_msp.o
                                 0x24 (size before relaxing)
 .comment       0x00000046        0x0 build/stm32l4xx_hal_timebase_tim.o
                                 0x24 (size before relaxing)
 .comment       0x00000046        0x0 build/stm32l4xx_hal_tim.o
                                 0x24 (size before relaxing)
 .comment       0x00000046        0x0 build/stm32l4xx_hal_tim_ex.o
                                 0x24 (size before relaxing)
 .comment       0x00000046        0x0 build/stm32l4xx_hal.o
                                 0x24 (size before relaxing)
 .comment       0x00000046        0x0 build/stm32l4xx_hal_rcc.o
                                 0x24 (size before relaxing)
 .comment       0x00000046        0x0 build/stm32l4xx_hal_pwr_ex.o
                                 0x24 (size before relaxing)
 .comment       0x00000046        0x0 build/stm32l4xx_hal_cortex.o
                                 0x24 (size before relaxing)
 .comment       0x00000046        0x0 build/system_stm32l4xx.o
                                 0x24 (size before relaxing)
 .comment       0x00000046        0x0 build/list.o
                                 0x24 (size before relaxing)
 .comment       0x00000046        0x0 build/queue.o
                                 0x24 (size before relaxing)
 .comment       0x00000046        0x0 build/tasks.o
                                 0x24 (size before relaxing)
 .comment       0x00000046        0x0 build/timers.o
                                 0x24 (size before relaxing)
 .comment       0x00000046        0x0 build/cmsis_os2.o
                                 0x24 (size before relaxing)
 .comment       0x00000046        0x0 build/heap_4.o
                                 0x24 (size before relaxing)
 .comment       0x00000046        0x0 build/port.o
                                 0x24 (size before relaxing)
 .comment       0x00000046        0x0 /usr/lib/gcc/arm-none-eabi/15.2.0/../../../../arm-none-eabi/lib/thumb/v7e-m+fp/hard/libc_nano.a(libc_a-memset.o)
                                 0x24 (size before relaxing)
 .comment       0x00000046        0x0 /usr/lib/gcc/arm-none-eabi/15.2.0/../../../../arm-none-eabi/lib/thumb/v7e-m+fp/hard/libc_nano.a(libc_a-init.o)
                                 0x24 (size before relaxing)
 .comment       0x00000046        0x0 /usr/lib/gcc/arm-none-eabi/15.2.0/../../../../arm-none-eabi/lib/thumb/v7e-m+fp/hard/libc_nano.a(libc_a-memcpy-stub.o)
                                 0x24 (size before relaxing)
 .comment       0x00000046        0x0 /usr/lib/gcc/arm-none-eabi/15.2.0/thumb/v7e-m+fp/hard/crtend.o
                                 0x24 (size before relaxing)

.debug_info     0x00000000    0x1b495
 .debug_info    0x00000000      0xe9e build/main.o
 .debug_info    0x00000e9e      0x145 build/freertos.o
 .debug_info    0x00000fe3      0x822 build/stm32l4xx_it.o
 .debug_info    0x00001805      0x61a build/stm32l4xx_hal_msp.o
 .debug_info    0x00001e1f      0xed0 build/stm32l4xx_hal_timebase_tim.o
 .debug_info    0x00002cef     0x4416 build/stm32l4xx_hal_tim.o
 .debug_info    0x00007105     0x203a build/stm32l4xx_hal_tim_ex.o
 .debug_info    0x0000913f      0xd4c build/stm32l4xx_hal.o
 .debug_info    0x00009e8b     0x10e1 build/stm32l4xx_hal_rcc.o
 .debug_info    0x0000af6c      0xbf7 build/stm32l4xx_hal_pwr_ex.o
 .debug_info    0x0000bb63     0x11fd build/stm32l4xx_hal_cortex.o
 .debug_info    0x0000cd60      0x69a build/system_stm32l4xx.o
 .debug_info    0x0000d3fa      0x31b build/list.o
 .debug_info    0x0000d715     0x2a30 build/queue.o
 .debug_info    0x00010145     0x3430 build/tasks.o
 .debug_info    0x00013575     0x1d2e build/timers.o
 .debug_info    0x000152a3     0x5289 build/cmsis_os2.o
 .debug_info    0x0001a52c      0x65c build/heap_4.o
 .debug_info    0x0001ab88      0x5c2 build/port.o
 .debug_info    0x0001b14a       0x30 build/startup_stm32l476xx.o
 .debug_info    0x0001b17a       0xe5 /usr/lib/gcc/arm-none-eabi/15.2.0/../../../../arm-none-eabi/lib/thumb/v7e-m+fp/hard/libc_nano.a(libc_a-memset.o)
 .debug_info    0x0001b25f      0x110 /usr/lib/gcc/arm-none-eabi/15.2.0/../../../../arm-none-eabi/lib/thumb/v7e-m+fp/hard/libc_nano.a(libc_a-init.o)
 .debug_info    0x0001b36f      0x126 /usr/lib/gcc/arm-none-eabi/15.2.0/../../../../arm-none-eabi/lib/thumb/v7e-m+fp/hard/libc_nano.a(libc_a-memcpy-stub.o)

.debug_abbrev   0x00000000     0x3574
 .debug_abbrev  0x00000000      0x284 build/main.o
 .debug_abbrev  0x00000284       0xbe build/freertos.o
 .debug_abbrev  0x00000342      0x195 build/stm32l4xx_it.o
 .debug_abbrev  0x000004d7      0x13a build/stm32l4xx_hal_msp.o
 .debug_abbrev  0x00000611      0x245 build/stm32l4xx_hal_timebase_tim.o
 .debug_abbrev  0x00000856      0x2ce build/stm32l4xx_hal_tim.o
 .debug_abbrev  0x00000b24      0x2c8 build/stm32l4xx_hal_tim_ex.o
 .debug_abbrev  0x00000dec      0x295 build/stm32l4xx_hal.o
 .debug_abbrev  0x00001081      0x2ef build/stm32l4xx_hal_rcc.o
 .debug_abbrev  0x00001370      0x244 build/stm32l4xx_hal_pwr_ex.o
 .debug_abbrev  0x000015b4      0x3db build/stm32l4xx_hal_cortex.o
 .debug_abbrev  0x0000198f      0x12c build/system_stm32l4xx.o
 .debug_abbrev  0x00001abb      0x124 build/list.o
 .debug_abbrev  0x00001bdf      0x42e build/queue.o
 .debug_abbrev  0x0000200d      0x430 build/tasks.o
 .debug_abbrev  0x0000243d      0x3d4 build/timers.o
 .debug_abbrev  0x00002811      0x5f2 build/cmsis_os2.o
 .debug_abbrev  0x00002e03      0x26b build/heap_4.o
 .debug_abbrev  0x0000306e      0x2af build/port.o
 .debug_abbrev  0x0000331d       0x1d build/startup_stm32l476xx.o
 .debug_abbrev  0x0000333a       0xa4 /usr/lib/gcc/arm-none-eabi/15.2.0/../../../../arm-none-eabi/lib/thumb/v7e-m+fp/hard/libc_nano.a(libc_a-memset.o)
 .debug_abbrev  0x000033de       0xcf /usr/lib/gcc/arm-none-eabi/15.2.0/../../../../arm-none-eabi/lib/thumb/v7e-m+fp/hard/libc_nano.a(libc_a-init.o)
 .debug_abbrev  0x000034ad       0xc7 /usr/lib/gcc/arm-none-eabi/15.2.0/../../../../arm-none-eabi/lib/thumb/v7e-m+fp/hard/libc_nano.a(libc_a-memcpy-stub.o)

.debug_loc      0x00000000    0x18232
 .debug_loc     0x00000000      0x11f build/main.o
 .debug_loc     0x0000011f       0x20 build/stm32l4xx_it.o
 .debug_loc     0x0000013f       0x38 build/stm32l4xx_hal_msp.o
 .debug_loc     0x00000177      0x142 build/stm32l4xx_hal_timebase_tim.o
 .debug_loc     0x000002b9     0x697d build/stm32l4xx_hal_tim.o
 .debug_loc     0x00006c36     0x29b3 build/stm32l4xx_hal_tim_ex.o
 .debug_loc     0x000095e9      0x2cd build/stm32l4xx_hal.o
 .debug_loc     0x000098b6      0x9bb build/stm32l4xx_hal_rcc.o
 .debug_loc     0x0000a271      0xb00 build/stm32l4xx_hal_pwr_ex.o
 .debug_loc     0x0000ad71      0x896 build/stm32l4xx_hal_cortex.o
 .debug_loc     0x0000b607      0x127 build/system_stm32l4xx.o
 .debug_loc     0x0000b72e      0x122 build/list.o
 .debug_loc     0x0000b850     0x21d4 build/queue.o
 .debug_loc     0x0000da24     0x2b95 build/tasks.o
 .debug_loc     0x000105b9     0x173b build/timers.o
 .debug_loc     0x00011cf4     0x5e6b build/cmsis_os2.o
 .debug_loc     0x00017b5f      0x50d build/heap_4.o
 .debug_loc     0x0001806c      0x1c6 build/port.o

.debug_aranges  0x00000000     0x1350
 .debug_aranges
                0x00000000       0x40 build/main.o
 .debug_aranges
                0x00000040       0x30 build/freertos.o
 .debug_aranges
                0x00000070       0x50 build/stm32l4xx_it.o
 .debug_aranges
                0x000000c0       0x20 build/stm32l4xx_hal_msp.o
 .debug_aranges
                0x000000e0       0x30 build/stm32l4xx_hal_timebase_tim.o
 .debug_aranges
                0x00000110      0x3e0 build/stm32l4xx_hal_tim.o
 .debug_aranges
                0x000004f0      0x180 build/stm32l4xx_hal_tim_ex.o
 .debug_aranges
                0x00000670      0x130 build/stm32l4xx_hal.o
 .debug_aranges
                0x000007a0       0x90 build/stm32l4xx_hal_rcc.o
 .debug_aranges
                0x00000830      0x160 build/stm32l4xx_hal_pwr_ex.o
 .debug_aranges
                0x00000990       0xf0 build/stm32l4xx_hal_cortex.o
 .debug_aranges
                0x00000a80       0x28 build/system_stm32l4xx.o
 .debug_aranges
                0x00000aa8       0x40 build/list.o
 .debug_aranges
                0x00000ae8      0x158 build/queue.o
 .debug_aranges
                0x00000c40      0x208 build/tasks.o
 .debug_aranges
                0x00000e48       0xf0 build/timers.o
 .debug_aranges
                0x00000f38      0x2b8 build/cmsis_os2.o
 .debug_aranges
                0x000011f0       0x58 build/heap_4.o
 .debug_aranges
                0x00001248       0x80 build/port.o
 .debug_aranges
                0x000012c8       0x28 build/startup_stm32l476xx.o
 .debug_aranges
                0x000012f0       0x20 /usr/lib/gcc/arm-none-eabi/15.2.0/../../../../arm-none-eabi/lib/thumb/v7e-m+fp/hard/libc_nano.a(libc_a-memset.o)
 .debug_aranges
                0x00001310       0x20 /usr/lib/gcc/arm-none-eabi/15.2.0/../../../../arm-none-eabi/lib/thumb/v7e-m+fp/hard/libc_nano.a(libc_a-init.o)
 .debug_aranges
                0x00001330       0x20 /usr/lib/gcc/arm-none-eabi/15.2.0/../../../../arm-none-eabi/lib/thumb/v7e-m+fp/hard/libc_nano.a(libc_a-memcpy-stub.o)

.debug_ranges   0x00000000     0x13f8
 .debug_ranges  0x00000000       0x30 build/main.o
 .debug_ranges  0x00000030       0x20 build/freertos.o
 .debug_ranges  0x00000050       0x40 build/stm32l4xx_it.o
 .debug_ranges  0x00000090       0x10 build/stm32l4xx_hal_msp.o
 .debug_ranges  0x000000a0       0x20 build/stm32l4xx_hal_timebase_tim.o
 .debug_ranges  0x000000c0      0x3d0 build/stm32l4xx_hal_tim.o
 .debug_ranges  0x00000490      0x170 build/stm32l4xx_hal_tim_ex.o
 .debug_ranges  0x00000600      0x120 build/stm32l4xx_hal.o
 .debug_ranges  0x00000720       0x98 build/stm32l4xx_hal_rcc.o
 .debug_ranges  0x000007b8      0x150 build/stm32l4xx_hal_pwr_ex.o
 .debug_ranges  0x00000908       0xe0 build/stm32l4xx_hal_cortex.o
 .debug_ranges  0x000009e8       0x18 build/system_stm32l4xx.o
 .debug_ranges  0x00000a00       0x30 build/list.o
 .debug_ranges  0x00000a30      0x218 build/queue.o
 .debug_ranges  0x00000c48      0x338 build/tasks.o
 .debug_ranges  0x00000f80       0xe0 build/timers.o
 .debug_ranges  0x00001060      0x2a8 build/cmsis_os2.o
 .debug_ranges  0x00001308       0x48 build/heap_4.o
 .debug_ranges  0x00001350       0x88 build/port.o
 .debug_ranges  0x000013d8       0x20 build/startup_stm32l476xx.o

.debug_line     0x00000000    0x12acc
 .debug_line    0x00000000      0x35b build/main.o
 .debug_line    0x0000035b      0x144 build/freertos.o
 .debug_line    0x0000049f      0x1fd build/stm32l4xx_it.o
 .debug_line    0x0000069c      0x150 build/stm32l4xx_hal_msp.o
 .debug_line    0x000007ec      0x2a7 build/stm32l4xx_hal_timebase_tim.o
 .debug_line    0x00000a93     0x4f35 build/stm32l4xx_hal_tim.o
 .debug_line    0x000059c8     0x1c79 build/stm32l4xx_hal_tim_ex.o
 .debug_line    0x00007641      0x660 build/stm32l4xx_hal.o
 .debug_line    0x00007ca1      0xf66 build/stm32l4xx_hal_rcc.o
 .debug_line    0x00008c07      0xa96 build/stm32l4xx_hal_pwr_ex.o
 .debug_line    0x0000969d      0x7cc build/stm32l4xx_hal_cortex.o
 .debug_line    0x00009e69      0x27a build/system_stm32l4xx.o
 .debug_line    0x0000a0e3      0x2f5 build/list.o
 .debug_line    0x0000a3d8     0x19f1 build/queue.o
 .debug_line    0x0000bdc9     0x254c build/tasks.o
 .debug_line    0x0000e315      0xc84 build/timers.o
 .debug_line    0x0000ef99     0x2b04 build/cmsis_os2.o
 .debug_line    0x00011a9d      0x6a9 build/heap_4.o
 .debug_line    0x00012146      0x55d build/port.o
 .debug_line    0x000126a3       0x73 build/startup_stm32l476xx.o
 .debug_line    0x00012716      0x130 /usr/lib/gcc/arm-none-eabi/15.2.0/../../../../arm-none-eabi/lib/thumb/v7e-m+fp/hard/libc_nano.a(libc_a-memset.o)
 .debug_line    0x00012846      0x101 /usr/lib/gcc/arm-none-eabi/15.2.0/../../../../arm-none-eabi/lib/thumb/v7e-m+fp/hard/libc_nano.a(libc_a-init.o)
 .debug_line    0x00012947      0x185 /usr/lib/gcc/arm-none-eabi/15.2.0/../../../../arm-none-eabi/lib/thumb/v7e-m+fp/hard/libc_nano.a(libc_a-memcpy-stub.o)

.debug_str      0x00000000     0x6e5b
 .debug_str     0x00000000     0x6e5b build/main.o
                                0xe6f (size before relaxing)
 .debug_str     0x00006e5b        0x0 build/freertos.o
                                0x236 (size before relaxing)
 .debug_str     0x00006e5b        0x0 build/stm32l4xx_it.o
                                0x757 (size before relaxing)
 .debug_str     0x00006e5b        0x0 build/stm32l4xx_hal_msp.o
                                0x828 (size before relaxing)
 .debug_str     0x00006e5b        0x0 build/stm32l4xx_hal_timebase_tim.o
                                0xea9 (size before relaxing)
 .debug_str     0x00006e5b        0x0 build/stm32l4xx_hal_tim.o
                               0x1739 (size before relaxing)
 .debug_str     0x00006e5b        0x0 build/stm32l4xx_hal_tim_ex.o
                               0x104d (size before relaxing)
 .debug_str     0x00006e5b        0x0 build/stm32l4xx_hal.o
                                0xd18 (size before relaxing)
 .debug_str     0x00006e5b        0x0 build/stm32l4xx_hal_rcc.o
                                0x8aa (size before relaxing)
 .debug_str     0x00006e5b        0x0 build/stm32l4xx_hal_pwr_ex.o
                                0x85d (size before relaxing)
 .debug_str     0x00006e5b        0x0 build/stm32l4xx_hal_cortex.o
                                0xc60 (size before relaxing)
 .debug_str     0x00006e5b        0x0 build/system_stm32l4xx.o
                                0x3e7 (size before relaxing)
 .debug_str     0x00006e5b        0x0 build/list.o
                                0x2fd (size before relaxing)
 .debug_str     0x00006e5b        0x0 build/queue.o
                                0xd13 (size before relaxing)
 .debug_str     0x00006e5b        0x0 build/tasks.o
                               0x132b (size before relaxing)
 .debug_str     0x00006e5b        0x0 build/timers.o
                                0xc43 (size before relaxing)
 .debug_str     0x00006e5b        0x0 build/cmsis_os2.o
                               0x222c (size before relaxing)
 .debug_str     0x00006e5b        0x0 build/heap_4.o
                                0x533 (size before relaxing)
 .debug_str     0x00006e5b        0x0 build/port.o
                                0x47d (size before relaxing)
 .debug_str     0x00006e5b        0x0 build/startup_stm32l476xx.o
                                 0x84 (size before relaxing)
 .debug_str     0x00006e5b        0x0 /usr/lib/gcc/arm-none-eabi/15.2.0/../../../../arm-none-eabi/lib/thumb/v7e-m+fp/hard/libc_nano.a(libc_a-memset.o)
                                0x1df (size before relaxing)
 .debug_str     0x00006e5b        0x0 /usr/lib/gcc/arm-none-eabi/15.2.0/../../../../arm-none-eabi/lib/thumb/v7e-m+fp/hard/libc_nano.a(libc_a-init.o)
                                0x240 (size before relaxing)
 .debug_str     0x00006e5b        0x0 /usr/lib/gcc/arm-none-eabi/15.2.0/../../../../arm-none-eabi/lib/thumb/v7e-m+fp/hard/libc_nano.a(libc_a-memcpy-stub.o)
                                0x1fd (size before relaxing)

.debug_frame    0x00000000     0x33b8
 .debug_frame   0x00000000       0x88 build/main.o
 .debug_frame   0x00000088       0x40 build/freertos.o
 .debug_frame   0x000000c8       0x88 build/stm32l4xx_it.o
 .debug_frame   0x00000150       0x2c build/stm32l4xx_hal_msp.o
 .debug_frame   0x0000017c       0x54 build/stm32l4xx_hal_timebase_tim.o
 .debug_frame   0x000001d0      0xaf4 build/stm32l4xx_hal_tim.o
 .debug_frame   0x00000cc4      0x440 build/stm32l4xx_hal_tim_ex.o
 .debug_frame   0x00001104      0x274 build/stm32l4xx_hal.o
 .debug_frame   0x00001378      0x19c build/stm32l4xx_hal_rcc.o
 .debug_frame   0x00001514      0x2b8 build/stm32l4xx_hal_pwr_ex.o
 .debug_frame   0x000017cc      0x204 build/stm32l4xx_hal_cortex.o
 .debug_frame   0x000019d0       0x30 build/system_stm32l4xx.o
 .debug_frame   0x00001a00       0x6c build/list.o
 .debug_frame   0x00001a6c      0x458 build/queue.o
 .debug_frame   0x00001ec4      0x684 build/tasks.o
 .debug_frame   0x00002548      0x300 build/timers.o
 .debug_frame   0x00002848      0x930 build/cmsis_os2.o
 .debug_frame   0x00003178       0xc0 build/heap_4.o
 .debug_frame   0x00003238      0x10c build/port.o
 .debug_frame   0x00003344       0x20 /usr/lib/gcc/arm-none-eabi/15.2.0/../../../../arm-none-eabi/lib/thumb/v7e-m+fp/hard/libc_nano.a(libc_a-memset.o)
 .debug_frame   0x00003364       0x2c /usr/lib/gcc/arm-none-eabi/15.2.0/../../../../arm-none-eabi/lib/thumb/v7e-m+fp/hard/libc_nano.a(libc_a-init.o)
 .debug_frame   0x00003390       0x28 /usr/lib/gcc/arm-none-eabi/15.2.0/../../../../arm-none-eabi/lib/thumb/v7e-m+fp/hard/libc_nano.a(libc_a-memcpy-stub.o)

.debug_loclists
                0x00000000      0x132
 .debug_loclists
                0x00000000       0x4d /usr/lib/gcc/arm-none-eabi/15.2.0/../../../../arm-none-eabi/lib/thumb/v7e-m+fp/hard/libc_nano.a(libc_a-memset.o)
 .debug_loclists
                0x0000004d       0x48 /usr/lib/gcc/arm-none-eabi/15.2.0/../../../../arm-none-eabi/lib/thumb/v7e-m+fp/hard/libc_nano.a(libc_a-init.o)
 .debug_loclists
                0x00000095       0x9d /usr/lib/gcc/arm-none-eabi/15.2.0/../../../../arm-none-eabi/lib/thumb/v7e-m+fp/hard/libc_nano.a(libc_a-memcpy-stub.o)

.debug_rnglists
                0x00000000       0x39
 .debug_rnglists
                0x00000000       0x13 /usr/lib/gcc/arm-none-eabi/15.2.0/../../../../arm-none-eabi/lib/thumb/v7e-m+fp/hard/libc_nano.a(libc_a-memset.o)
 .debug_rnglists
                0x00000013       0x13 /usr/lib/gcc/arm-none-eabi/15.2.0/../../../../arm-none-eabi/lib/thumb/v7e-m+fp/hard/libc_nano.a(libc_a-init.o)
 .debug_rnglists
                0x00000026       0x13 /usr/lib/gcc/arm-none-eabi/15.2.0/../../../../arm-none-eabi/lib/thumb/v7e-m+fp/hard/libc_nano.a(libc_a-memcpy-stub.o)

Cross Reference Table

Symbol                                            File
ADC1_2_IRQHandler                                 build/startup_stm32l476xx.o
ADC3_IRQHandler                                   build/startup_stm32l476xx.o
AHBPrescTable                                     build/system_stm32l4xx.o
                                                  build/stm32l4xx_hal_rcc.o
APBPrescTable                                     build/system_stm32l4xx.o
                                                  build/stm32l4xx_hal_rcc.o
BusFault_Handler                                  build/stm32l4xx_it.o
CAN1_RX0_IRQHandler                               build/startup_stm32l476xx.o
CAN1_RX1_IRQHandler                               build/startup_stm32l476xx.o
CAN1_SCE_IRQHandler                               build/startup_stm32l476xx.o
CAN1_TX_IRQHandler                                build/startup_stm32l476xx.o
COMP_IRQHandler                                   build/startup_stm32l476xx.o
DFSDM1_FLT0_IRQHandler                            build/startup_stm32l476xx.o
DFSDM1_FLT1_IRQHandler                            build/startup_stm32l476xx.o
DFSDM1_FLT2_IRQHandler                            build/startup_stm32l476xx.o
DFSDM1_FLT3_IRQHandler                            build/startup_stm32l476xx.o
DMA1_Channel1_IRQHandler                          build/startup_stm32l476xx.o
DMA1_Channel2_IRQHandler                          build/startup_stm32l476xx.o
DMA1_Channel3_IRQHandler                          build/startup_stm32l476xx.o
DMA1_Channel4_IRQHandler                          build/startup_stm32l476xx.o
DMA1_Channel5_IRQHandler                          build/startup_stm32l476xx.o
DMA1_Channel6_IRQHandler                          build/startup_stm32l476xx.o
DMA1_Channel7_IRQHandler                          build/startup_stm32l476xx.o
DMA2_Channel1_IRQHandler                          build/startup_stm32l476xx.o
DMA2_Channel2_IRQHandler                          build/startup_stm32l476xx.o
DMA2_Channel3_IRQHandler                          build/startup_stm32l476xx.o
DMA2_Channel4_IRQHandler                          build/startup_stm32l476xx.o
DMA2_Channel5_IRQHandler                          build/startup_stm32l476xx.o
DMA2_Channel6_IRQHandler                          build/startup_stm32l476xx.o
DMA2_Channel7_IRQHandler                          build/startup_stm32l476xx.o
DebugMon_Handler                                  build/stm32l4xx_it.o
Default_Handler                                   build/startup_stm32l476xx.o
EXTI0_IRQHandler                                  build/startup_stm32l476xx.o
EXTI15_10_IRQHandler                              build/startup_stm32l476xx.o
EXTI1_IRQHandler                                  build/startup_stm32l476xx.o
EXTI2_IRQHandler                                  build/startup_stm32l476xx.o
EXTI3_IRQHandler                                  build/startup_stm32l476xx.o
EXTI4_IRQHandler                                  build/startup_stm32l476xx.o
EXTI9_5_IRQHandler                                build/startup_stm32l476xx.o
Error_Handler                                     build/main.o
FLASH_FlushCaches                                 build/stm32l4xx_hal_flash_ex.o
                                                  build/stm32l4xx_hal_flash.o
FLASH_IRQHandler                                  build/startup_stm32l476xx.o
FLASH_PageErase                                   build/stm32l4xx_hal_flash_ex.o
                                                  build/stm32l4xx_hal_flash.o
FLASH_WaitForLastOperation                        build/stm32l4xx_hal_flash.o
                                                  build/stm32l4xx_hal_flash_ex.o
FMC_IRQHandler                                    build/startup_stm32l476xx.o
FPU_IRQHandler                                    build/startup_stm32l476xx.o
HAL_DBGMCU_DisableDBGSleepMode                    build/stm32l4xx_hal.o
HAL_DBGMCU_DisableDBGStandbyMode                  build/stm32l4xx_hal.o
HAL_DBGMCU_DisableDBGStopMode                     build/stm32l4xx_hal.o
HAL_DBGMCU_EnableDBGSleepMode                     build/stm32l4xx_hal.o
HAL_DBGMCU_EnableDBGStandbyMode                   build/stm32l4xx_hal.o
HAL_DBGMCU_EnableDBGStopMode                      build/stm32l4xx_hal.o
HAL_DMA_Abort                                     build/stm32l4xx_hal_dma.o
HAL_DMA_Abort_IT                                  build/stm32l4xx_hal_dma.o
                                                  build/stm32l4xx_hal_tim_ex.o
                                                  build/stm32l4xx_hal_tim.o
HAL_DMA_DeInit                                    build/stm32l4xx_hal_dma.o
HAL_DMA_GetError                                  build/stm32l4xx_hal_dma.o
HAL_DMA_GetState                                  build/stm32l4xx_hal_dma.o
HAL_DMA_IRQHandler                                build/stm32l4xx_hal_dma.o
HAL_DMA_Init                                      build/stm32l4xx_hal_dma.o
HAL_DMA_PollForTransfer                           build/stm32l4xx_hal_dma.o
HAL_DMA_RegisterCallback                          build/stm32l4xx_hal_dma.o
HAL_DMA_Start                                     build/stm32l4xx_hal_dma.o
HAL_DMA_Start_IT                                  build/stm32l4xx_hal_dma.o
                                                  build/stm32l4xx_hal_tim_ex.o
                                                  build/stm32l4xx_hal_tim.o
HAL_DMA_UnRegisterCallback                        build/stm32l4xx_hal_dma.o
HAL_DeInit                                        build/stm32l4xx_hal.o
HAL_Delay                                         build/stm32l4xx_hal.o
HAL_EXTI_ClearConfigLine                          build/stm32l4xx_hal_exti.o
HAL_EXTI_ClearPending                             build/stm32l4xx_hal_exti.o
HAL_EXTI_GenerateSWI                              build/stm32l4xx_hal_exti.o
HAL_EXTI_GetConfigLine                            build/stm32l4xx_hal_exti.o
HAL_EXTI_GetHandle                                build/stm32l4xx_hal_exti.o
HAL_EXTI_GetPending                               build/stm32l4xx_hal_exti.o
HAL_EXTI_IRQHandler                               build/stm32l4xx_hal_exti.o
HAL_EXTI_RegisterCallback                         build/stm32l4xx_hal_exti.o
HAL_EXTI_SetConfigLine                            build/stm32l4xx_hal_exti.o
HAL_FLASHEx_DisableRunPowerDown                   build/stm32l4xx_hal_flash_ramfunc.o
HAL_FLASHEx_EnableRunPowerDown                    build/stm32l4xx_hal_flash_ramfunc.o
HAL_FLASHEx_Erase                                 build/stm32l4xx_hal_flash_ex.o
HAL_FLASHEx_Erase_IT                              build/stm32l4xx_hal_flash_ex.o
HAL_FLASHEx_OBGetConfig                           build/stm32l4xx_hal_flash_ex.o
HAL_FLASHEx_OBProgram                             build/stm32l4xx_hal_flash_ex.o
HAL_FLASH_EndOfOperationCallback                  build/stm32l4xx_hal_flash.o
HAL_FLASH_GetError                                build/stm32l4xx_hal_flash.o
HAL_FLASH_IRQHandler                              build/stm32l4xx_hal_flash.o
HAL_FLASH_Lock                                    build/stm32l4xx_hal_flash.o
HAL_FLASH_OB_Launch                               build/stm32l4xx_hal_flash.o
HAL_FLASH_OB_Lock                                 build/stm32l4xx_hal_flash.o
HAL_FLASH_OB_Unlock                               build/stm32l4xx_hal_flash.o
HAL_FLASH_OperationErrorCallback                  build/stm32l4xx_hal_flash.o
HAL_FLASH_Program                                 build/stm32l4xx_hal_flash.o
HAL_FLASH_Program_IT                              build/stm32l4xx_hal_flash.o
HAL_FLASH_Unlock                                  build/stm32l4xx_hal_flash.o
HAL_GPIO_DeInit                                   build/stm32l4xx_hal_gpio.o
HAL_GPIO_EXTI_Callback                            build/stm32l4xx_hal_gpio.o
HAL_GPIO_EXTI_IRQHandler                          build/stm32l4xx_hal_gpio.o
HAL_GPIO_Init                                     build/stm32l4xx_hal_gpio.o
                                                  build/stm32l4xx_hal_rcc_ex.o
                                                  build/stm32l4xx_hal_rcc.o
HAL_GPIO_LockPin                                  build/stm32l4xx_hal_gpio.o
HAL_GPIO_ReadPin                                  build/stm32l4xx_hal_gpio.o
HAL_GPIO_TogglePin                                build/stm32l4xx_hal_gpio.o
HAL_GPIO_WritePin                                 build/stm32l4xx_hal_gpio.o
HAL_GetDEVID                                      build/stm32l4xx_hal.o
HAL_GetHalVersion                                 build/stm32l4xx_hal.o
HAL_GetREVID                                      build/stm32l4xx_hal.o
HAL_GetTick                                       build/stm32l4xx_hal.o
                                                  build/stm32l4xx_hal_dma.o
                                                  build/stm32l4xx_hal_flash.o
                                                  build/stm32l4xx_hal_rcc_ex.o
                                                  build/stm32l4xx_hal_rcc.o
HAL_GetTickFreq                                   build/stm32l4xx_hal.o
HAL_GetTickPrio                                   build/stm32l4xx_hal.o
HAL_GetUIDw0                                      build/stm32l4xx_hal.o
HAL_GetUIDw1                                      build/stm32l4xx_hal.o
HAL_GetUIDw2                                      build/stm32l4xx_hal.o
HAL_IncTick                                       build/stm32l4xx_hal.o
                                                  build/main.o
HAL_Init                                          build/stm32l4xx_hal.o
                                                  build/main.o
HAL_InitTick                                      build/stm32l4xx_hal_timebase_tim.o
                                                  build/stm32l4xx_hal_rcc.o
HAL_MPU_ConfigRegion                              build/stm32l4xx_hal_cortex.o
HAL_MPU_Disable                                   build/stm32l4xx_hal_cortex.o
HAL_MPU_DisableRegion                             build/stm32l4xx_hal_cortex.o
HAL_MPU_Enable                                    build/stm32l4xx_hal_cortex.o
HAL_MPU_EnableRegion                              build/stm32l4xx_hal_cortex.o
HAL_MspDeInit                                     build/stm32l4xx_hal.o
HAL_MspInit                                       build/stm32l4xx_hal_msp.o
HAL_NVIC_ClearPendingIRQ                          build/stm32l4xx_hal_cortex.o
HAL_NVIC_DisableIRQ                               build/stm32l4xx_hal_cortex.o
HAL_NVIC_EnableIRQ                                build/stm32l4xx_hal_cortex.o
                                                  build/stm32l4xx_hal_timebase_tim.o
HAL_NVIC_GetActive                                build/stm32l4xx_hal_cortex.o
HAL_NVIC_GetPendingIRQ                            build/stm32l4xx_hal_cortex.o
HAL_NVIC_GetPriority                              build/stm32l4xx_hal_cortex.o
HAL_NVIC_GetPriorityGrouping                      build/stm32l4xx_hal_cortex.o
HAL_NVIC_SetPendingIRQ                            build/stm32l4xx_hal_cortex.o
HAL_NVIC_SetPriority                              build/stm32l4xx_hal_cortex.o
                                                  build/stm32l4xx_hal.o
                                                  build/stm32l4xx_hal_timebase_tim.o
                                                  build/stm32l4xx_hal_msp.o
HAL_NVIC_SetPriorityGrouping                      build/stm32l4xx_hal_cortex.o
                                                  build/stm32l4xx_hal.o
HAL_NVIC_SystemReset                              build/stm32l4xx_hal_cortex.o
HAL_PWREx_ConfigPVM                               build/stm32l4xx_hal_pwr_ex.o
HAL_PWREx_ControlVoltageScaling                   build/stm32l4xx_hal_pwr_ex.o
                                                  build/main.o
HAL_PWREx_DisableBatteryCharging                  build/stm32l4xx_hal_pwr_ex.o
HAL_PWREx_DisableExtSMPS_0V95                     build/stm32l4xx_hal_pwr_ex.o
HAL_PWREx_DisableGPIOPullDown                     build/stm32l4xx_hal_pwr_ex.o
HAL_PWREx_DisableGPIOPullUp                       build/stm32l4xx_hal_pwr_ex.o
HAL_PWREx_DisableInternalWakeUpLine               build/stm32l4xx_hal_pwr_ex.o
HAL_PWREx_DisableLowPowerRunMode                  build/stm32l4xx_hal_pwr_ex.o
                                                  build/stm32l4xx_hal_pwr.o
HAL_PWREx_DisablePVM1                             build/stm32l4xx_hal_pwr_ex.o
HAL_PWREx_DisablePVM2                             build/stm32l4xx_hal_pwr_ex.o
HAL_PWREx_DisablePVM3                             build/stm32l4xx_hal_pwr_ex.o
HAL_PWREx_DisablePVM4                             build/stm32l4xx_hal_pwr_ex.o
HAL_PWREx_DisablePullUpPullDownConfig             build/stm32l4xx_hal_pwr_ex.o
HAL_PWREx_DisableSRAM2ContentRetention            build/stm32l4xx_hal_pwr_ex.o
HAL_PWREx_DisableVddIO2                           build/stm32l4xx_hal_pwr_ex.o
HAL_PWREx_DisableVddUSB                           build/stm32l4xx_hal_pwr_ex.o
HAL_PWREx_EnableBatteryCharging                   build/stm32l4xx_hal_pwr_ex.o
HAL_PWREx_EnableExtSMPS_0V95                      build/stm32l4xx_hal_pwr_ex.o
HAL_PWREx_EnableGPIOPullDown                      build/stm32l4xx_hal_pwr_ex.o
HAL_PWREx_EnableGPIOPullUp                        build/stm32l4xx_hal_pwr_ex.o
HAL_PWREx_EnableInternalWakeUpLine                build/stm32l4xx_hal_pwr_ex.o
HAL_PWREx_EnableLowPowerRunMode                   build/stm32l4xx_hal_pwr_ex.o
                                                  build/stm32l4xx_hal_pwr.o
HAL_PWREx_EnablePVM1                              build/stm32l4xx_hal_pwr_ex.o
HAL_PWREx_EnablePVM2                              build/stm32l4xx_hal_pwr_ex.o
HAL_PWREx_EnablePVM3                              build/stm32l4xx_hal_pwr_ex.o
HAL_PWREx_EnablePVM4                              build/stm32l4xx_hal_pwr_ex.o
HAL_PWREx_EnablePullUpPullDownConfig              build/stm32l4xx_hal_pwr_ex.o
HAL_PWREx_EnableSRAM2ContentRetention             build/stm32l4xx_hal_pwr_ex.o
HAL_PWREx_EnableVddIO2                            build/stm32l4xx_hal_pwr_ex.o
HAL_PWREx_EnableVddUSB                            build/stm32l4xx_hal_pwr_ex.o
HAL_PWREx_EnterSHUTDOWNMode                       build/stm32l4xx_hal_pwr_ex.o
HAL_PWREx_EnterSTOP0Mode                          build/stm32l4xx_hal_pwr_ex.o
                                                  build/stm32l4xx_hal_pwr.o
HAL_PWREx_EnterSTOP1Mode                          build/stm32l4xx_hal_pwr_ex.o
                                                  build/stm32l4xx_hal_pwr.o
HAL_PWREx_EnterSTOP2Mode                          build/stm32l4xx_hal_pwr_ex.o
HAL_PWREx_GetVoltageRange                         build/stm32l4xx_hal_pwr_ex.o
                                                  build/stm32l4xx_hal_rcc.o
HAL_PWREx_PVD_PVM_IRQHandler                      build/stm32l4xx_hal_pwr_ex.o
HAL_PWREx_PVM1Callback                            build/stm32l4xx_hal_pwr_ex.o
HAL_PWREx_PVM2Callback                            build/stm32l4xx_hal_pwr_ex.o
HAL_PWREx_PVM3Callback                            build/stm32l4xx_hal_pwr_ex.o
HAL_PWREx_PVM4Callback                            build/stm32l4xx_hal_pwr_ex.o
HAL_PWREx_SetSRAM2ContentRetention                build/stm32l4xx_hal_pwr_ex.o
HAL_PWR_ConfigPVD                                 build/stm32l4xx_hal_pwr.o
HAL_PWR_DeInit                                    build/stm32l4xx_hal_pwr.o
HAL_PWR_DisableBkUpAccess                         build/stm32l4xx_hal_pwr.o
                                                  build/stm32l4xx_hal_rcc_ex.o
HAL_PWR_DisablePVD                                build/stm32l4xx_hal_pwr.o
HAL_PWR_DisableSEVOnPend                          build/stm32l4xx_hal_pwr.o
HAL_PWR_DisableSleepOnExit                        build/stm32l4xx_hal_pwr.o
HAL_PWR_DisableWakeUpPin                          build/stm32l4xx_hal_pwr.o
HAL_PWR_EnableBkUpAccess                          build/stm32l4xx_hal_pwr.o
                                                  build/stm32l4xx_hal_rcc_ex.o
HAL_PWR_EnablePVD                                 build/stm32l4xx_hal_pwr.o
HAL_PWR_EnableSEVOnPend                           build/stm32l4xx_hal_pwr.o
HAL_PWR_EnableSleepOnExit                         build/stm32l4xx_hal_pwr.o
HAL_PWR_EnableWakeUpPin                           build/stm32l4xx_hal_pwr.o
HAL_PWR_EnterSLEEPMode                            build/stm32l4xx_hal_pwr.o
HAL_PWR_EnterSTANDBYMode                          build/stm32l4xx_hal_pwr.o
HAL_PWR_EnterSTOPMode                             build/stm32l4xx_hal_pwr.o
HAL_PWR_PVDCallback                               build/stm32l4xx_hal_pwr.o
                                                  build/stm32l4xx_hal_pwr_ex.o
HAL_RCCEx_DisableLSCO                             build/stm32l4xx_hal_rcc_ex.o
HAL_RCCEx_DisableLSECSS                           build/stm32l4xx_hal_rcc_ex.o
HAL_RCCEx_DisableMSIPLLMode                       build/stm32l4xx_hal_rcc_ex.o
HAL_RCCEx_DisablePLLSAI1                          build/stm32l4xx_hal_rcc_ex.o
HAL_RCCEx_DisablePLLSAI2                          build/stm32l4xx_hal_rcc_ex.o
HAL_RCCEx_EnableLSCO                              build/stm32l4xx_hal_rcc_ex.o
HAL_RCCEx_EnableLSECSS                            build/stm32l4xx_hal_rcc_ex.o
HAL_RCCEx_EnableLSECSS_IT                         build/stm32l4xx_hal_rcc_ex.o
HAL_RCCEx_EnableMSIPLLMode                        build/stm32l4xx_hal_rcc_ex.o
HAL_RCCEx_EnablePLLSAI1                           build/stm32l4xx_hal_rcc_ex.o
HAL_RCCEx_EnablePLLSAI2                           build/stm32l4xx_hal_rcc_ex.o
HAL_RCCEx_GetPeriphCLKConfig                      build/stm32l4xx_hal_rcc_ex.o
HAL_RCCEx_GetPeriphCLKFreq                        build/stm32l4xx_hal_rcc_ex.o
HAL_RCCEx_LSECSS_Callback                         build/stm32l4xx_hal_rcc_ex.o
HAL_RCCEx_LSECSS_IRQHandler                       build/stm32l4xx_hal_rcc_ex.o
HAL_RCCEx_PeriphCLKConfig                         build/stm32l4xx_hal_rcc_ex.o
HAL_RCCEx_StandbyMSIRangeConfig                   build/stm32l4xx_hal_rcc_ex.o
HAL_RCCEx_WakeUpStopCLKConfig                     build/stm32l4xx_hal_rcc_ex.o
HAL_RCC_CSSCallback                               build/stm32l4xx_hal_rcc.o
HAL_RCC_ClockConfig                               build/stm32l4xx_hal_rcc.o
                                                  build/main.o
HAL_RCC_DeInit                                    build/stm32l4xx_hal_rcc.o
HAL_RCC_EnableCSS                                 build/stm32l4xx_hal_rcc.o
HAL_RCC_GetClockConfig                            build/stm32l4xx_hal_rcc.o
                                                  build/stm32l4xx_hal_timebase_tim.o
HAL_RCC_GetHCLKFreq                               build/stm32l4xx_hal_rcc.o
HAL_RCC_GetOscConfig                              build/stm32l4xx_hal_rcc.o
HAL_RCC_GetPCLK1Freq                              build/stm32l4xx_hal_rcc.o
                                                  build/stm32l4xx_hal_rcc_ex.o
                                                  build/stm32l4xx_hal_timebase_tim.o
HAL_RCC_GetPCLK2Freq                              build/stm32l4xx_hal_rcc.o
                                                  build/stm32l4xx_hal_rcc_ex.o
HAL_RCC_GetResetSource                            build/stm32l4xx_hal_rcc.o
HAL_RCC_GetSysClockFreq                           build/stm32l4xx_hal_rcc.o
                                                  build/stm32l4xx_hal_rcc_ex.o
HAL_RCC_MCOConfig                                 build/stm32l4xx_hal_rcc.o
HAL_RCC_NMI_IRQHandler                            build/stm32l4xx_hal_rcc.o
HAL_RCC_OscConfig                                 build/stm32l4xx_hal_rcc.o
                                                  build/main.o
HAL_ResumeTick                                    build/stm32l4xx_hal_timebase_tim.o
HAL_SYSCFG_DisableIOAnalogSwitchBooster           build/stm32l4xx_hal.o
HAL_SYSCFG_DisableMemorySwappingBank              build/stm32l4xx_hal.o
HAL_SYSCFG_DisableVREFBUF                         build/stm32l4xx_hal.o
HAL_SYSCFG_EnableIOAnalogSwitchBooster            build/stm32l4xx_hal.o
HAL_SYSCFG_EnableMemorySwappingBank               build/stm32l4xx_hal.o
HAL_SYSCFG_EnableVREFBUF                          build/stm32l4xx_hal.o
HAL_SYSCFG_SRAM2Erase                             build/stm32l4xx_hal.o
HAL_SYSCFG_VREFBUF_HighImpedanceConfig            build/stm32l4xx_hal.o
HAL_SYSCFG_VREFBUF_TrimmingConfig                 build/stm32l4xx_hal.o
HAL_SYSCFG_VREFBUF_VoltageScalingConfig           build/stm32l4xx_hal.o
HAL_SYSTICK_CLKSourceConfig                       build/stm32l4xx_hal_cortex.o
HAL_SYSTICK_Callback                              build/stm32l4xx_hal_cortex.o
HAL_SYSTICK_Config                                build/stm32l4xx_hal_cortex.o
                                                  build/stm32l4xx_hal.o
HAL_SYSTICK_IRQHandler                            build/stm32l4xx_hal_cortex.o
HAL_SetTickFreq                                   build/stm32l4xx_hal.o
HAL_SuspendTick                                   build/stm32l4xx_hal_timebase_tim.o
HAL_TIMEx_Break2Callback                          build/stm32l4xx_hal_tim_ex.o
                                                  build/stm32l4xx_hal_tim.o
HAL_TIMEx_BreakCallback                           build/stm32l4xx_hal_tim_ex.o
                                                  build/stm32l4xx_hal_tim.o
HAL_TIMEx_CommutCallback                          build/stm32l4xx_hal_tim_ex.o
                                                  build/stm32l4xx_hal_tim.o
HAL_TIMEx_CommutHalfCpltCallback                  build/stm32l4xx_hal_tim_ex.o
HAL_TIMEx_ConfigBreakDeadTime                     build/stm32l4xx_hal_tim_ex.o
HAL_TIMEx_ConfigBreakInput                        build/stm32l4xx_hal_tim_ex.o
HAL_TIMEx_ConfigCommutEvent                       build/stm32l4xx_hal_tim_ex.o
HAL_TIMEx_ConfigCommutEvent_DMA                   build/stm32l4xx_hal_tim_ex.o
HAL_TIMEx_ConfigCommutEvent_IT                    build/stm32l4xx_hal_tim_ex.o
HAL_TIMEx_GetChannelNState                        build/stm32l4xx_hal_tim_ex.o
HAL_TIMEx_GroupChannel5                           build/stm32l4xx_hal_tim_ex.o
HAL_TIMEx_HallSensor_DeInit                       build/stm32l4xx_hal_tim_ex.o
HAL_TIMEx_HallSensor_GetState                     build/stm32l4xx_hal_tim_ex.o
HAL_TIMEx_HallSensor_Init                         build/stm32l4xx_hal_tim_ex.o
HAL_TIMEx_HallSensor_MspDeInit                    build/stm32l4xx_hal_tim_ex.o
HAL_TIMEx_HallSensor_MspInit                      build/stm32l4xx_hal_tim_ex.o
HAL_TIMEx_HallSensor_Start                        build/stm32l4xx_hal_tim_ex.o
HAL_TIMEx_HallSensor_Start_DMA                    build/stm32l4xx_hal_tim_ex.o
HAL_TIMEx_HallSensor_Start_IT                     build/stm32l4xx_hal_tim_ex.o
HAL_TIMEx_HallSensor_Stop                         build/stm32l4xx_hal_tim_ex.o
HAL_TIMEx_HallSensor_Stop_DMA                     build/stm32l4xx_hal_tim_ex.o
HAL_TIMEx_HallSensor_Stop_IT                      build/stm32l4xx_hal_tim_ex.o
HAL_TIMEx_MasterConfigSynchronization             build/stm32l4xx_hal_tim_ex.o
HAL_TIMEx_OCN_Start                               build/stm32l4xx_hal_tim_ex.o
HAL_TIMEx_OCN_Start_DMA                           build/stm32l4xx_hal_tim_ex.o
HAL_TIMEx_OCN_Start_IT                            build/stm32l4xx_hal_tim_ex.o
HAL_TIMEx_OCN_Stop                                build/stm32l4xx_hal_tim_ex.o
HAL_TIMEx_OCN_Stop_DMA                            build/stm32l4xx_hal_tim_ex.o
HAL_TIMEx_OCN_Stop_IT                             build/stm32l4xx_hal_tim_ex.o
HAL_TIMEx_OnePulseN_Start                         build/stm32l4xx_hal_tim_ex.o
HAL_TIMEx_OnePulseN_Start_IT                      build/stm32l4xx_hal_tim_ex.o
HAL_TIMEx_OnePulseN_Stop                          build/stm32l4xx_hal_tim_ex.o
HAL_TIMEx_OnePulseN_Stop_IT                       build/stm32l4xx_hal_tim_ex.o
HAL_TIMEx_PWMN_Start                              build/stm32l4xx_hal_tim_ex.o
HAL_TIMEx_PWMN_Start_DMA                          build/stm32l4xx_hal_tim_ex.o
HAL_TIMEx_PWMN_Start_IT                           build/stm32l4xx_hal_tim_ex.o
HAL_TIMEx_PWMN_Stop                               build/stm32l4xx_hal_tim_ex.o
HAL_TIMEx_PWMN_Stop_DMA                           build/stm32l4xx_hal_tim_ex.o
HAL_TIMEx_PWMN_Stop_IT                            build/stm32l4xx_hal_tim_ex.o
HAL_TIMEx_RemapConfig                             build/stm32l4xx_hal_tim_ex.o
HAL_TIM_Base_DeInit                               build/stm32l4xx_hal_tim.o
HAL_TIM_Base_GetState                             build/stm32l4xx_hal_tim.o
HAL_TIM_Base_Init                                 build/stm32l4xx_hal_tim.o
                                                  build/stm32l4xx_hal_timebase_tim.o
HAL_TIM_Base_MspDeInit                            build/stm32l4xx_hal_tim.o
HAL_TIM_Base_MspInit                              build/stm32l4xx_hal_tim.o
HAL_TIM_Base_Start                                build/stm32l4xx_hal_tim.o
HAL_TIM_Base_Start_DMA                            build/stm32l4xx_hal_tim.o
HAL_TIM_Base_Start_IT                             build/stm32l4xx_hal_tim.o
                                                  build/stm32l4xx_hal_timebase_tim.o
HAL_TIM_Base_Stop                                 build/stm32l4xx_hal_tim.o
HAL_TIM_Base_Stop_DMA                             build/stm32l4xx_hal_tim.o
HAL_TIM_Base_Stop_IT                              build/stm32l4xx_hal_tim.o
HAL_TIM_ConfigClockSource                         build/stm32l4xx_hal_tim.o
HAL_TIM_ConfigOCrefClear                          build/stm32l4xx_hal_tim.o
HAL_TIM_ConfigTI1Input                            build/stm32l4xx_hal_tim.o
HAL_TIM_DMABurstState                             build/stm32l4xx_hal_tim.o
HAL_TIM_DMABurst_MultiReadStart                   build/stm32l4xx_hal_tim.o
HAL_TIM_DMABurst_MultiWriteStart                  build/stm32l4xx_hal_tim.o
HAL_TIM_DMABurst_ReadStart                        build/stm32l4xx_hal_tim.o
HAL_TIM_DMABurst_ReadStop                         build/stm32l4xx_hal_tim.o
HAL_TIM_DMABurst_WriteStart                       build/stm32l4xx_hal_tim.o
HAL_TIM_DMABurst_WriteStop                        build/stm32l4xx_hal_tim.o
HAL_TIM_Encoder_DeInit                            build/stm32l4xx_hal_tim.o
HAL_TIM_Encoder_GetState                          build/stm32l4xx_hal_tim.o
HAL_TIM_Encoder_Init                              build/stm32l4xx_hal_tim.o
HAL_TIM_Encoder_MspDeInit                         build/stm32l4xx_hal_tim.o
HAL_TIM_Encoder_MspInit                           build/stm32l4xx_hal_tim.o
HAL_TIM_Encoder_Start                             build/stm32l4xx_hal_tim.o
HAL_TIM_Encoder_Start_DMA                         build/stm32l4xx_hal_tim.o
HAL_TIM_Encoder_Start_IT                          build/stm32l4xx_hal_tim.o
HAL_TIM_Encoder_Stop                              build/stm32l4xx_hal_tim.o
HAL_TIM_Encoder_Stop_DMA                          build/stm32l4xx_hal_tim.o
HAL_TIM_Encoder_Stop_IT                           build/stm32l4xx_hal_tim.o
HAL_TIM_ErrorCallback                             build/stm32l4xx_hal_tim.o
                                                  build/stm32l4xx_hal_tim_ex.o
HAL_TIM_GenerateEvent                             build/stm32l4xx_hal_tim.o
HAL_TIM_GetActiveChannel                          build/stm32l4xx_hal_tim.o
HAL_TIM_GetChannelState                           build/stm32l4xx_hal_tim.o
HAL_TIM_IC_CaptureCallback                        build/stm32l4xx_hal_tim.o
HAL_TIM_IC_CaptureHalfCpltCallback                build/stm32l4xx_hal_tim.o
HAL_TIM_IC_ConfigChannel                          build/stm32l4xx_hal_tim.o
HAL_TIM_IC_DeInit                                 build/stm32l4xx_hal_tim.o
HAL_TIM_IC_GetState                               build/stm32l4xx_hal_tim.o
HAL_TIM_IC_Init                                   build/stm32l4xx_hal_tim.o
HAL_TIM_IC_MspDeInit                              build/stm32l4xx_hal_tim.o
HAL_TIM_IC_MspInit                                build/stm32l4xx_hal_tim.o
HAL_TIM_IC_Start                                  build/stm32l4xx_hal_tim.o
HAL_TIM_IC_Start_DMA                              build/stm32l4xx_hal_tim.o
HAL_TIM_IC_Start_IT                               build/stm32l4xx_hal_tim.o
HAL_TIM_IC_Stop                                   build/stm32l4xx_hal_tim.o
HAL_TIM_IC_Stop_DMA                               build/stm32l4xx_hal_tim.o
HAL_TIM_IC_Stop_IT                                build/stm32l4xx_hal_tim.o
HAL_TIM_IRQHandler                                build/stm32l4xx_hal_tim.o
                                                  build/stm32l4xx_it.o
HAL_TIM_OC_ConfigChannel                          build/stm32l4xx_hal_tim.o
HAL_TIM_OC_DeInit                                 build/stm32l4xx_hal_tim.o
HAL_TIM_OC_DelayElapsedCallback                   build/stm32l4xx_hal_tim.o
HAL_TIM_OC_GetState                               build/stm32l4xx_hal_tim.o
HAL_TIM_OC_Init                                   build/stm32l4xx_hal_tim.o
HAL_TIM_OC_MspDeInit                              build/stm32l4xx_hal_tim.o
HAL_TIM_OC_MspInit                                build/stm32l4xx_hal_tim.o
HAL_TIM_OC_Start                                  build/stm32l4xx_hal_tim.o
HAL_TIM_OC_Start_DMA                              build/stm32l4xx_hal_tim.o
HAL_TIM_OC_Start_IT                               build/stm32l4xx_hal_tim.o
HAL_TIM_OC_Stop                                   build/stm32l4xx_hal_tim.o
HAL_TIM_OC_Stop_DMA                               build/stm32l4xx_hal_tim.o
HAL_TIM_OC_Stop_IT                                build/stm32l4xx_hal_tim.o
HAL_TIM_OnePulse_ConfigChannel                    build/stm32l4xx_hal_tim.o
HAL_TIM_OnePulse_DeInit                           build/stm32l4xx_hal_tim.o
HAL_TIM_OnePulse_GetState                         build/stm32l4xx_hal_tim.o
HAL_TIM_OnePulse_Init                             build/stm32l4xx_hal_tim.o
HAL_TIM_OnePulse_MspDeInit                        build/stm32l4xx_hal_tim.o
HAL_TIM_OnePulse_MspInit                          build/stm32l4xx_hal_tim.o
HAL_TIM_OnePulse_Start                            build/stm32l4xx_hal_tim.o
HAL_TIM_OnePulse_Start_IT                         build/stm32l4xx_hal_tim.o
HAL_TIM_OnePulse_Stop                             build/stm32l4xx_hal_tim.o
HAL_TIM_OnePulse_Stop_IT                          build/stm32l4xx_hal_tim.o
HAL_TIM_PWM_ConfigChannel                         build/stm32l4xx_hal_tim.o
HAL_TIM_PWM_DeInit                                build/stm32l4xx_hal_tim.o
HAL_TIM_PWM_GetState                              build/stm32l4xx_hal_tim.o
HAL_TIM_PWM_Init                                  build/stm32l4xx_hal_tim.o
HAL_TIM_PWM_MspDeInit                             build/stm32l4xx_hal_tim.o
HAL_TIM_PWM_MspInit                               build/stm32l4xx_hal_tim.o
HAL_TIM_PWM_PulseFinishedCallback                 build/stm32l4xx_hal_tim.o
                                                  build/stm32l4xx_hal_tim_ex.o
HAL_TIM_PWM_PulseFinishedHalfCpltCallback         build/stm32l4xx_hal_tim.o
HAL_TIM_PWM_Start                                 build/stm32l4xx_hal_tim.o
HAL_TIM_PWM_Start_DMA                             build/stm32l4xx_hal_tim.o
HAL_TIM_PWM_Start_IT                              build/stm32l4xx_hal_tim.o
HAL_TIM_PWM_Stop                                  build/stm32l4xx_hal_tim.o
HAL_TIM_PWM_Stop_DMA                              build/stm32l4xx_hal_tim.o
HAL_TIM_PWM_Stop_IT                               build/stm32l4xx_hal_tim.o
HAL_TIM_PeriodElapsedCallback                     build/main.o
HAL_TIM_PeriodElapsedHalfCpltCallback             build/stm32l4xx_hal_tim.o
HAL_TIM_ReadCapturedValue                         build/stm32l4xx_hal_tim.o
HAL_TIM_SlaveConfigSynchro                        build/stm32l4xx_hal_tim.o
HAL_TIM_SlaveConfigSynchro_IT                     build/stm32l4xx_hal_tim.o
HAL_TIM_TriggerCallback                           build/stm32l4xx_hal_tim.o
HAL_TIM_TriggerHalfCpltCallback                   build/stm32l4xx_hal_tim.o
HardFault_Handler                                 build/stm32l4xx_it.o
I2C1_ER_IRQHandler                                build/startup_stm32l476xx.o
I2C1_EV_IRQHandler                                build/startup_stm32l476xx.o
I2C2_ER_IRQHandler                                build/startup_stm32l476xx.o
I2C2_EV_IRQHandler                                build/startup_stm32l476xx.o
I2C3_ER_IRQHandler                                build/startup_stm32l476xx.o
I2C3_EV_IRQHandler                                build/startup_stm32l476xx.o
LCD_IRQHandler                                    build/startup_stm32l476xx.o
LPTIM1_IRQHandler                                 build/startup_stm32l476xx.o
LPTIM2_IRQHandler                                 build/startup_stm32l476xx.o
LPUART1_IRQHandler                                build/startup_stm32l476xx.o
MSIRangeTable                                     build/system_stm32l4xx.o
                                                  build/stm32l4xx_hal_rcc_ex.o
                                                  build/stm32l4xx_hal_rcc.o
MemManage_Handler                                 build/stm32l4xx_it.o
NMI_Handler                                       build/stm32l4xx_it.o
OTG_FS_IRQHandler                                 build/startup_stm32l476xx.o
PVD_PVM_IRQHandler                                build/startup_stm32l476xx.o
PendSV_Handler                                    build/port.o
QUADSPI_IRQHandler                                build/startup_stm32l476xx.o
RCC_IRQHandler                                    build/startup_stm32l476xx.o
RNG_IRQHandler                                    build/startup_stm32l476xx.o
RTC_Alarm_IRQHandler                              build/startup_stm32l476xx.o
RTC_WKUP_IRQHandler                               build/startup_stm32l476xx.o
Reset_Handler                                     build/startup_stm32l476xx.o
SAI1_IRQHandler                                   build/startup_stm32l476xx.o
SAI2_IRQHandler                                   build/startup_stm32l476xx.o
SDMMC1_IRQHandler                                 build/startup_stm32l476xx.o
SPI1_IRQHandler                                   build/startup_stm32l476xx.o
SPI2_IRQHandler                                   build/startup_stm32l476xx.o
SPI3_IRQHandler                                   build/startup_stm32l476xx.o
SVC_Handler                                       build/port.o
SWPMI1_IRQHandler                                 build/startup_stm32l476xx.o
StartDefaultTask                                  build/main.o
SysTick_Handler                                   build/cmsis_os2.o
SystemClock_Config                                build/main.o
SystemCoreClock                                   build/system_stm32l4xx.o
                                                  build/port.o
                                                  build/cmsis_os2.o
                                                  build/stm32l4xx_hal_pwr_ex.o
                                                  build/stm32l4xx_hal_rcc.o
                                                  build/stm32l4xx_hal.o
SystemCoreClockUpdate                             build/system_stm32l4xx.o
SystemInit                                        build/system_stm32l4xx.o
                                                  build/startup_stm32l476xx.o
TAMP_STAMP_IRQHandler                             build/startup_stm32l476xx.o
TIM1_BRK_TIM15_IRQHandler                         build/startup_stm32l476xx.o
TIM1_CC_IRQHandler                                build/startup_stm32l476xx.o
TIM1_TRG_COM_TIM17_IRQHandler                     build/startup_stm32l476xx.o
TIM1_UP_TIM16_IRQHandler                          build/startup_stm32l476xx.o
TIM2_IRQHandler                                   build/startup_stm32l476xx.o
TIM3_IRQHandler                                   build/startup_stm32l476xx.o
TIM4_IRQHandler                                   build/startup_stm32l476xx.o
TIM5_IRQHandler                                   build/startup_stm32l476xx.o
TIM6_DAC_IRQHandler                               build/stm32l4xx_it.o
TIM7_IRQHandler                                   build/startup_stm32l476xx.o
TIM8_BRK_IRQHandler                               build/startup_stm32l476xx.o
TIM8_CC_IRQHandler                                build/startup_stm32l476xx.o